
===========================================================================
 report_power
============================================================================
======================= Fastest Corner ===================================

Group                  Internal  Switching    Leakage      Total
                          Power      Power      Power      Power (Watts)
----------------------------------------------------------------
Sequential             5.07e-03   1.66e-03   3.89e-06   6.73e-03   6.9%
Combinational          3.18e-02   5.83e-02   1.61e-07   9.01e-02  93.1%
Macro                  0.00e+00   0.00e+00   0.00e+00   0.00e+00   0.0%
Pad                    0.00e+00   0.00e+00   0.00e+00   0.00e+00   0.0%
----------------------------------------------------------------
Total                  3.69e-02   6.00e-02   4.05e-06   9.69e-02 100.0%
                          38.1%      61.9%       0.0%

======================= Slowest Corner ===================================

Group                  Internal  Switching    Leakage      Total
                          Power      Power      Power      Power (Watts)
----------------------------------------------------------------
Sequential             3.34e-03   1.11e-03   1.55e-05   4.47e-03   6.8%
Combinational          2.24e-02   3.90e-02   7.03e-05   6.14e-02  93.2%
Macro                  0.00e+00   0.00e+00   0.00e+00   0.00e+00   0.0%
Pad                    0.00e+00   0.00e+00   0.00e+00   0.00e+00   0.0%
----------------------------------------------------------------
Total                  2.57e-02   4.01e-02   8.58e-05   6.59e-02 100.0%
                          39.0%      60.9%       0.1%

======================= Typical Corner ===================================

Group                  Internal  Switching    Leakage      Total
                          Power      Power      Power      Power (Watts)
----------------------------------------------------------------
Sequential             4.33e-03   1.41e-03   3.89e-06   5.75e-03   6.9%
Combinational          2.85e-02   4.95e-02   8.07e-08   7.80e-02  93.1%
Macro                  0.00e+00   0.00e+00   0.00e+00   0.00e+00   0.0%
Pad                    0.00e+00   0.00e+00   0.00e+00   0.00e+00   0.0%
----------------------------------------------------------------
Total                  3.28e-02   5.09e-02   3.97e-06   8.38e-02 100.0%
                          39.2%      60.8%       0.0%

