
===========================================================================
report_checks -unconstrained
===========================================================================
======================= Typical Corner ===================================

Startpoint: rst_n (input port clocked by clk)
Endpoint: _43298_ (recovery check against rising-edge clock clk)
Path Group: asynchronous
Path Type: max

Fanout     Cap    Slew   Delay    Time   Description
-----------------------------------------------------------------------------
                          0.00    0.00   clock clk (rise edge)
                          0.00    0.00   clock network delay (propagated)
                          2.00    2.00 ^ input external delay
                  0.02    0.01    2.01 ^ rst_n (in)
     1    0.00                           rst_n (net)
                  0.02    0.00    2.01 ^ hold55/A (sky130_fd_sc_hd__dlygate4sd3_1)
                  0.06    0.56    2.57 ^ hold55/X (sky130_fd_sc_hd__dlygate4sd3_1)
     1    0.00                           net535 (net)
                  0.06    0.00    2.57 ^ input197/A (sky130_fd_sc_hd__buf_1)
                  0.23    0.22    2.79 ^ input197/X (sky130_fd_sc_hd__buf_1)
     1    0.02                           net197 (net)
                  0.23    0.00    2.79 ^ fanout479/A (sky130_fd_sc_hd__buf_8)
                  0.28    0.30    3.09 ^ fanout479/X (sky130_fd_sc_hd__buf_8)
     6    0.17                           net479 (net)
                  0.29    0.05    3.14 ^ fanout415/A (sky130_fd_sc_hd__buf_4)
                  0.27    0.35    3.50 ^ fanout415/X (sky130_fd_sc_hd__buf_4)
     5    0.10                           net415 (net)
                  0.27    0.02    3.51 ^ fanout384/A (sky130_fd_sc_hd__buf_6)
                  0.23    0.28    3.79 ^ fanout384/X (sky130_fd_sc_hd__buf_6)
     7    0.11                           net384 (net)
                  0.23    0.00    3.80 ^ fanout383/A (sky130_fd_sc_hd__buf_2)
                  0.25    0.32    4.12 ^ fanout383/X (sky130_fd_sc_hd__buf_2)
     5    0.05                           net383 (net)
                  0.25    0.00    4.12 ^ fanout382/A (sky130_fd_sc_hd__buf_2)
                  0.26    0.34    4.46 ^ fanout382/X (sky130_fd_sc_hd__buf_2)
     5    0.05                           net382 (net)
                  0.26    0.00    4.46 ^ fanout381/A (sky130_fd_sc_hd__buf_2)
                  0.17    0.27    4.73 ^ fanout381/X (sky130_fd_sc_hd__buf_2)
     6    0.03                           net381 (net)
                  0.17    0.00    4.73 ^ fanout380/A (sky130_fd_sc_hd__buf_2)
                  0.17    0.25    4.98 ^ fanout380/X (sky130_fd_sc_hd__buf_2)
     6    0.03                           net380 (net)
                  0.17    0.00    4.99 ^ fanout378/A (sky130_fd_sc_hd__clkbuf_4)
                  0.15    0.27    5.25 ^ fanout378/X (sky130_fd_sc_hd__clkbuf_4)
    10    0.05                           net378 (net)
                  0.15    0.00    5.25 ^ _43298_/RESET_B (sky130_fd_sc_hd__dfrtp_2)
                                  5.25   data arrival time

                         10.00   10.00   clock clk (rise edge)
                          0.00   10.00   clock source latency
                  0.40    0.27   10.27 ^ clk (in)
     2    0.09                           clk (net)
                  0.40    0.00   10.27 ^ clkbuf_0_clk/A (sky130_fd_sc_hd__clkbuf_16)
                  0.19    0.32   10.58 ^ clkbuf_0_clk/X (sky130_fd_sc_hd__clkbuf_16)
     6    0.18                           clknet_0_clk (net)
                  0.19    0.00   10.59 ^ clkbuf_2_1_0_clk/A (sky130_fd_sc_hd__clkbuf_8)
                  0.19    0.27   10.86 ^ clkbuf_2_1_0_clk/X (sky130_fd_sc_hd__clkbuf_8)
     4    0.11                           clknet_2_1_0_clk (net)
                  0.19    0.00   10.86 ^ clkbuf_4_4__f_clk/A (sky130_fd_sc_hd__clkbuf_16)
                  0.30    0.34   11.21 ^ clkbuf_4_4__f_clk/X (sky130_fd_sc_hd__clkbuf_16)
    23    0.29                           clknet_4_4__leaf_clk (net)
                  0.30    0.01   11.22 ^ clkbuf_leaf_48_clk/A (sky130_fd_sc_hd__clkbuf_16)
                  0.05    0.20   11.42 ^ clkbuf_leaf_48_clk/X (sky130_fd_sc_hd__clkbuf_16)
     8    0.03                           clknet_leaf_48_clk (net)
                  0.05    0.00   11.42 ^ _43298_/CLK (sky130_fd_sc_hd__dfrtp_2)
                         -0.25   11.17   clock uncertainty
                          0.00   11.17   clock reconvergence pessimism
                          0.19   11.36   library recovery time
                                 11.36   data required time
-----------------------------------------------------------------------------
                                 11.36   data required time
                                 -5.25   data arrival time
-----------------------------------------------------------------------------
                                  6.11   slack (MET)


Startpoint: _44420_ (rising edge-triggered flip-flop clocked by clk)
Endpoint: _44499_ (rising edge-triggered flip-flop clocked by clk)
Path Group: clk
Path Type: max

Fanout     Cap    Slew   Delay    Time   Description
-----------------------------------------------------------------------------
                          0.00    0.00   clock clk (rise edge)
                          0.00    0.00   clock source latency
                  0.40    0.29    0.29 ^ clk (in)
     2    0.09                           clk (net)
                  0.40    0.00    0.29 ^ clkbuf_0_clk/A (sky130_fd_sc_hd__clkbuf_16)
                  0.19    0.35    0.65 ^ clkbuf_0_clk/X (sky130_fd_sc_hd__clkbuf_16)
     6    0.18                           clknet_0_clk (net)
                  0.19    0.00    0.65 ^ clkbuf_2_1_0_clk/A (sky130_fd_sc_hd__clkbuf_8)
                  0.19    0.30    0.95 ^ clkbuf_2_1_0_clk/X (sky130_fd_sc_hd__clkbuf_8)
     4    0.11                           clknet_2_1_0_clk (net)
                  0.19    0.00    0.95 ^ clkbuf_4_4__f_clk/A (sky130_fd_sc_hd__clkbuf_16)
                  0.30    0.38    1.33 ^ clkbuf_4_4__f_clk/X (sky130_fd_sc_hd__clkbuf_16)
    23    0.29                           clknet_4_4__leaf_clk (net)
                  0.30    0.02    1.35 ^ clkbuf_leaf_5_clk/A (sky130_fd_sc_hd__clkbuf_16)
                  0.05    0.22    1.57 ^ clkbuf_leaf_5_clk/X (sky130_fd_sc_hd__clkbuf_16)
     6    0.02                           clknet_leaf_5_clk (net)
                  0.05    0.00    1.57 ^ _44420_/CLK (sky130_fd_sc_hd__dfrtp_4)
                  0.09    0.53    2.10 v _44420_/Q (sky130_fd_sc_hd__dfrtp_4)
     5    0.03                           u_stage3.Sign_AB[0] (net)
                  0.09    0.00    2.11 v _37388_/B (sky130_fd_sc_hd__or2_4)
                  0.05    0.26    2.37 v _37388_/X (sky130_fd_sc_hd__or2_4)
     2    0.01                           _09149_ (net)
                  0.05    0.00    2.37 v _37390_/A2 (sky130_fd_sc_hd__a21bo_1)
                  0.07    0.24    2.61 v _37390_/X (sky130_fd_sc_hd__a21bo_1)
     4    0.01                           _09151_ (net)
                  0.07    0.00    2.61 v _37391_/D (sky130_fd_sc_hd__and4_1)
                  0.05    0.23    2.84 v _37391_/X (sky130_fd_sc_hd__and4_1)
     1    0.01                           _09152_ (net)
                  0.05    0.00    2.84 v _37392_/A (sky130_fd_sc_hd__buf_6)
                  0.04    0.14    2.98 v _37392_/X (sky130_fd_sc_hd__buf_6)
     8    0.03                           _09153_ (net)
                  0.04    0.00    2.98 v _37394_/C (sky130_fd_sc_hd__and4_1)
                  0.05    0.20    3.18 v _37394_/X (sky130_fd_sc_hd__and4_1)
     1    0.00                           _09155_ (net)
                  0.05    0.00    3.18 v _37395_/A (sky130_fd_sc_hd__buf_6)
                  0.04    0.14    3.32 v _37395_/X (sky130_fd_sc_hd__buf_6)
     6    0.03                           _09156_ (net)
                  0.04    0.00    3.32 v _37396_/C (sky130_fd_sc_hd__and3_1)
                  0.06    0.21    3.53 v _37396_/X (sky130_fd_sc_hd__and3_1)
     2    0.01                           _09157_ (net)
                  0.06    0.00    3.53 v _37464_/A3 (sky130_fd_sc_hd__o31a_1)
                  0.15    0.37    3.90 v _37464_/X (sky130_fd_sc_hd__o31a_1)
     1    0.03                           _09225_ (net)
                  0.15    0.00    3.90 v _37621_/A1 (sky130_fd_sc_hd__a211o_4)
                  0.11    0.45    4.35 v _37621_/X (sky130_fd_sc_hd__a211o_4)
     5    0.04                           _09382_ (net)
                  0.11    0.01    4.35 v _37683_/A3 (sky130_fd_sc_hd__a41o_1)
                  0.08    0.31    4.66 v _37683_/X (sky130_fd_sc_hd__a41o_1)
     3    0.01                           _09444_ (net)
                  0.08    0.00    4.66 v _37685_/A2 (sky130_fd_sc_hd__a21o_1)
                  0.06    0.22    4.88 v _37685_/X (sky130_fd_sc_hd__a21o_1)
     2    0.01                           _09446_ (net)
                  0.06    0.00    4.89 v _37687_/A3 (sky130_fd_sc_hd__a31o_4)
                  0.12    0.35    5.23 v _37687_/X (sky130_fd_sc_hd__a31o_4)
     7    0.08                           _09448_ (net)
                  0.12    0.01    5.24 v _37689_/A2 (sky130_fd_sc_hd__a21oi_4)
                  0.23    0.28    5.53 ^ _37689_/Y (sky130_fd_sc_hd__a21oi_4)
     2    0.03                           _09450_ (net)
                  0.23    0.00    5.53 ^ load_slew3/A (sky130_fd_sc_hd__buf_6)
                  0.11    0.20    5.73 ^ load_slew3/X (sky130_fd_sc_hd__buf_6)
     4    0.05                           net499 (net)
                  0.11    0.00    5.73 ^ _37690_/A (sky130_fd_sc_hd__buf_8)
                  0.07    0.14    5.88 ^ _37690_/X (sky130_fd_sc_hd__buf_8)
     6    0.03                           _09451_ (net)
                  0.07    0.00    5.88 ^ split4/A (sky130_fd_sc_hd__clkbuf_4)
                  0.15    0.23    6.10 ^ split4/X (sky130_fd_sc_hd__clkbuf_4)
     5    0.05                           net484 (net)
                  0.15    0.00    6.10 ^ _37691_/A (sky130_fd_sc_hd__buf_6)
                  0.14    0.21    6.31 ^ _37691_/X (sky130_fd_sc_hd__buf_6)
    10    0.07                           _09452_ (net)
                  0.14    0.00    6.32 ^ _38208_/A (sky130_fd_sc_hd__xnor2_1)
                  0.09    0.14    6.45 v _38208_/Y (sky130_fd_sc_hd__xnor2_1)
     4    0.01                           _09966_ (net)
                  0.09    0.00    6.45 v _38212_/B (sky130_fd_sc_hd__or3_1)
                  0.06    0.37    6.83 v _38212_/X (sky130_fd_sc_hd__or3_1)
     1    0.00                           _09970_ (net)
                  0.06    0.00    6.83 v _38240_/C (sky130_fd_sc_hd__or4b_4)
                  0.09    0.51    7.34 v _38240_/X (sky130_fd_sc_hd__or4b_4)
     2    0.01                           _09993_ (net)
                  0.09    0.00    7.34 v _38252_/C (sky130_fd_sc_hd__or4_4)
                  0.12    0.57    7.91 v _38252_/X (sky130_fd_sc_hd__or4_4)
     5    0.02                           _10005_ (net)
                  0.12    0.00    7.91 v _38253_/D (sky130_fd_sc_hd__nor4_4)
                  0.21    0.17    8.08 ^ _38253_/Y (sky130_fd_sc_hd__nor4_4)
     2    0.01                           _10006_ (net)
                  0.21    0.00    8.08 ^ max_cap274/A (sky130_fd_sc_hd__clkbuf_1)
                  0.08    0.15    8.23 ^ max_cap274/X (sky130_fd_sc_hd__clkbuf_1)
     2    0.01                           net274 (net)
                  0.08    0.00    8.23 ^ max_cap273/A (sky130_fd_sc_hd__clkbuf_1)
                  0.06    0.11    8.34 ^ max_cap273/X (sky130_fd_sc_hd__clkbuf_1)
     2    0.00                           net273 (net)
                  0.06    0.00    8.34 ^ _38254_/D_N (sky130_fd_sc_hd__or4b_4)
                  0.11    0.53    8.86 v _38254_/X (sky130_fd_sc_hd__or4b_4)
     4    0.02                           _10007_ (net)
                  0.11    0.00    8.86 v _38290_/C (sky130_fd_sc_hd__nor4_4)
                  0.27    0.30    9.16 ^ _38290_/Y (sky130_fd_sc_hd__nor4_4)
     1    0.01                           _10043_ (net)
                  0.27    0.00    9.16 ^ wire271/A (sky130_fd_sc_hd__clkbuf_1)
                  0.11    0.17    9.34 ^ wire271/X (sky130_fd_sc_hd__clkbuf_1)
     2    0.01                           net271 (net)
                  0.11    0.00    9.34 ^ _38357_/C (sky130_fd_sc_hd__and4_2)
                  0.11    0.30    9.64 ^ _38357_/X (sky130_fd_sc_hd__and4_2)
     4    0.02                           _10110_ (net)
                  0.11    0.00    9.64 ^ _38358_/D_N (sky130_fd_sc_hd__or4b_4)
                  0.09    0.51   10.15 v _38358_/X (sky130_fd_sc_hd__or4b_4)
     4    0.01                           _10111_ (net)
                  0.09    0.00   10.15 v _38359_/D (sky130_fd_sc_hd__or4_4)
                  0.08    0.44   10.59 v _38359_/X (sky130_fd_sc_hd__or4_4)
     1    0.00                           _10112_ (net)
                  0.08    0.00   10.59 v _38360_/A (sky130_fd_sc_hd__buf_6)
                  0.04    0.16   10.75 v _38360_/X (sky130_fd_sc_hd__buf_6)
     5    0.03                           _10113_ (net)
                  0.04    0.00   10.75 v _38361_/D (sky130_fd_sc_hd__nor4_4)
                  0.21    0.15   10.90 ^ _38361_/Y (sky130_fd_sc_hd__nor4_4)
     2    0.01                           _10114_ (net)
                  0.21    0.00   10.90 ^ max_cap1/A (sky130_fd_sc_hd__buf_2)
                  0.04    0.16   11.06 ^ max_cap1/X (sky130_fd_sc_hd__buf_2)
     3    0.01                           net497 (net)
                  0.04    0.00   11.06 ^ _38362_/D_N (sky130_fd_sc_hd__or4b_4)
                  0.10    0.50   11.56 v _38362_/X (sky130_fd_sc_hd__or4b_4)
     4    0.01                           _10115_ (net)
                  0.10    0.00   11.56 v _38363_/D (sky130_fd_sc_hd__or4_4)
                  0.10    0.47   12.03 v _38363_/X (sky130_fd_sc_hd__or4_4)
     4    0.01                           _10116_ (net)
                  0.10    0.00   12.03 v _38364_/D (sky130_fd_sc_hd__or4_4)
                  0.10    0.48   12.51 v _38364_/X (sky130_fd_sc_hd__or4_4)
     5    0.01                           _10117_ (net)
                  0.10    0.00   12.51 v _38365_/D (sky130_fd_sc_hd__or4_4)
                  0.10    0.48   12.99 v _38365_/X (sky130_fd_sc_hd__or4_4)
     6    0.01                           _10118_ (net)
                  0.10    0.00   12.99 v _38366_/D (sky130_fd_sc_hd__or4_4)
                  0.10    0.49   13.48 v _38366_/X (sky130_fd_sc_hd__or4_4)
     5    0.02                           _10119_ (net)
                  0.10    0.00   13.48 v _38367_/D (sky130_fd_sc_hd__or4_4)
                  0.11    0.50   13.98 v _38367_/X (sky130_fd_sc_hd__or4_4)
     6    0.02                           _10120_ (net)
                  0.11    0.00   13.98 v _38368_/D (sky130_fd_sc_hd__or4_4)
                  0.11    0.50   14.48 v _38368_/X (sky130_fd_sc_hd__or4_4)
     5    0.02                           _10121_ (net)
                  0.11    0.00   14.48 v _38369_/D (sky130_fd_sc_hd__or4_4)
                  0.10    0.49   14.97 v _38369_/X (sky130_fd_sc_hd__or4_4)
     6    0.01                           _10122_ (net)
                  0.10    0.00   14.97 v _38370_/D (sky130_fd_sc_hd__or4_4)
                  0.10    0.49   15.45 v _38370_/X (sky130_fd_sc_hd__or4_4)
     6    0.01                           _10123_ (net)
                  0.10    0.00   15.45 v _38371_/D (sky130_fd_sc_hd__or4_4)
                  0.10    0.49   15.94 v _38371_/X (sky130_fd_sc_hd__or4_4)
     6    0.01                           _10124_ (net)
                  0.10    0.00   15.94 v _38372_/D (sky130_fd_sc_hd__or4_4)
                  0.10    0.48   16.42 v _38372_/X (sky130_fd_sc_hd__or4_4)
     6    0.01                           _10125_ (net)
                  0.10    0.00   16.42 v _38373_/D (sky130_fd_sc_hd__or4_4)
                  0.11    0.49   16.91 v _38373_/X (sky130_fd_sc_hd__or4_4)
     6    0.02                           _10126_ (net)
                  0.11    0.00   16.91 v _38374_/D (sky130_fd_sc_hd__or4_4)
                  0.10    0.49   17.40 v _38374_/X (sky130_fd_sc_hd__or4_4)
     6    0.02                           _10127_ (net)
                  0.10    0.00   17.40 v _38375_/D (sky130_fd_sc_hd__or4_4)
                  0.11    0.50   17.90 v _38375_/X (sky130_fd_sc_hd__or4_4)
     6    0.02                           _10128_ (net)
                  0.11    0.00   17.90 v _38376_/D (sky130_fd_sc_hd__or4_4)
                  0.10    0.49   18.39 v _38376_/X (sky130_fd_sc_hd__or4_4)
     6    0.01                           _10129_ (net)
                  0.10    0.00   18.39 v _38377_/D (sky130_fd_sc_hd__or4_4)
                  0.10    0.49   18.88 v _38377_/X (sky130_fd_sc_hd__or4_4)
     6    0.02                           _10130_ (net)
                  0.10    0.00   18.88 v _38378_/D (sky130_fd_sc_hd__or4_4)
                  0.11    0.49   19.38 v _38378_/X (sky130_fd_sc_hd__or4_4)
     6    0.02                           _10131_ (net)
                  0.11    0.00   19.38 v _38379_/D (sky130_fd_sc_hd__or4_4)
                  0.11    0.50   19.87 v _38379_/X (sky130_fd_sc_hd__or4_4)
     3    0.02                           _10132_ (net)
                  0.11    0.00   19.87 v _38380_/B (sky130_fd_sc_hd__nor2_4)
                  0.09    0.13   20.00 ^ _38380_/Y (sky130_fd_sc_hd__nor2_4)
     3    0.01                           _10133_ (net)
                  0.09    0.00   20.00 ^ _38381_/A (sky130_fd_sc_hd__nand2_2)
                  0.09    0.08   20.08 v _38381_/Y (sky130_fd_sc_hd__nand2_2)
     3    0.01                           _10134_ (net)
                  0.09    0.00   20.08 v _38382_/A (sky130_fd_sc_hd__or2_4)
                  0.06    0.30   20.37 v _38382_/X (sky130_fd_sc_hd__or2_4)
     3    0.01                           _10135_ (net)
                  0.06    0.00   20.37 v _38383_/B (sky130_fd_sc_hd__nor2_4)
                  0.10    0.11   20.48 ^ _38383_/Y (sky130_fd_sc_hd__nor2_4)
     3    0.01                           _10136_ (net)
                  0.10    0.00   20.48 ^ _38384_/A (sky130_fd_sc_hd__nand2_2)
                  0.08    0.07   20.55 v _38384_/Y (sky130_fd_sc_hd__nand2_2)
     3    0.01                           _10137_ (net)
                  0.08    0.00   20.55 v _38385_/A (sky130_fd_sc_hd__or2_4)
                  0.06    0.29   20.84 v _38385_/X (sky130_fd_sc_hd__or2_4)
     3    0.01                           _10138_ (net)
                  0.06    0.00   20.84 v _38386_/A (sky130_fd_sc_hd__nor2_4)
                  0.10    0.13   20.97 ^ _38386_/Y (sky130_fd_sc_hd__nor2_4)
     3    0.01                           _10139_ (net)
                  0.10    0.00   20.97 ^ _38387_/A (sky130_fd_sc_hd__nand2_2)
                  0.07    0.08   21.05 v _38387_/Y (sky130_fd_sc_hd__nand2_2)
     3    0.01                           _10140_ (net)
                  0.07    0.00   21.05 v _38388_/A (sky130_fd_sc_hd__or2_4)
                  0.06    0.29   21.34 v _38388_/X (sky130_fd_sc_hd__or2_4)
     3    0.01                           _10141_ (net)
                  0.06    0.00   21.34 v _38389_/B (sky130_fd_sc_hd__nor2_4)
                  0.10    0.11   21.45 ^ _38389_/Y (sky130_fd_sc_hd__nor2_4)
     3    0.01                           _10142_ (net)
                  0.10    0.00   21.45 ^ _38390_/A (sky130_fd_sc_hd__nand2_2)
                  0.08    0.07   21.52 v _38390_/Y (sky130_fd_sc_hd__nand2_2)
     3    0.01                           _10143_ (net)
                  0.08    0.00   21.52 v _38391_/B (sky130_fd_sc_hd__or2_4)
                  0.07    0.28   21.81 v _38391_/X (sky130_fd_sc_hd__or2_4)
     3    0.02                           _10144_ (net)
                  0.07    0.00   21.81 v _38392_/B (sky130_fd_sc_hd__nor2_8)
                  0.12    0.12   21.93 ^ _38392_/Y (sky130_fd_sc_hd__nor2_8)
     4    0.02                           _10145_ (net)
                  0.12    0.00   21.93 ^ _38393_/A (sky130_fd_sc_hd__nand2_4)
                  0.07    0.07   22.00 v _38393_/Y (sky130_fd_sc_hd__nand2_4)
     2    0.01                           _10146_ (net)
                  0.07    0.00   22.00 v _38394_/B (sky130_fd_sc_hd__xnor2_2)
                  0.07    0.15   22.15 v _38394_/Y (sky130_fd_sc_hd__xnor2_2)
     1    0.00                           _10147_ (net)
                  0.07    0.00   22.15 v _38395_/B (sky130_fd_sc_hd__xnor2_1)
                  0.18    0.20   22.34 ^ _38395_/Y (sky130_fd_sc_hd__xnor2_1)
     2    0.01                           u_stage3.Add_Rslt_mag[161] (net)
                  0.18    0.00   22.34 ^ _38556_/A1 (sky130_fd_sc_hd__a21oi_1)
                  0.07    0.11   22.45 v _38556_/Y (sky130_fd_sc_hd__a21oi_1)
     1    0.01                           _10256_ (net)
                  0.07    0.00   22.45 v _38557_/A2 (sky130_fd_sc_hd__o21ba_1)
                  0.04    0.19   22.64 v _38557_/X (sky130_fd_sc_hd__o21ba_1)
     1    0.00                           _10257_ (net)
                  0.04    0.00   22.64 v _38558_/A2 (sky130_fd_sc_hd__o21a_1)
                  0.04    0.18   22.82 v _38558_/X (sky130_fd_sc_hd__o21a_1)
     1    0.00                           _10258_ (net)
                  0.04    0.00   22.82 v _38559_/A2 (sky130_fd_sc_hd__o21ba_1)
                  0.04    0.18   23.00 v _38559_/X (sky130_fd_sc_hd__o21ba_1)
     1    0.00                           _10259_ (net)
                  0.04    0.00   23.00 v _38560_/A2 (sky130_fd_sc_hd__o21ba_1)
                  0.04    0.18   23.18 v _38560_/X (sky130_fd_sc_hd__o21ba_1)
     1    0.00                           _10260_ (net)
                  0.04    0.00   23.18 v _38561_/A2 (sky130_fd_sc_hd__o21ba_1)
                  0.04    0.17   23.35 v _38561_/X (sky130_fd_sc_hd__o21ba_1)
     1    0.00                           _10261_ (net)
                  0.04    0.00   23.35 v _38562_/A2 (sky130_fd_sc_hd__o21ba_1)
                  0.04    0.18   23.53 v _38562_/X (sky130_fd_sc_hd__o21ba_1)
     1    0.00                           _10262_ (net)
                  0.04    0.00   23.53 v _38564_/A2 (sky130_fd_sc_hd__o21a_1)
                  0.04    0.18   23.71 v _38564_/X (sky130_fd_sc_hd__o21a_1)
     1    0.00                           _10264_ (net)
                  0.04    0.00   23.71 v _38565_/A2 (sky130_fd_sc_hd__o21ba_1)
                  0.04    0.17   23.88 v _38565_/X (sky130_fd_sc_hd__o21ba_1)
     1    0.00                           _10265_ (net)
                  0.04    0.00   23.88 v _38566_/A2 (sky130_fd_sc_hd__o21ba_1)
                  0.04    0.17   24.05 v _38566_/X (sky130_fd_sc_hd__o21ba_1)
     1    0.00                           _10266_ (net)
                  0.04    0.00   24.05 v _38567_/A2 (sky130_fd_sc_hd__o21ba_1)
                  0.04    0.17   24.22 v _38567_/X (sky130_fd_sc_hd__o21ba_1)
     1    0.00                           _10267_ (net)
                  0.04    0.00   24.22 v _38568_/A2 (sky130_fd_sc_hd__o21ba_1)
                  0.04    0.17   24.39 v _38568_/X (sky130_fd_sc_hd__o21ba_1)
     1    0.00                           _10268_ (net)
                  0.04    0.00   24.39 v _38569_/A2 (sky130_fd_sc_hd__o21ba_1)
                  0.04    0.17   24.56 v _38569_/X (sky130_fd_sc_hd__o21ba_1)
     1    0.00                           _10269_ (net)
                  0.04    0.00   24.56 v _38570_/A2 (sky130_fd_sc_hd__o21ba_1)
                  0.04    0.17   24.73 v _38570_/X (sky130_fd_sc_hd__o21ba_1)
     1    0.00                           _10270_ (net)
                  0.04    0.00   24.73 v _38571_/A2 (sky130_fd_sc_hd__o21a_1)
                  0.07    0.21   24.94 v _38571_/X (sky130_fd_sc_hd__o21a_1)
     1    0.01                           _10271_ (net)
                  0.07    0.00   24.94 v _38572_/A2 (sky130_fd_sc_hd__o21bai_1)
                  0.11    0.14   25.08 ^ _38572_/Y (sky130_fd_sc_hd__o21bai_1)
     1    0.00                           _10272_ (net)
                  0.11    0.00   25.08 ^ _38573_/A2 (sky130_fd_sc_hd__a21oi_1)
                  0.05    0.08   25.16 v _38573_/Y (sky130_fd_sc_hd__a21oi_1)
     1    0.00                           _10273_ (net)
                  0.05    0.00   25.16 v _38574_/A2 (sky130_fd_sc_hd__o21ba_1)
                  0.04    0.17   25.34 v _38574_/X (sky130_fd_sc_hd__o21ba_1)
     1    0.00                           _10274_ (net)
                  0.04    0.00   25.34 v _38575_/A2 (sky130_fd_sc_hd__o21ba_1)
                  0.04    0.17   25.51 v _38575_/X (sky130_fd_sc_hd__o21ba_1)
     1    0.00                           _10275_ (net)
                  0.04    0.00   25.51 v _38576_/A2 (sky130_fd_sc_hd__o21ba_1)
                  0.04    0.17   25.68 v _38576_/X (sky130_fd_sc_hd__o21ba_1)
     1    0.00                           _10276_ (net)
                  0.04    0.00   25.68 v _38577_/A2 (sky130_fd_sc_hd__o21a_1)
                  0.04    0.17   25.85 v _38577_/X (sky130_fd_sc_hd__o21a_1)
     1    0.00                           _10277_ (net)
                  0.04    0.00   25.85 v _38578_/A2 (sky130_fd_sc_hd__o21ba_1)
                  0.04    0.17   26.02 v _38578_/X (sky130_fd_sc_hd__o21ba_1)
     1    0.00                           _10278_ (net)
                  0.04    0.00   26.02 v _38579_/A2 (sky130_fd_sc_hd__o21ba_1)
                  0.04    0.18   26.19 v _38579_/X (sky130_fd_sc_hd__o21ba_1)
     1    0.00                           _10279_ (net)
                  0.04    0.00   26.19 v _38580_/A2 (sky130_fd_sc_hd__o21ba_1)
                  0.04    0.18   26.37 v _38580_/X (sky130_fd_sc_hd__o21ba_1)
     1    0.00                           _10280_ (net)
                  0.04    0.00   26.37 v _38581_/A2 (sky130_fd_sc_hd__o21ba_1)
                  0.03    0.17   26.54 v _38581_/X (sky130_fd_sc_hd__o21ba_1)
     1    0.00                           _10281_ (net)
                  0.03    0.00   26.54 v _38582_/A2 (sky130_fd_sc_hd__o21bai_1)
                  0.10    0.11   26.65 ^ _38582_/Y (sky130_fd_sc_hd__o21bai_1)
     1    0.00                           u_stage3.LZA_CNT_dual[8] (net)
                  0.10    0.00   26.65 ^ _44499_/D (sky130_fd_sc_hd__dfrtp_4)
                                 26.65   data arrival time

                         10.00   10.00   clock clk (rise edge)
                          0.00   10.00   clock source latency
                  0.40    0.27   10.27 ^ clk (in)
     2    0.09                           clk (net)
                  0.40    0.00   10.27 ^ clkbuf_0_clk/A (sky130_fd_sc_hd__clkbuf_16)
                  0.19    0.32   10.58 ^ clkbuf_0_clk/X (sky130_fd_sc_hd__clkbuf_16)
     6    0.18                           clknet_0_clk (net)
                  0.19    0.00   10.59 ^ clkbuf_2_0_0_clk/A (sky130_fd_sc_hd__clkbuf_8)
                  0.19    0.27   10.86 ^ clkbuf_2_0_0_clk/X (sky130_fd_sc_hd__clkbuf_8)
     4    0.11                           clknet_2_0_0_clk (net)
                  0.20    0.00   10.86 ^ clkbuf_4_3__f_clk/A (sky130_fd_sc_hd__clkbuf_16)
                  0.21    0.29   11.15 ^ clkbuf_4_3__f_clk/X (sky130_fd_sc_hd__clkbuf_16)
    15    0.20                           clknet_4_3__leaf_clk (net)
                  0.21    0.01   11.16 ^ clkbuf_leaf_175_clk/A (sky130_fd_sc_hd__clkbuf_16)
                  0.03    0.16   11.32 ^ clkbuf_leaf_175_clk/X (sky130_fd_sc_hd__clkbuf_16)
     2    0.01                           clknet_leaf_175_clk (net)
                  0.03    0.00   11.32 ^ _44499_/CLK (sky130_fd_sc_hd__dfrtp_4)
                         -0.25   11.07   clock uncertainty
                          0.06   11.13   clock reconvergence pessimism
                         -0.08   11.05   library setup time
                                 11.05   data required time
-----------------------------------------------------------------------------
                                 11.05   data required time
                                -26.65   data arrival time
-----------------------------------------------------------------------------
                                -15.60   slack (VIOLATED)




===========================================================================
report_checks --slack_max -0.01
============================================================================
======================= Typical Corner ===================================

Startpoint: _44420_ (rising edge-triggered flip-flop clocked by clk)
Endpoint: _44499_ (rising edge-triggered flip-flop clocked by clk)
Path Group: clk
Path Type: max

Fanout     Cap    Slew   Delay    Time   Description
-----------------------------------------------------------------------------
                          0.00    0.00   clock clk (rise edge)
                          0.00    0.00   clock source latency
                  0.40    0.29    0.29 ^ clk (in)
     2    0.09                           clk (net)
                  0.40    0.00    0.29 ^ clkbuf_0_clk/A (sky130_fd_sc_hd__clkbuf_16)
                  0.19    0.35    0.65 ^ clkbuf_0_clk/X (sky130_fd_sc_hd__clkbuf_16)
     6    0.18                           clknet_0_clk (net)
                  0.19    0.00    0.65 ^ clkbuf_2_1_0_clk/A (sky130_fd_sc_hd__clkbuf_8)
                  0.19    0.30    0.95 ^ clkbuf_2_1_0_clk/X (sky130_fd_sc_hd__clkbuf_8)
     4    0.11                           clknet_2_1_0_clk (net)
                  0.19    0.00    0.95 ^ clkbuf_4_4__f_clk/A (sky130_fd_sc_hd__clkbuf_16)
                  0.30    0.38    1.33 ^ clkbuf_4_4__f_clk/X (sky130_fd_sc_hd__clkbuf_16)
    23    0.29                           clknet_4_4__leaf_clk (net)
                  0.30    0.02    1.35 ^ clkbuf_leaf_5_clk/A (sky130_fd_sc_hd__clkbuf_16)
                  0.05    0.22    1.57 ^ clkbuf_leaf_5_clk/X (sky130_fd_sc_hd__clkbuf_16)
     6    0.02                           clknet_leaf_5_clk (net)
                  0.05    0.00    1.57 ^ _44420_/CLK (sky130_fd_sc_hd__dfrtp_4)
                  0.09    0.53    2.10 v _44420_/Q (sky130_fd_sc_hd__dfrtp_4)
     5    0.03                           u_stage3.Sign_AB[0] (net)
                  0.09    0.00    2.11 v _37388_/B (sky130_fd_sc_hd__or2_4)
                  0.05    0.26    2.37 v _37388_/X (sky130_fd_sc_hd__or2_4)
     2    0.01                           _09149_ (net)
                  0.05    0.00    2.37 v _37390_/A2 (sky130_fd_sc_hd__a21bo_1)
                  0.07    0.24    2.61 v _37390_/X (sky130_fd_sc_hd__a21bo_1)
     4    0.01                           _09151_ (net)
                  0.07    0.00    2.61 v _37391_/D (sky130_fd_sc_hd__and4_1)
                  0.05    0.23    2.84 v _37391_/X (sky130_fd_sc_hd__and4_1)
     1    0.01                           _09152_ (net)
                  0.05    0.00    2.84 v _37392_/A (sky130_fd_sc_hd__buf_6)
                  0.04    0.14    2.98 v _37392_/X (sky130_fd_sc_hd__buf_6)
     8    0.03                           _09153_ (net)
                  0.04    0.00    2.98 v _37394_/C (sky130_fd_sc_hd__and4_1)
                  0.05    0.20    3.18 v _37394_/X (sky130_fd_sc_hd__and4_1)
     1    0.00                           _09155_ (net)
                  0.05    0.00    3.18 v _37395_/A (sky130_fd_sc_hd__buf_6)
                  0.04    0.14    3.32 v _37395_/X (sky130_fd_sc_hd__buf_6)
     6    0.03                           _09156_ (net)
                  0.04    0.00    3.32 v _37396_/C (sky130_fd_sc_hd__and3_1)
                  0.06    0.21    3.53 v _37396_/X (sky130_fd_sc_hd__and3_1)
     2    0.01                           _09157_ (net)
                  0.06    0.00    3.53 v _37464_/A3 (sky130_fd_sc_hd__o31a_1)
                  0.15    0.37    3.90 v _37464_/X (sky130_fd_sc_hd__o31a_1)
     1    0.03                           _09225_ (net)
                  0.15    0.00    3.90 v _37621_/A1 (sky130_fd_sc_hd__a211o_4)
                  0.11    0.45    4.35 v _37621_/X (sky130_fd_sc_hd__a211o_4)
     5    0.04                           _09382_ (net)
                  0.11    0.01    4.35 v _37683_/A3 (sky130_fd_sc_hd__a41o_1)
                  0.08    0.31    4.66 v _37683_/X (sky130_fd_sc_hd__a41o_1)
     3    0.01                           _09444_ (net)
                  0.08    0.00    4.66 v _37685_/A2 (sky130_fd_sc_hd__a21o_1)
                  0.06    0.22    4.88 v _37685_/X (sky130_fd_sc_hd__a21o_1)
     2    0.01                           _09446_ (net)
                  0.06    0.00    4.89 v _37687_/A3 (sky130_fd_sc_hd__a31o_4)
                  0.12    0.35    5.23 v _37687_/X (sky130_fd_sc_hd__a31o_4)
     7    0.08                           _09448_ (net)
                  0.12    0.01    5.24 v _37689_/A2 (sky130_fd_sc_hd__a21oi_4)
                  0.23    0.28    5.53 ^ _37689_/Y (sky130_fd_sc_hd__a21oi_4)
     2    0.03                           _09450_ (net)
                  0.23    0.00    5.53 ^ load_slew3/A (sky130_fd_sc_hd__buf_6)
                  0.11    0.20    5.73 ^ load_slew3/X (sky130_fd_sc_hd__buf_6)
     4    0.05                           net499 (net)
                  0.11    0.00    5.73 ^ _37690_/A (sky130_fd_sc_hd__buf_8)
                  0.07    0.14    5.88 ^ _37690_/X (sky130_fd_sc_hd__buf_8)
     6    0.03                           _09451_ (net)
                  0.07    0.00    5.88 ^ split4/A (sky130_fd_sc_hd__clkbuf_4)
                  0.15    0.23    6.10 ^ split4/X (sky130_fd_sc_hd__clkbuf_4)
     5    0.05                           net484 (net)
                  0.15    0.00    6.10 ^ _37691_/A (sky130_fd_sc_hd__buf_6)
                  0.14    0.21    6.31 ^ _37691_/X (sky130_fd_sc_hd__buf_6)
    10    0.07                           _09452_ (net)
                  0.14    0.00    6.32 ^ _38208_/A (sky130_fd_sc_hd__xnor2_1)
                  0.09    0.14    6.45 v _38208_/Y (sky130_fd_sc_hd__xnor2_1)
     4    0.01                           _09966_ (net)
                  0.09    0.00    6.45 v _38212_/B (sky130_fd_sc_hd__or3_1)
                  0.06    0.37    6.83 v _38212_/X (sky130_fd_sc_hd__or3_1)
     1    0.00                           _09970_ (net)
                  0.06    0.00    6.83 v _38240_/C (sky130_fd_sc_hd__or4b_4)
                  0.09    0.51    7.34 v _38240_/X (sky130_fd_sc_hd__or4b_4)
     2    0.01                           _09993_ (net)
                  0.09    0.00    7.34 v _38252_/C (sky130_fd_sc_hd__or4_4)
                  0.12    0.57    7.91 v _38252_/X (sky130_fd_sc_hd__or4_4)
     5    0.02                           _10005_ (net)
                  0.12    0.00    7.91 v _38253_/D (sky130_fd_sc_hd__nor4_4)
                  0.21    0.17    8.08 ^ _38253_/Y (sky130_fd_sc_hd__nor4_4)
     2    0.01                           _10006_ (net)
                  0.21    0.00    8.08 ^ max_cap274/A (sky130_fd_sc_hd__clkbuf_1)
                  0.08    0.15    8.23 ^ max_cap274/X (sky130_fd_sc_hd__clkbuf_1)
     2    0.01                           net274 (net)
                  0.08    0.00    8.23 ^ max_cap273/A (sky130_fd_sc_hd__clkbuf_1)
                  0.06    0.11    8.34 ^ max_cap273/X (sky130_fd_sc_hd__clkbuf_1)
     2    0.00                           net273 (net)
                  0.06    0.00    8.34 ^ _38254_/D_N (sky130_fd_sc_hd__or4b_4)
                  0.11    0.53    8.86 v _38254_/X (sky130_fd_sc_hd__or4b_4)
     4    0.02                           _10007_ (net)
                  0.11    0.00    8.86 v _38290_/C (sky130_fd_sc_hd__nor4_4)
                  0.27    0.30    9.16 ^ _38290_/Y (sky130_fd_sc_hd__nor4_4)
     1    0.01                           _10043_ (net)
                  0.27    0.00    9.16 ^ wire271/A (sky130_fd_sc_hd__clkbuf_1)
                  0.11    0.17    9.34 ^ wire271/X (sky130_fd_sc_hd__clkbuf_1)
     2    0.01                           net271 (net)
                  0.11    0.00    9.34 ^ _38357_/C (sky130_fd_sc_hd__and4_2)
                  0.11    0.30    9.64 ^ _38357_/X (sky130_fd_sc_hd__and4_2)
     4    0.02                           _10110_ (net)
                  0.11    0.00    9.64 ^ _38358_/D_N (sky130_fd_sc_hd__or4b_4)
                  0.09    0.51   10.15 v _38358_/X (sky130_fd_sc_hd__or4b_4)
     4    0.01                           _10111_ (net)
                  0.09    0.00   10.15 v _38359_/D (sky130_fd_sc_hd__or4_4)
                  0.08    0.44   10.59 v _38359_/X (sky130_fd_sc_hd__or4_4)
     1    0.00                           _10112_ (net)
                  0.08    0.00   10.59 v _38360_/A (sky130_fd_sc_hd__buf_6)
                  0.04    0.16   10.75 v _38360_/X (sky130_fd_sc_hd__buf_6)
     5    0.03                           _10113_ (net)
                  0.04    0.00   10.75 v _38361_/D (sky130_fd_sc_hd__nor4_4)
                  0.21    0.15   10.90 ^ _38361_/Y (sky130_fd_sc_hd__nor4_4)
     2    0.01                           _10114_ (net)
                  0.21    0.00   10.90 ^ max_cap1/A (sky130_fd_sc_hd__buf_2)
                  0.04    0.16   11.06 ^ max_cap1/X (sky130_fd_sc_hd__buf_2)
     3    0.01                           net497 (net)
                  0.04    0.00   11.06 ^ _38362_/D_N (sky130_fd_sc_hd__or4b_4)
                  0.10    0.50   11.56 v _38362_/X (sky130_fd_sc_hd__or4b_4)
     4    0.01                           _10115_ (net)
                  0.10    0.00   11.56 v _38363_/D (sky130_fd_sc_hd__or4_4)
                  0.10    0.47   12.03 v _38363_/X (sky130_fd_sc_hd__or4_4)
     4    0.01                           _10116_ (net)
                  0.10    0.00   12.03 v _38364_/D (sky130_fd_sc_hd__or4_4)
                  0.10    0.48   12.51 v _38364_/X (sky130_fd_sc_hd__or4_4)
     5    0.01                           _10117_ (net)
                  0.10    0.00   12.51 v _38365_/D (sky130_fd_sc_hd__or4_4)
                  0.10    0.48   12.99 v _38365_/X (sky130_fd_sc_hd__or4_4)
     6    0.01                           _10118_ (net)
                  0.10    0.00   12.99 v _38366_/D (sky130_fd_sc_hd__or4_4)
                  0.10    0.49   13.48 v _38366_/X (sky130_fd_sc_hd__or4_4)
     5    0.02                           _10119_ (net)
                  0.10    0.00   13.48 v _38367_/D (sky130_fd_sc_hd__or4_4)
                  0.11    0.50   13.98 v _38367_/X (sky130_fd_sc_hd__or4_4)
     6    0.02                           _10120_ (net)
                  0.11    0.00   13.98 v _38368_/D (sky130_fd_sc_hd__or4_4)
                  0.11    0.50   14.48 v _38368_/X (sky130_fd_sc_hd__or4_4)
     5    0.02                           _10121_ (net)
                  0.11    0.00   14.48 v _38369_/D (sky130_fd_sc_hd__or4_4)
                  0.10    0.49   14.97 v _38369_/X (sky130_fd_sc_hd__or4_4)
     6    0.01                           _10122_ (net)
                  0.10    0.00   14.97 v _38370_/D (sky130_fd_sc_hd__or4_4)
                  0.10    0.49   15.45 v _38370_/X (sky130_fd_sc_hd__or4_4)
     6    0.01                           _10123_ (net)
                  0.10    0.00   15.45 v _38371_/D (sky130_fd_sc_hd__or4_4)
                  0.10    0.49   15.94 v _38371_/X (sky130_fd_sc_hd__or4_4)
     6    0.01                           _10124_ (net)
                  0.10    0.00   15.94 v _38372_/D (sky130_fd_sc_hd__or4_4)
                  0.10    0.48   16.42 v _38372_/X (sky130_fd_sc_hd__or4_4)
     6    0.01                           _10125_ (net)
                  0.10    0.00   16.42 v _38373_/D (sky130_fd_sc_hd__or4_4)
                  0.11    0.49   16.91 v _38373_/X (sky130_fd_sc_hd__or4_4)
     6    0.02                           _10126_ (net)
                  0.11    0.00   16.91 v _38374_/D (sky130_fd_sc_hd__or4_4)
                  0.10    0.49   17.40 v _38374_/X (sky130_fd_sc_hd__or4_4)
     6    0.02                           _10127_ (net)
                  0.10    0.00   17.40 v _38375_/D (sky130_fd_sc_hd__or4_4)
                  0.11    0.50   17.90 v _38375_/X (sky130_fd_sc_hd__or4_4)
     6    0.02                           _10128_ (net)
                  0.11    0.00   17.90 v _38376_/D (sky130_fd_sc_hd__or4_4)
                  0.10    0.49   18.39 v _38376_/X (sky130_fd_sc_hd__or4_4)
     6    0.01                           _10129_ (net)
                  0.10    0.00   18.39 v _38377_/D (sky130_fd_sc_hd__or4_4)
                  0.10    0.49   18.88 v _38377_/X (sky130_fd_sc_hd__or4_4)
     6    0.02                           _10130_ (net)
                  0.10    0.00   18.88 v _38378_/D (sky130_fd_sc_hd__or4_4)
                  0.11    0.49   19.38 v _38378_/X (sky130_fd_sc_hd__or4_4)
     6    0.02                           _10131_ (net)
                  0.11    0.00   19.38 v _38379_/D (sky130_fd_sc_hd__or4_4)
                  0.11    0.50   19.87 v _38379_/X (sky130_fd_sc_hd__or4_4)
     3    0.02                           _10132_ (net)
                  0.11    0.00   19.87 v _38380_/B (sky130_fd_sc_hd__nor2_4)
                  0.09    0.13   20.00 ^ _38380_/Y (sky130_fd_sc_hd__nor2_4)
     3    0.01                           _10133_ (net)
                  0.09    0.00   20.00 ^ _38381_/A (sky130_fd_sc_hd__nand2_2)
                  0.09    0.08   20.08 v _38381_/Y (sky130_fd_sc_hd__nand2_2)
     3    0.01                           _10134_ (net)
                  0.09    0.00   20.08 v _38382_/A (sky130_fd_sc_hd__or2_4)
                  0.06    0.30   20.37 v _38382_/X (sky130_fd_sc_hd__or2_4)
     3    0.01                           _10135_ (net)
                  0.06    0.00   20.37 v _38383_/B (sky130_fd_sc_hd__nor2_4)
                  0.10    0.11   20.48 ^ _38383_/Y (sky130_fd_sc_hd__nor2_4)
     3    0.01                           _10136_ (net)
                  0.10    0.00   20.48 ^ _38384_/A (sky130_fd_sc_hd__nand2_2)
                  0.08    0.07   20.55 v _38384_/Y (sky130_fd_sc_hd__nand2_2)
     3    0.01                           _10137_ (net)
                  0.08    0.00   20.55 v _38385_/A (sky130_fd_sc_hd__or2_4)
                  0.06    0.29   20.84 v _38385_/X (sky130_fd_sc_hd__or2_4)
     3    0.01                           _10138_ (net)
                  0.06    0.00   20.84 v _38386_/A (sky130_fd_sc_hd__nor2_4)
                  0.10    0.13   20.97 ^ _38386_/Y (sky130_fd_sc_hd__nor2_4)
     3    0.01                           _10139_ (net)
                  0.10    0.00   20.97 ^ _38387_/A (sky130_fd_sc_hd__nand2_2)
                  0.07    0.08   21.05 v _38387_/Y (sky130_fd_sc_hd__nand2_2)
     3    0.01                           _10140_ (net)
                  0.07    0.00   21.05 v _38388_/A (sky130_fd_sc_hd__or2_4)
                  0.06    0.29   21.34 v _38388_/X (sky130_fd_sc_hd__or2_4)
     3    0.01                           _10141_ (net)
                  0.06    0.00   21.34 v _38389_/B (sky130_fd_sc_hd__nor2_4)
                  0.10    0.11   21.45 ^ _38389_/Y (sky130_fd_sc_hd__nor2_4)
     3    0.01                           _10142_ (net)
                  0.10    0.00   21.45 ^ _38390_/A (sky130_fd_sc_hd__nand2_2)
                  0.08    0.07   21.52 v _38390_/Y (sky130_fd_sc_hd__nand2_2)
     3    0.01                           _10143_ (net)
                  0.08    0.00   21.52 v _38391_/B (sky130_fd_sc_hd__or2_4)
                  0.07    0.28   21.81 v _38391_/X (sky130_fd_sc_hd__or2_4)
     3    0.02                           _10144_ (net)
                  0.07    0.00   21.81 v _38392_/B (sky130_fd_sc_hd__nor2_8)
                  0.12    0.12   21.93 ^ _38392_/Y (sky130_fd_sc_hd__nor2_8)
     4    0.02                           _10145_ (net)
                  0.12    0.00   21.93 ^ _38393_/A (sky130_fd_sc_hd__nand2_4)
                  0.07    0.07   22.00 v _38393_/Y (sky130_fd_sc_hd__nand2_4)
     2    0.01                           _10146_ (net)
                  0.07    0.00   22.00 v _38394_/B (sky130_fd_sc_hd__xnor2_2)
                  0.07    0.15   22.15 v _38394_/Y (sky130_fd_sc_hd__xnor2_2)
     1    0.00                           _10147_ (net)
                  0.07    0.00   22.15 v _38395_/B (sky130_fd_sc_hd__xnor2_1)
                  0.18    0.20   22.34 ^ _38395_/Y (sky130_fd_sc_hd__xnor2_1)
     2    0.01                           u_stage3.Add_Rslt_mag[161] (net)
                  0.18    0.00   22.34 ^ _38556_/A1 (sky130_fd_sc_hd__a21oi_1)
                  0.07    0.11   22.45 v _38556_/Y (sky130_fd_sc_hd__a21oi_1)
     1    0.01                           _10256_ (net)
                  0.07    0.00   22.45 v _38557_/A2 (sky130_fd_sc_hd__o21ba_1)
                  0.04    0.19   22.64 v _38557_/X (sky130_fd_sc_hd__o21ba_1)
     1    0.00                           _10257_ (net)
                  0.04    0.00   22.64 v _38558_/A2 (sky130_fd_sc_hd__o21a_1)
                  0.04    0.18   22.82 v _38558_/X (sky130_fd_sc_hd__o21a_1)
     1    0.00                           _10258_ (net)
                  0.04    0.00   22.82 v _38559_/A2 (sky130_fd_sc_hd__o21ba_1)
                  0.04    0.18   23.00 v _38559_/X (sky130_fd_sc_hd__o21ba_1)
     1    0.00                           _10259_ (net)
                  0.04    0.00   23.00 v _38560_/A2 (sky130_fd_sc_hd__o21ba_1)
                  0.04    0.18   23.18 v _38560_/X (sky130_fd_sc_hd__o21ba_1)
     1    0.00                           _10260_ (net)
                  0.04    0.00   23.18 v _38561_/A2 (sky130_fd_sc_hd__o21ba_1)
                  0.04    0.17   23.35 v _38561_/X (sky130_fd_sc_hd__o21ba_1)
     1    0.00                           _10261_ (net)
                  0.04    0.00   23.35 v _38562_/A2 (sky130_fd_sc_hd__o21ba_1)
                  0.04    0.18   23.53 v _38562_/X (sky130_fd_sc_hd__o21ba_1)
     1    0.00                           _10262_ (net)
                  0.04    0.00   23.53 v _38564_/A2 (sky130_fd_sc_hd__o21a_1)
                  0.04    0.18   23.71 v _38564_/X (sky130_fd_sc_hd__o21a_1)
     1    0.00                           _10264_ (net)
                  0.04    0.00   23.71 v _38565_/A2 (sky130_fd_sc_hd__o21ba_1)
                  0.04    0.17   23.88 v _38565_/X (sky130_fd_sc_hd__o21ba_1)
     1    0.00                           _10265_ (net)
                  0.04    0.00   23.88 v _38566_/A2 (sky130_fd_sc_hd__o21ba_1)
                  0.04    0.17   24.05 v _38566_/X (sky130_fd_sc_hd__o21ba_1)
     1    0.00                           _10266_ (net)
                  0.04    0.00   24.05 v _38567_/A2 (sky130_fd_sc_hd__o21ba_1)
                  0.04    0.17   24.22 v _38567_/X (sky130_fd_sc_hd__o21ba_1)
     1    0.00                           _10267_ (net)
                  0.04    0.00   24.22 v _38568_/A2 (sky130_fd_sc_hd__o21ba_1)
                  0.04    0.17   24.39 v _38568_/X (sky130_fd_sc_hd__o21ba_1)
     1    0.00                           _10268_ (net)
                  0.04    0.00   24.39 v _38569_/A2 (sky130_fd_sc_hd__o21ba_1)
                  0.04    0.17   24.56 v _38569_/X (sky130_fd_sc_hd__o21ba_1)
     1    0.00                           _10269_ (net)
                  0.04    0.00   24.56 v _38570_/A2 (sky130_fd_sc_hd__o21ba_1)
                  0.04    0.17   24.73 v _38570_/X (sky130_fd_sc_hd__o21ba_1)
     1    0.00                           _10270_ (net)
                  0.04    0.00   24.73 v _38571_/A2 (sky130_fd_sc_hd__o21a_1)
                  0.07    0.21   24.94 v _38571_/X (sky130_fd_sc_hd__o21a_1)
     1    0.01                           _10271_ (net)
                  0.07    0.00   24.94 v _38572_/A2 (sky130_fd_sc_hd__o21bai_1)
                  0.11    0.14   25.08 ^ _38572_/Y (sky130_fd_sc_hd__o21bai_1)
     1    0.00                           _10272_ (net)
                  0.11    0.00   25.08 ^ _38573_/A2 (sky130_fd_sc_hd__a21oi_1)
                  0.05    0.08   25.16 v _38573_/Y (sky130_fd_sc_hd__a21oi_1)
     1    0.00                           _10273_ (net)
                  0.05    0.00   25.16 v _38574_/A2 (sky130_fd_sc_hd__o21ba_1)
                  0.04    0.17   25.34 v _38574_/X (sky130_fd_sc_hd__o21ba_1)
     1    0.00                           _10274_ (net)
                  0.04    0.00   25.34 v _38575_/A2 (sky130_fd_sc_hd__o21ba_1)
                  0.04    0.17   25.51 v _38575_/X (sky130_fd_sc_hd__o21ba_1)
     1    0.00                           _10275_ (net)
                  0.04    0.00   25.51 v _38576_/A2 (sky130_fd_sc_hd__o21ba_1)
                  0.04    0.17   25.68 v _38576_/X (sky130_fd_sc_hd__o21ba_1)
     1    0.00                           _10276_ (net)
                  0.04    0.00   25.68 v _38577_/A2 (sky130_fd_sc_hd__o21a_1)
                  0.04    0.17   25.85 v _38577_/X (sky130_fd_sc_hd__o21a_1)
     1    0.00                           _10277_ (net)
                  0.04    0.00   25.85 v _38578_/A2 (sky130_fd_sc_hd__o21ba_1)
                  0.04    0.17   26.02 v _38578_/X (sky130_fd_sc_hd__o21ba_1)
     1    0.00                           _10278_ (net)
                  0.04    0.00   26.02 v _38579_/A2 (sky130_fd_sc_hd__o21ba_1)
                  0.04    0.18   26.19 v _38579_/X (sky130_fd_sc_hd__o21ba_1)
     1    0.00                           _10279_ (net)
                  0.04    0.00   26.19 v _38580_/A2 (sky130_fd_sc_hd__o21ba_1)
                  0.04    0.18   26.37 v _38580_/X (sky130_fd_sc_hd__o21ba_1)
     1    0.00                           _10280_ (net)
                  0.04    0.00   26.37 v _38581_/A2 (sky130_fd_sc_hd__o21ba_1)
                  0.03    0.17   26.54 v _38581_/X (sky130_fd_sc_hd__o21ba_1)
     1    0.00                           _10281_ (net)
                  0.03    0.00   26.54 v _38582_/A2 (sky130_fd_sc_hd__o21bai_1)
                  0.10    0.11   26.65 ^ _38582_/Y (sky130_fd_sc_hd__o21bai_1)
     1    0.00                           u_stage3.LZA_CNT_dual[8] (net)
                  0.10    0.00   26.65 ^ _44499_/D (sky130_fd_sc_hd__dfrtp_4)
                                 26.65   data arrival time

                         10.00   10.00   clock clk (rise edge)
                          0.00   10.00   clock source latency
                  0.40    0.27   10.27 ^ clk (in)
     2    0.09                           clk (net)
                  0.40    0.00   10.27 ^ clkbuf_0_clk/A (sky130_fd_sc_hd__clkbuf_16)
                  0.19    0.32   10.58 ^ clkbuf_0_clk/X (sky130_fd_sc_hd__clkbuf_16)
     6    0.18                           clknet_0_clk (net)
                  0.19    0.00   10.59 ^ clkbuf_2_0_0_clk/A (sky130_fd_sc_hd__clkbuf_8)
                  0.19    0.27   10.86 ^ clkbuf_2_0_0_clk/X (sky130_fd_sc_hd__clkbuf_8)
     4    0.11                           clknet_2_0_0_clk (net)
                  0.20    0.00   10.86 ^ clkbuf_4_3__f_clk/A (sky130_fd_sc_hd__clkbuf_16)
                  0.21    0.29   11.15 ^ clkbuf_4_3__f_clk/X (sky130_fd_sc_hd__clkbuf_16)
    15    0.20                           clknet_4_3__leaf_clk (net)
                  0.21    0.01   11.16 ^ clkbuf_leaf_175_clk/A (sky130_fd_sc_hd__clkbuf_16)
                  0.03    0.16   11.32 ^ clkbuf_leaf_175_clk/X (sky130_fd_sc_hd__clkbuf_16)
     2    0.01                           clknet_leaf_175_clk (net)
                  0.03    0.00   11.32 ^ _44499_/CLK (sky130_fd_sc_hd__dfrtp_4)
                         -0.25   11.07   clock uncertainty
                          0.06   11.13   clock reconvergence pessimism
                         -0.08   11.05   library setup time
                                 11.05   data required time
-----------------------------------------------------------------------------
                                 11.05   data required time
                                -26.65   data arrival time
-----------------------------------------------------------------------------
                                -15.60   slack (VIOLATED)




===========================================================================
 report_check_types -max_slew -max_cap -max_fanout -violators
============================================================================
======================= Typical Corner ===================================

max slew

Pin                                    Limit    Slew   Slack
------------------------------------------------------------
_35917_/B2                              0.75    0.76   -0.01 (VIOLATED)
_35683_/B2                              0.75    0.76   -0.01 (VIOLATED)
_33459_/B2                              0.75    0.76   -0.01 (VIOLATED)
_33097_/B1                              0.75    0.76   -0.01 (VIOLATED)
_33276_/A2                              0.75    0.76   -0.01 (VIOLATED)
_31874_/B1                              0.75    0.76   -0.01 (VIOLATED)
_31954_/A2                              0.75    0.76   -0.01 (VIOLATED)
_31872_/Y                               0.75    0.76   -0.01 (VIOLATED)
_33765_/B1                              0.75    0.75   -0.00 (VIOLATED)
_37017_/B                               0.75    0.75   -0.00 (VIOLATED)
_36944_/A                               0.75    0.75   -0.00 (VIOLATED)
_33764_/Y                               0.75    0.75   -0.00 (VIOLATED)

max fanout

Pin                                   Limit Fanout  Slack
---------------------------------------------------------
_24372_/X                                10     34    -24 (VIOLATED)
input181/X                               10     34    -24 (VIOLATED)
_24469_/X                                10     25    -15 (VIOLATED)
_24473_/X                                10     25    -15 (VIOLATED)
input139/X                               10     25    -15 (VIOLATED)
input184/X                               10     25    -15 (VIOLATED)
_22755_/X                                10     24    -14 (VIOLATED)
_23164_/X                                10     24    -14 (VIOLATED)
_24290_/X                                10     24    -14 (VIOLATED)
_24354_/X                                10     24    -14 (VIOLATED)
_24375_/X                                10     24    -14 (VIOLATED)
_24418_/X                                10     24    -14 (VIOLATED)
input121/X                               10     24    -14 (VIOLATED)
input132/X                               10     24    -14 (VIOLATED)
input148/X                               10     24    -14 (VIOLATED)
input163/X                               10     24    -14 (VIOLATED)
input6/X                                 10     24    -14 (VIOLATED)
_23076_/X                                10     23    -13 (VIOLATED)
_24351_/X                                10     23    -13 (VIOLATED)
_24359_/X                                10     23    -13 (VIOLATED)
_24413_/X                                10     23    -13 (VIOLATED)
_24417_/X                                10     23    -13 (VIOLATED)
_24419_/X                                10     23    -13 (VIOLATED)
_24456_/X                                10     23    -13 (VIOLATED)
_24479_/X                                10     23    -13 (VIOLATED)
clkbuf_4_4__f_clk/X                      10     23    -13 (VIOLATED)
input104/X                               10     23    -13 (VIOLATED)
input105/X                               10     23    -13 (VIOLATED)
input106/X                               10     23    -13 (VIOLATED)
input110/X                               10     23    -13 (VIOLATED)
input115/X                               10     23    -13 (VIOLATED)
input125/X                               10     23    -13 (VIOLATED)
input133/X                               10     23    -13 (VIOLATED)
input137/X                               10     23    -13 (VIOLATED)
input145/X                               10     23    -13 (VIOLATED)
input146/X                               10     23    -13 (VIOLATED)
input147/X                               10     23    -13 (VIOLATED)
input155/X                               10     23    -13 (VIOLATED)
input159/X                               10     23    -13 (VIOLATED)
input172/X                               10     23    -13 (VIOLATED)
input193/X                               10     23    -13 (VIOLATED)
input42/X                                10     23    -13 (VIOLATED)
input72/X                                10     23    -13 (VIOLATED)
input8/X                                 10     23    -13 (VIOLATED)
input84/X                                10     23    -13 (VIOLATED)
input150/X                               10     22    -12 (VIOLATED)
input31/X                                10     22    -12 (VIOLATED)
input52/X                                10     22    -12 (VIOLATED)
input114/X                               10     21    -11 (VIOLATED)
input179/X                               10     21    -11 (VIOLATED)
input188/X                               10     21    -11 (VIOLATED)
input27/X                                10     21    -11 (VIOLATED)
input92/X                                10     21    -11 (VIOLATED)
clkbuf_leaf_22_clk/X                     10     20    -10 (VIOLATED)
clkbuf_leaf_2_clk/X                      10     20    -10 (VIOLATED)
clkbuf_leaf_37_clk/X                     10     20    -10 (VIOLATED)
input134/X                               10     19     -9 (VIOLATED)
input144/X                               10     19     -9 (VIOLATED)
input176/X                               10     19     -9 (VIOLATED)
input178/X                               10     19     -9 (VIOLATED)
input32/X                                10     19     -9 (VIOLATED)
input41/X                                10     19     -9 (VIOLATED)
input5/X                                 10     19     -9 (VIOLATED)
input55/X                                10     19     -9 (VIOLATED)
input7/X                                 10     19     -9 (VIOLATED)
input86/X                                10     19     -9 (VIOLATED)
_24433_/X                                10     18     -8 (VIOLATED)
_24482_/X                                10     18     -8 (VIOLATED)
input112/X                               10     18     -8 (VIOLATED)
input126/X                               10     18     -8 (VIOLATED)
clkbuf_leaf_20_clk/X                     10     17     -7 (VIOLATED)
clkbuf_leaf_41_clk/X                     10     17     -7 (VIOLATED)
input175/X                               10     17     -7 (VIOLATED)
input190/X                               10     17     -7 (VIOLATED)
input34/X                                10     17     -7 (VIOLATED)
input58/X                                10     17     -7 (VIOLATED)
input59/X                                10     17     -7 (VIOLATED)
input79/X                                10     17     -7 (VIOLATED)
_24326_/X                                10     16     -6 (VIOLATED)
clkbuf_4_12__f_clk/X                     10     16     -6 (VIOLATED)
clkbuf_4_6__f_clk/X                      10     16     -6 (VIOLATED)
clkbuf_leaf_18_clk/X                     10     16     -6 (VIOLATED)
clkbuf_leaf_3_clk/X                      10     16     -6 (VIOLATED)
clkbuf_leaf_57_clk/X                     10     16     -6 (VIOLATED)
input160/X                               10     16     -6 (VIOLATED)
input191/X                               10     16     -6 (VIOLATED)
input35/X                                10     16     -6 (VIOLATED)
input37/X                                10     16     -6 (VIOLATED)
input39/X                                10     16     -6 (VIOLATED)
_24441_/X                                10     15     -5 (VIOLATED)
clkbuf_4_3__f_clk/X                      10     15     -5 (VIOLATED)
clkbuf_leaf_132_clk/X                    10     15     -5 (VIOLATED)
clkbuf_leaf_158_clk/X                    10     15     -5 (VIOLATED)
clkbuf_leaf_177_clk/X                    10     15     -5 (VIOLATED)
clkbuf_leaf_53_clk/X                     10     15     -5 (VIOLATED)
clkbuf_leaf_82_clk/X                     10     15     -5 (VIOLATED)
clkbuf_leaf_86_clk/X                     10     15     -5 (VIOLATED)
input26/X                                10     15     -5 (VIOLATED)
input43/X                                10     15     -5 (VIOLATED)
input75/X                                10     15     -5 (VIOLATED)
input95/X                                10     15     -5 (VIOLATED)
_24302_/X                                10     14     -4 (VIOLATED)
clkbuf_4_5__f_clk/X                      10     14     -4 (VIOLATED)
clkbuf_leaf_39_clk/X                     10     14     -4 (VIOLATED)
input168/X                               10     14     -4 (VIOLATED)
input173/X                               10     14     -4 (VIOLATED)
input69/X                                10     14     -4 (VIOLATED)
_24310_/X                                10     13     -3 (VIOLATED)
clkbuf_4_2__f_clk/X                      10     13     -3 (VIOLATED)
clkbuf_leaf_164_clk/X                    10     13     -3 (VIOLATED)
clkbuf_leaf_47_clk/X                     10     13     -3 (VIOLATED)
clkbuf_leaf_59_clk/X                     10     13     -3 (VIOLATED)
clkbuf_leaf_84_clk/X                     10     13     -3 (VIOLATED)
input195/X                               10     13     -3 (VIOLATED)
input78/X                                10     13     -3 (VIOLATED)
_22157_/X                                10     12     -2 (VIOLATED)
_24348_/X                                10     12     -2 (VIOLATED)
_24353_/X                                10     12     -2 (VIOLATED)
_24365_/X                                10     12     -2 (VIOLATED)
clkbuf_4_13__f_clk/X                     10     12     -2 (VIOLATED)
clkbuf_4_14__f_clk/X                     10     12     -2 (VIOLATED)
clkbuf_4_1__f_clk/X                      10     12     -2 (VIOLATED)
clkbuf_4_7__f_clk/X                      10     12     -2 (VIOLATED)
clkbuf_leaf_128_clk/X                    10     12     -2 (VIOLATED)
clkbuf_leaf_24_clk/X                     10     12     -2 (VIOLATED)
input70/X                                10     12     -2 (VIOLATED)
_21942_/X                                10     11        (VIOLATED)
_21944_/X                                10     11        (VIOLATED)
_24485_/X                                10     11        (VIOLATED)
_24498_/Y                                10     11        (VIOLATED)
_30544_/X                                10     11        (VIOLATED)
_34534_/X                                10     11        (VIOLATED)
_34564_/X                                10     11        (VIOLATED)
clkbuf_leaf_130_clk/X                    10     11        (VIOLATED)
clkbuf_leaf_173_clk/X                    10     11        (VIOLATED)
clkbuf_leaf_19_clk/X                     10     11        (VIOLATED)
clkbuf_leaf_49_clk/X                     10     11        (VIOLATED)
clkbuf_leaf_50_clk/X                     10     11        (VIOLATED)
clkbuf_leaf_55_clk/X                     10     11        (VIOLATED)
clkbuf_leaf_58_clk/X                     10     11        (VIOLATED)
clkbuf_leaf_67_clk/X                     10     11        (VIOLATED)
clkbuf_leaf_75_clk/X                     10     11        (VIOLATED)
input171/X                               10     11        (VIOLATED)



===========================================================================
report_parasitic_annotation -report_unannotated
============================================================================
Found 2 unannotated drivers.
 Cvt
 _44488__480/LO
Found 0 partially unannotated drivers.

===========================================================================
max slew violation count 12
max fanout violation count 143
max cap violation count 0
============================================================================

===========================================================================
check_setup -verbose -unconstrained_endpoints -multiple_clock -no_clock -no_input_delay -loops -generated_clocks
===========================================================================
Warning: There is 1 unconstrained endpoint.
  _44488_/D
