Partial/Required:  5.68, Required:    400.0, Partial:  2273.46, Net: net236, Pin: output236/A, Layer: met1
Partial/Required:  5.10, Required:    400.0, Partial:  2038.33, Net: net45, Pin: _42634_/A1, Layer: met1
Partial/Required:  4.76, Required:    400.0, Partial:  1902.89, Net: net94, Pin: _42567_/A1, Layer: met1
Partial/Required:  4.60, Required:    400.0, Partial:   1839.0, Net: net12, Pin: _42628_/A1, Layer: met1
Partial/Required:  2.66, Required:    400.0, Partial:   1065.0, Net: net135, Pin: _42387_/A1, Layer: met1
Partial/Required:  2.61, Required:    400.0, Partial:  1044.22, Net: net61, Pin: _42638_/A1, Layer: met1
Partial/Required:  2.33, Required:    400.0, Partial:   933.44, Net: net56, Pin: _42636_/A1, Layer: met1
Partial/Required:  2.33, Required:    400.0, Partial:   930.51, Net: net265, Pin: output265/A, Layer: met1
Partial/Required:  2.28, Required:    400.0, Partial:   911.72, Net: u_stage1.MaxExp\[19\], Pin: _43245_/A1, Layer: met2
Partial/Required:  2.27, Required:    400.0, Partial:   908.78, Net: net96, Pin: _42571_/A1, Layer: met1
Partial/Required:  2.12, Required:    400.0, Partial:   849.72, Net: u_stage1.Aligned_C\[137\], Pin: _43169_/A1, Layer: met2
Partial/Required:  1.83, Required:    400.0, Partial:   733.78, Net: _04395_, Pin: _32488_/B, Layer: met2
Partial/Required:  1.83, Required:    400.0, Partial:   732.83, Net: net192, Pin: _42375_/A1, Layer: met2
Partial/Required:  1.71, Required:    400.0, Partial:   685.67, Net: _11939_, Pin: _40376_/A1, Layer: met1
Partial/Required:  1.70, Required:    400.0, Partial:   681.33, Net: _20192_, Pin: _27507_/A0, Layer: met1
Partial/Required:  1.50, Required:    400.0, Partial:   598.33, Net: u_stage1.B_reg\[12\], Pin: _27860_/D, Layer: met1
Partial/Required:  1.43, Required:    400.0, Partial:   573.78, Net: u_stage1.A_reg\[22\], Pin: _42672_/A0, Layer: met1
Partial/Required:  1.40, Required:    400.0, Partial:   560.33, Net: net230, Pin: output230/A, Layer: met1
Partial/Required:  1.39, Required:    400.0, Partial:   557.11, Net: net183, Pin: _42480_/A1, Layer: met1
Partial/Required:  1.32, Required:    400.0, Partial:   528.56, Net: _11814_, Pin: _40243_/A1, Layer: met1
Partial/Required:  1.30, Required:    400.0, Partial:   520.83, Net: u_stage1.ProdASC_w\[3\], Pin: _43744_/D, Layer: met2
Partial/Required:  1.27, Required:    400.0, Partial:    507.0, Net: u_stage1.A_reg\[39\], Pin: _31169_/A, Layer: met1
Partial/Required:  1.26, Required:    400.0, Partial:    505.0, Net: net63, Pin: _42643_/A1, Layer: met1
Partial/Required:  1.25, Required:    400.0, Partial:   499.87, Net: _17322_, Pin: _24425_/A, Layer: met1
Partial/Required:  1.21, Required:    400.0, Partial:   484.19, Net: _16489_, Pin: _23598_/A1, Layer: met3
Partial/Required:  1.19, Required:    400.0, Partial:   474.23, Net: net260, Pin: output260/A, Layer: met1
Partial/Required:  1.18, Required:    400.0, Partial:   472.89, Net: _12900_, Pin: _41369_/A1, Layer: met1
Partial/Required:  1.18, Required:    400.0, Partial:    470.0, Net: u_stage1.partial_products_sum_w\[103\], Pin: _43732_/D, Layer: met1
Partial/Required:  1.14, Required:    400.0, Partial:    454.0, Net: _00880_, Pin: _29023_/B, Layer: met1
Partial/Required:  1.13, Required:    400.0, Partial:   453.67, Net: _12205_, Pin: _40655_/A1, Layer: met1
Partial/Required:  1.11, Required:    400.0, Partial:   443.95, Net: net327, Pin: fanout314/A, Layer: met1
Partial/Required:  1.10, Required:    400.0, Partial:   439.24, Net: _14748_, Pin: _21812_/A, Layer: met3
Partial/Required:  1.10, Required:    400.0, Partial:   439.24, Net: _17264_, Pin: _24341_/A, Layer: met1
Partial/Required:  1.06, Required:    400.0, Partial:   422.44, Net: _13462_, Pin: _42102_/A0, Layer: met1
Partial/Required:  1.04, Required:    400.0, Partial:   416.17, Net: _13668_, Pin: _42179_/A1, Layer: met2
Partial/Required:  1.03, Required:    400.0, Partial:   413.03, Net: _19259_, Pin: _26658_/A3, Layer: met3
Partial/Required:  1.03, Required:    400.0, Partial:   410.33, Net: net440, Pin: _44429_/RESET_B, Layer: met1
Partial/Required:  1.01, Required:    400.0, Partial:   402.14, Net: u_stage1.partial_products_sum_w\[105\], Pin: _43734_/D, Layer: met1
