Partial/Required:  4.71, Required:    400.0, Partial:  1885.33, Net: net368, Pin: _4183_/B, Layer: met1
Partial/Required:  4.12, Required:    400.0, Partial:   1649.0, Net: net344, Pin: _3825_/B, Layer: met1
Partial/Required:  3.32, Required:    400.0, Partial:  1329.33, Net: net167, Pin: _3593_/A, Layer: met1
Partial/Required:  3.22, Required:    400.0, Partial:  1289.56, Net: net451, Pin: _3103_/B, Layer: met1
Partial/Required:  3.15, Required:    400.0, Partial:  1260.16, Net: net687, Pin: output687/A, Layer: met2
Partial/Required:  2.81, Required:    400.0, Partial:  1123.12, Net: net530, Pin: output530/A, Layer: met2
Partial/Required:  2.79, Required:    400.0, Partial:  1116.58, Net: net659, Pin: output659/A, Layer: met1
Partial/Required:  2.77, Required:    400.0, Partial:  1107.67, Net: net570, Pin: output570/A, Layer: met1
Partial/Required:  2.75, Required:    400.0, Partial:  1100.28, Net: net581, Pin: output581/A, Layer: met1
Partial/Required:  2.52, Required:    400.0, Partial:  1007.74, Net: net546, Pin: output546/A, Layer: met1
Partial/Required:  2.40, Required:    400.0, Partial:   959.36, Net: net665, Pin: output665/A, Layer: met1
Partial/Required:  2.21, Required:    400.0, Partial:   885.29, Net: net598, Pin: output598/A, Layer: met1
Partial/Required:  2.15, Required:    400.0, Partial:   861.16, Net: net515, Pin: output515/A, Layer: met1
Partial/Required:  2.02, Required:    400.0, Partial:   806.68, Net: net537, Pin: output537/A, Layer: met1
Partial/Required:  2.01, Required:    400.0, Partial:   805.16, Net: net593, Pin: output593/A, Layer: met1
Partial/Required:  1.97, Required:    400.0, Partial:   789.03, Net: u_stage3_reg.LZA_CNT_in\[10\], Pin: _5939_/D, Layer: met1
Partial/Required:  1.93, Required:    400.0, Partial:   773.94, Net: net505, Pin: output505/A, Layer: met1
Partial/Required:  1.91, Required:    400.0, Partial:   762.11, Net: net400, Pin: _3042_/B, Layer: met1
Partial/Required:  1.77, Required:    400.0, Partial:   707.56, Net: u_complementer.Out\[110\], Pin: _5144_/B1_N, Layer: met1
Partial/Required:  1.75, Required:    400.0, Partial:   700.26, Net: net502, Pin: output502/A, Layer: met1
Partial/Required:  1.73, Required:    400.0, Partial:   690.27, Net: net548, Pin: output548/A, Layer: met1
Partial/Required:  1.68, Required:    400.0, Partial:   673.64, Net: net661, Pin: output661/A, Layer: met1
Partial/Required:  1.68, Required:    400.0, Partial:   670.83, Net: u_complementer.Out\[139\], Pin: _5896_/D, Layer: met2
Partial/Required:  1.68, Required:    400.0, Partial:   670.55, Net: net529, Pin: output529/A, Layer: met1
Partial/Required:  1.61, Required:    400.0, Partial:   644.92, Net: net562, Pin: output562/A, Layer: met1
Partial/Required:  1.61, Required:    400.0, Partial:   643.77, Net: net260, Pin: _2889_/A, Layer: met1
Partial/Required:  1.59, Required:    400.0, Partial:   637.43, Net: net668, Pin: output668/A, Layer: met1
Partial/Required:  1.53, Required:    400.0, Partial:   613.23, Net: clknet_4_9_0_clk, Pin: _5779_/CLK, Layer: met1
Partial/Required:  1.53, Required:    400.0, Partial:   613.23, Net: clknet_4_9_0_clk, Pin: _5941_/CLK, Layer: met1
Partial/Required:  1.50, Required:    400.0, Partial:   600.67, Net: u_complementer.Out\[159\], Pin: _5916_/D, Layer: met1
Partial/Required:  1.49, Required:    400.0, Partial:   596.67, Net: u_complementer.Out\[49\], Pin: _5806_/D, Layer: met1
Partial/Required:  1.46, Required:    400.0, Partial:   584.95, Net: net58, Pin: _3995_/A1, Layer: met1
Partial/Required:  1.46, Required:    400.0, Partial:   582.94, Net: net545, Pin: output545/A, Layer: met1
Partial/Required:  1.38, Required:    400.0, Partial:   550.16, Net: net131, Pin: _3534_/A1, Layer: met1
Partial/Required:  1.36, Required:    400.0, Partial:   544.89, Net: net380, Pin: _4088_/B, Layer: met1
Partial/Required:  1.35, Required:    400.0, Partial:    541.9, Net: net321, Pin: _3363_/A, Layer: met1
Partial/Required:  1.35, Required:    400.0, Partial:    541.9, Net: net321, Pin: _3364_/A, Layer: met1
Partial/Required:  1.32, Required:    400.0, Partial:    527.0, Net: net633, Pin: output633/A, Layer: met1
Partial/Required:  1.24, Required:    400.0, Partial:    497.3, Net: net637, Pin: output637/A, Layer: met1
Partial/Required:  1.24, Required:    400.0, Partial:   497.01, Net: net684, Pin: _5946_/A, Layer: met2
Partial/Required:  1.24, Required:    400.0, Partial:   497.01, Net: net684, Pin: output684/A, Layer: met2
Partial/Required:  1.24, Required:    400.0, Partial:   496.77, Net: net682, Pin: output682/A, Layer: met1
Partial/Required:  1.23, Required:    400.0, Partial:   492.23, Net: net638, Pin: output638/A, Layer: met1
Partial/Required:  1.20, Required:    400.0, Partial:   480.14, Net: net596, Pin: output596/A, Layer: met1
Partial/Required:  1.17, Required:    400.0, Partial:   468.78, Net: u_complementer.Out\[4\], Pin: _5761_/D, Layer: met1
Partial/Required:  1.16, Required:    400.0, Partial:    464.0, Net: u_complementer.Out\[134\], Pin: _5891_/D, Layer: met1
Partial/Required:  1.07, Required:    400.0, Partial:   429.22, Net: _1092_, Pin: _4207_/B, Layer: met1
Partial/Required:  1.07, Required:    400.0, Partial:   429.22, Net: _1092_, Pin: _4206_/B, Layer: met1
Partial/Required:  1.06, Required:    400.0, Partial:   425.81, Net: net401, Pin: _2800_/B, Layer: met1
Partial/Required:  1.06, Required:    400.0, Partial:   425.81, Net: net401, Pin: _2799_/B, Layer: met1
Partial/Required:  1.06, Required:    400.0, Partial:   424.02, Net: net161, Pin: _3627_/A, Layer: met1
Partial/Required:  1.03, Required:    400.0, Partial:   411.56, Net: u_complementer.Out\[38\], Pin: _5795_/D, Layer: met1
Partial/Required:  1.03, Required:    400.0, Partial:   410.33, Net: u_stage3_reg.LZA_CNT_in\[11\], Pin: _5940_/D, Layer: met1
Partial/Required:  1.00, Required:    400.0, Partial:   401.75, Net: net181, Pin: _3742_/A, Layer: met1
Partial/Required:  1.00, Required:    400.0, Partial:   401.75, Net: net181, Pin: _3743_/A, Layer: met1
