
43. Executing CHECK pass (checking for obvious problems).
Checking module $paramod\csa4_2\W=s32'00000000000000000000000001110000...
Checking module Complementer...
Checking module Output_Formatter...
Checking module $paramod\csa4_2\W=s32'00000000000000000000000000111000...
Checking module DPDAC_top...
Checking module Normalization_Shifter...
Checking module Stage2_Pipeline_Register...
Checking module Sign_Generator...
Checking module mult14_radix4_booth...
Checking module csa3_32...
Checking module Stage2_Top...
Checking module Stage4_Pipeline_Register...
Checking module sign_logic...
Checking module Rounder...
Checking module Stage2PreAdderCPA...
Checking module component_formatter...
Checking module Stage2_Adder...
Checking module low_cost_multiplier_array...
Checking module multiplier_array_block...
Checking module Stage3_Pipeline_Register...
Checking module exponent_comparison...
Checking module addend_alignment_shifter...
Checking module Stage3_Top...
Checking module Stage4_Top...
Checking module Products_Alignment_Shifter...
Checking module Stage1_Module...
Found and reported 0 problems.
