
67. Executing CHECK pass (checking for obvious problems).
Checking module Stage1_Module...
Warning: Wire Stage1_Module.\valid_out is used but has no driver.
Warning: Wire Stage1_Module.\partial_products_sum [111] is used but has no driver.
Warning: Wire Stage1_Module.\partial_products_sum [110] is used but has no driver.
Warning: Wire Stage1_Module.\partial_products_sum [109] is used but has no driver.
Warning: Wire Stage1_Module.\partial_products_sum [108] is used but has no driver.
Warning: Wire Stage1_Module.\partial_products_sum [107] is used but has no driver.
Warning: Wire Stage1_Module.\partial_products_sum [106] is used but has no driver.
Warning: Wire Stage1_Module.\partial_products_sum [105] is used but has no driver.
Warning: Wire Stage1_Module.\partial_products_sum [104] is used but has no driver.
Warning: Wire Stage1_Module.\partial_products_sum [103] is used but has no driver.
Warning: Wire Stage1_Module.\partial_products_sum [102] is used but has no driver.
Warning: Wire Stage1_Module.\partial_products_sum [101] is used but has no driver.
Warning: Wire Stage1_Module.\partial_products_sum [100] is used but has no driver.
Warning: Wire Stage1_Module.\partial_products_sum [99] is used but has no driver.
Warning: Wire Stage1_Module.\partial_products_sum [98] is used but has no driver.
Warning: Wire Stage1_Module.\partial_products_sum [97] is used but has no driver.
Warning: Wire Stage1_Module.\partial_products_sum [96] is used but has no driver.
Warning: Wire Stage1_Module.\partial_products_sum [95] is used but has no driver.
Warning: Wire Stage1_Module.\partial_products_sum [94] is used but has no driver.
Warning: Wire Stage1_Module.\partial_products_sum [93] is used but has no driver.
Warning: Wire Stage1_Module.\partial_products_sum [92] is used but has no driver.
Warning: Wire Stage1_Module.\partial_products_sum [91] is used but has no driver.
Warning: Wire Stage1_Module.\partial_products_sum [90] is used but has no driver.
Warning: Wire Stage1_Module.\partial_products_sum [89] is used but has no driver.
Warning: Wire Stage1_Module.\partial_products_sum [88] is used but has no driver.
Warning: Wire Stage1_Module.\partial_products_sum [87] is used but has no driver.
Warning: Wire Stage1_Module.\partial_products_sum [86] is used but has no driver.
Warning: Wire Stage1_Module.\partial_products_sum [85] is used but has no driver.
Warning: Wire Stage1_Module.\partial_products_sum [84] is used but has no driver.
Warning: Wire Stage1_Module.\partial_products_sum [83] is used but has no driver.
Warning: Wire Stage1_Module.\partial_products_sum [82] is used but has no driver.
Warning: Wire Stage1_Module.\partial_products_sum [81] is used but has no driver.
Warning: Wire Stage1_Module.\partial_products_sum [80] is used but has no driver.
Warning: Wire Stage1_Module.\partial_products_sum [79] is used but has no driver.
Warning: Wire Stage1_Module.\partial_products_sum [78] is used but has no driver.
Warning: Wire Stage1_Module.\partial_products_sum [77] is used but has no driver.
Warning: Wire Stage1_Module.\partial_products_sum [76] is used but has no driver.
Warning: Wire Stage1_Module.\partial_products_sum [75] is used but has no driver.
Warning: Wire Stage1_Module.\partial_products_sum [74] is used but has no driver.
Warning: Wire Stage1_Module.\partial_products_sum [73] is used but has no driver.
Warning: Wire Stage1_Module.\partial_products_sum [72] is used but has no driver.
Warning: Wire Stage1_Module.\partial_products_sum [71] is used but has no driver.
Warning: Wire Stage1_Module.\partial_products_sum [70] is used but has no driver.
Warning: Wire Stage1_Module.\partial_products_sum [69] is used but has no driver.
Warning: Wire Stage1_Module.\partial_products_sum [68] is used but has no driver.
Warning: Wire Stage1_Module.\partial_products_sum [67] is used but has no driver.
Warning: Wire Stage1_Module.\partial_products_sum [66] is used but has no driver.
Warning: Wire Stage1_Module.\partial_products_sum [65] is used but has no driver.
Warning: Wire Stage1_Module.\partial_products_sum [64] is used but has no driver.
Warning: Wire Stage1_Module.\partial_products_sum [63] is used but has no driver.
Warning: Wire Stage1_Module.\partial_products_sum [62] is used but has no driver.
Warning: Wire Stage1_Module.\partial_products_sum [61] is used but has no driver.
Warning: Wire Stage1_Module.\partial_products_sum [60] is used but has no driver.
Warning: Wire Stage1_Module.\partial_products_sum [59] is used but has no driver.
Warning: Wire Stage1_Module.\partial_products_sum [58] is used but has no driver.
Warning: Wire Stage1_Module.\partial_products_sum [57] is used but has no driver.
Warning: Wire Stage1_Module.\partial_products_sum [56] is used but has no driver.
Warning: Wire Stage1_Module.\partial_products_sum [55] is used but has no driver.
Warning: Wire Stage1_Module.\partial_products_sum [54] is used but has no driver.
Warning: Wire Stage1_Module.\partial_products_sum [53] is used but has no driver.
Warning: Wire Stage1_Module.\partial_products_sum [52] is used but has no driver.
Warning: Wire Stage1_Module.\partial_products_sum [51] is used but has no driver.
Warning: Wire Stage1_Module.\partial_products_sum [50] is used but has no driver.
Warning: Wire Stage1_Module.\partial_products_sum [49] is used but has no driver.
Warning: Wire Stage1_Module.\partial_products_sum [48] is used but has no driver.
Warning: Wire Stage1_Module.\partial_products_sum [47] is used but has no driver.
Warning: Wire Stage1_Module.\partial_products_sum [46] is used but has no driver.
Warning: Wire Stage1_Module.\partial_products_sum [45] is used but has no driver.
Warning: Wire Stage1_Module.\partial_products_sum [44] is used but has no driver.
Warning: Wire Stage1_Module.\partial_products_sum [43] is used but has no driver.
Warning: Wire Stage1_Module.\partial_products_sum [42] is used but has no driver.
Warning: Wire Stage1_Module.\partial_products_sum [41] is used but has no driver.
Warning: Wire Stage1_Module.\partial_products_sum [40] is used but has no driver.
Warning: Wire Stage1_Module.\partial_products_sum [39] is used but has no driver.
Warning: Wire Stage1_Module.\partial_products_sum [38] is used but has no driver.
Warning: Wire Stage1_Module.\partial_products_sum [37] is used but has no driver.
Warning: Wire Stage1_Module.\partial_products_sum [36] is used but has no driver.
Warning: Wire Stage1_Module.\partial_products_sum [35] is used but has no driver.
Warning: Wire Stage1_Module.\partial_products_sum [34] is used but has no driver.
Warning: Wire Stage1_Module.\partial_products_sum [33] is used but has no driver.
Warning: Wire Stage1_Module.\partial_products_sum [32] is used but has no driver.
Warning: Wire Stage1_Module.\partial_products_sum [31] is used but has no driver.
Warning: Wire Stage1_Module.\partial_products_sum [30] is used but has no driver.
Warning: Wire Stage1_Module.\partial_products_sum [29] is used but has no driver.
Warning: Wire Stage1_Module.\partial_products_sum [28] is used but has no driver.
Warning: Wire Stage1_Module.\partial_products_sum [27] is used but has no driver.
Warning: Wire Stage1_Module.\partial_products_sum [26] is used but has no driver.
Warning: Wire Stage1_Module.\partial_products_sum [25] is used but has no driver.
Warning: Wire Stage1_Module.\partial_products_sum [24] is used but has no driver.
Warning: Wire Stage1_Module.\partial_products_sum [23] is used but has no driver.
Warning: Wire Stage1_Module.\partial_products_sum [22] is used but has no driver.
Warning: Wire Stage1_Module.\partial_products_sum [21] is used but has no driver.
Warning: Wire Stage1_Module.\partial_products_sum [20] is used but has no driver.
Warning: Wire Stage1_Module.\partial_products_sum [19] is used but has no driver.
Warning: Wire Stage1_Module.\partial_products_sum [18] is used but has no driver.
Warning: Wire Stage1_Module.\partial_products_sum [17] is used but has no driver.
Warning: Wire Stage1_Module.\partial_products_sum [16] is used but has no driver.
Warning: Wire Stage1_Module.\partial_products_sum [15] is used but has no driver.
Warning: Wire Stage1_Module.\partial_products_sum [14] is used but has no driver.
Warning: Wire Stage1_Module.\partial_products_sum [13] is used but has no driver.
Warning: Wire Stage1_Module.\partial_products_sum [12] is used but has no driver.
Warning: Wire Stage1_Module.\partial_products_sum [11] is used but has no driver.
Warning: Wire Stage1_Module.\partial_products_sum [10] is used but has no driver.
Warning: Wire Stage1_Module.\partial_products_sum [9] is used but has no driver.
Warning: Wire Stage1_Module.\partial_products_sum [8] is used but has no driver.
Warning: Wire Stage1_Module.\partial_products_sum [7] is used but has no driver.
Warning: Wire Stage1_Module.\partial_products_sum [6] is used but has no driver.
Warning: Wire Stage1_Module.\partial_products_sum [5] is used but has no driver.
Warning: Wire Stage1_Module.\partial_products_sum [4] is used but has no driver.
Warning: Wire Stage1_Module.\partial_products_sum [3] is used but has no driver.
Warning: Wire Stage1_Module.\partial_products_sum [2] is used but has no driver.
Warning: Wire Stage1_Module.\partial_products_sum [1] is used but has no driver.
Warning: Wire Stage1_Module.\partial_products_sum [0] is used but has no driver.
Warning: Wire Stage1_Module.\partial_products_carry [111] is used but has no driver.
Warning: Wire Stage1_Module.\partial_products_carry [110] is used but has no driver.
Warning: Wire Stage1_Module.\partial_products_carry [109] is used but has no driver.
Warning: Wire Stage1_Module.\partial_products_carry [108] is used but has no driver.
Warning: Wire Stage1_Module.\partial_products_carry [107] is used but has no driver.
Warning: Wire Stage1_Module.\partial_products_carry [106] is used but has no driver.
Warning: Wire Stage1_Module.\partial_products_carry [105] is used but has no driver.
Warning: Wire Stage1_Module.\partial_products_carry [104] is used but has no driver.
Warning: Wire Stage1_Module.\partial_products_carry [103] is used but has no driver.
Warning: Wire Stage1_Module.\partial_products_carry [102] is used but has no driver.
Warning: Wire Stage1_Module.\partial_products_carry [101] is used but has no driver.
Warning: Wire Stage1_Module.\partial_products_carry [100] is used but has no driver.
Warning: Wire Stage1_Module.\partial_products_carry [99] is used but has no driver.
Warning: Wire Stage1_Module.\partial_products_carry [98] is used but has no driver.
Warning: Wire Stage1_Module.\partial_products_carry [97] is used but has no driver.
Warning: Wire Stage1_Module.\partial_products_carry [96] is used but has no driver.
Warning: Wire Stage1_Module.\partial_products_carry [95] is used but has no driver.
Warning: Wire Stage1_Module.\partial_products_carry [94] is used but has no driver.
Warning: Wire Stage1_Module.\partial_products_carry [93] is used but has no driver.
Warning: Wire Stage1_Module.\partial_products_carry [92] is used but has no driver.
Warning: Wire Stage1_Module.\partial_products_carry [91] is used but has no driver.
Warning: Wire Stage1_Module.\partial_products_carry [90] is used but has no driver.
Warning: Wire Stage1_Module.\partial_products_carry [89] is used but has no driver.
Warning: Wire Stage1_Module.\partial_products_carry [88] is used but has no driver.
Warning: Wire Stage1_Module.\partial_products_carry [87] is used but has no driver.
Warning: Wire Stage1_Module.\partial_products_carry [86] is used but has no driver.
Warning: Wire Stage1_Module.\partial_products_carry [85] is used but has no driver.
Warning: Wire Stage1_Module.\partial_products_carry [84] is used but has no driver.
Warning: Wire Stage1_Module.\partial_products_carry [83] is used but has no driver.
Warning: Wire Stage1_Module.\partial_products_carry [82] is used but has no driver.
Warning: Wire Stage1_Module.\partial_products_carry [81] is used but has no driver.
Warning: Wire Stage1_Module.\partial_products_carry [80] is used but has no driver.
Warning: Wire Stage1_Module.\partial_products_carry [79] is used but has no driver.
Warning: Wire Stage1_Module.\partial_products_carry [78] is used but has no driver.
Warning: Wire Stage1_Module.\partial_products_carry [77] is used but has no driver.
Warning: Wire Stage1_Module.\partial_products_carry [76] is used but has no driver.
Warning: Wire Stage1_Module.\partial_products_carry [75] is used but has no driver.
Warning: Wire Stage1_Module.\partial_products_carry [74] is used but has no driver.
Warning: Wire Stage1_Module.\partial_products_carry [73] is used but has no driver.
Warning: Wire Stage1_Module.\partial_products_carry [72] is used but has no driver.
Warning: Wire Stage1_Module.\partial_products_carry [71] is used but has no driver.
Warning: Wire Stage1_Module.\partial_products_carry [70] is used but has no driver.
Warning: Wire Stage1_Module.\partial_products_carry [69] is used but has no driver.
Warning: Wire Stage1_Module.\partial_products_carry [68] is used but has no driver.
Warning: Wire Stage1_Module.\partial_products_carry [67] is used but has no driver.
Warning: Wire Stage1_Module.\partial_products_carry [66] is used but has no driver.
Warning: Wire Stage1_Module.\partial_products_carry [65] is used but has no driver.
Warning: Wire Stage1_Module.\partial_products_carry [64] is used but has no driver.
Warning: Wire Stage1_Module.\partial_products_carry [63] is used but has no driver.
Warning: Wire Stage1_Module.\partial_products_carry [62] is used but has no driver.
Warning: Wire Stage1_Module.\partial_products_carry [61] is used but has no driver.
Warning: Wire Stage1_Module.\partial_products_carry [60] is used but has no driver.
Warning: Wire Stage1_Module.\partial_products_carry [59] is used but has no driver.
Warning: Wire Stage1_Module.\partial_products_carry [58] is used but has no driver.
Warning: Wire Stage1_Module.\partial_products_carry [57] is used but has no driver.
Warning: Wire Stage1_Module.\partial_products_carry [56] is used but has no driver.
Warning: Wire Stage1_Module.\partial_products_carry [55] is used but has no driver.
Warning: Wire Stage1_Module.\partial_products_carry [54] is used but has no driver.
Warning: Wire Stage1_Module.\partial_products_carry [53] is used but has no driver.
Warning: Wire Stage1_Module.\partial_products_carry [52] is used but has no driver.
Warning: Wire Stage1_Module.\partial_products_carry [51] is used but has no driver.
Warning: Wire Stage1_Module.\partial_products_carry [50] is used but has no driver.
Warning: Wire Stage1_Module.\partial_products_carry [49] is used but has no driver.
Warning: Wire Stage1_Module.\partial_products_carry [48] is used but has no driver.
Warning: Wire Stage1_Module.\partial_products_carry [47] is used but has no driver.
Warning: Wire Stage1_Module.\partial_products_carry [46] is used but has no driver.
Warning: Wire Stage1_Module.\partial_products_carry [45] is used but has no driver.
Warning: Wire Stage1_Module.\partial_products_carry [44] is used but has no driver.
Warning: Wire Stage1_Module.\partial_products_carry [43] is used but has no driver.
Warning: Wire Stage1_Module.\partial_products_carry [42] is used but has no driver.
Warning: Wire Stage1_Module.\partial_products_carry [41] is used but has no driver.
Warning: Wire Stage1_Module.\partial_products_carry [40] is used but has no driver.
Warning: Wire Stage1_Module.\partial_products_carry [39] is used but has no driver.
Warning: Wire Stage1_Module.\partial_products_carry [38] is used but has no driver.
Warning: Wire Stage1_Module.\partial_products_carry [37] is used but has no driver.
Warning: Wire Stage1_Module.\partial_products_carry [36] is used but has no driver.
Warning: Wire Stage1_Module.\partial_products_carry [35] is used but has no driver.
Warning: Wire Stage1_Module.\partial_products_carry [34] is used but has no driver.
Warning: Wire Stage1_Module.\partial_products_carry [33] is used but has no driver.
Warning: Wire Stage1_Module.\partial_products_carry [32] is used but has no driver.
Warning: Wire Stage1_Module.\partial_products_carry [31] is used but has no driver.
Warning: Wire Stage1_Module.\partial_products_carry [30] is used but has no driver.
Warning: Wire Stage1_Module.\partial_products_carry [29] is used but has no driver.
Warning: Wire Stage1_Module.\partial_products_carry [28] is used but has no driver.
Warning: Wire Stage1_Module.\partial_products_carry [27] is used but has no driver.
Warning: Wire Stage1_Module.\partial_products_carry [26] is used but has no driver.
Warning: Wire Stage1_Module.\partial_products_carry [25] is used but has no driver.
Warning: Wire Stage1_Module.\partial_products_carry [24] is used but has no driver.
Warning: Wire Stage1_Module.\partial_products_carry [23] is used but has no driver.
Warning: Wire Stage1_Module.\partial_products_carry [22] is used but has no driver.
Warning: Wire Stage1_Module.\partial_products_carry [21] is used but has no driver.
Warning: Wire Stage1_Module.\partial_products_carry [20] is used but has no driver.
Warning: Wire Stage1_Module.\partial_products_carry [19] is used but has no driver.
Warning: Wire Stage1_Module.\partial_products_carry [18] is used but has no driver.
Warning: Wire Stage1_Module.\partial_products_carry [17] is used but has no driver.
Warning: Wire Stage1_Module.\partial_products_carry [16] is used but has no driver.
Warning: Wire Stage1_Module.\partial_products_carry [15] is used but has no driver.
Warning: Wire Stage1_Module.\partial_products_carry [14] is used but has no driver.
Warning: Wire Stage1_Module.\partial_products_carry [13] is used but has no driver.
Warning: Wire Stage1_Module.\partial_products_carry [12] is used but has no driver.
Warning: Wire Stage1_Module.\partial_products_carry [11] is used but has no driver.
Warning: Wire Stage1_Module.\partial_products_carry [10] is used but has no driver.
Warning: Wire Stage1_Module.\partial_products_carry [9] is used but has no driver.
Warning: Wire Stage1_Module.\partial_products_carry [8] is used but has no driver.
Warning: Wire Stage1_Module.\partial_products_carry [7] is used but has no driver.
Warning: Wire Stage1_Module.\partial_products_carry [6] is used but has no driver.
Warning: Wire Stage1_Module.\partial_products_carry [5] is used but has no driver.
Warning: Wire Stage1_Module.\partial_products_carry [4] is used but has no driver.
Warning: Wire Stage1_Module.\partial_products_carry [3] is used but has no driver.
Warning: Wire Stage1_Module.\partial_products_carry [2] is used but has no driver.
Warning: Wire Stage1_Module.\partial_products_carry [1] is used but has no driver.
Warning: Wire Stage1_Module.\partial_products_carry [0] is used but has no driver.
Warning: Wire Stage1_Module.\Sticky_C [1] is used but has no driver.
Warning: Wire Stage1_Module.\Sticky_C [0] is used but has no driver.
Warning: Wire Stage1_Module.\Sign_C [3] is used but has no driver.
Warning: Wire Stage1_Module.\Sign_C [2] is used but has no driver.
Warning: Wire Stage1_Module.\Sign_C [1] is used but has no driver.
Warning: Wire Stage1_Module.\Sign_C [0] is used but has no driver.
Warning: Wire Stage1_Module.\Sign_AB [3] is used but has no driver.
Warning: Wire Stage1_Module.\Sign_AB [2] is used but has no driver.
Warning: Wire Stage1_Module.\Sign_AB [1] is used but has no driver.
Warning: Wire Stage1_Module.\Sign_AB [0] is used but has no driver.
Warning: Wire Stage1_Module.\ProdASC [63] is used but has no driver.
Warning: Wire Stage1_Module.\ProdASC [62] is used but has no driver.
Warning: Wire Stage1_Module.\ProdASC [61] is used but has no driver.
Warning: Wire Stage1_Module.\ProdASC [60] is used but has no driver.
Warning: Wire Stage1_Module.\ProdASC [59] is used but has no driver.
Warning: Wire Stage1_Module.\ProdASC [58] is used but has no driver.
Warning: Wire Stage1_Module.\ProdASC [57] is used but has no driver.
Warning: Wire Stage1_Module.\ProdASC [56] is used but has no driver.
Warning: Wire Stage1_Module.\ProdASC [55] is used but has no driver.
Warning: Wire Stage1_Module.\ProdASC [54] is used but has no driver.
Warning: Wire Stage1_Module.\ProdASC [53] is used but has no driver.
Warning: Wire Stage1_Module.\ProdASC [52] is used but has no driver.
Warning: Wire Stage1_Module.\ProdASC [51] is used but has no driver.
Warning: Wire Stage1_Module.\ProdASC [50] is used but has no driver.
Warning: Wire Stage1_Module.\ProdASC [49] is used but has no driver.
Warning: Wire Stage1_Module.\ProdASC [48] is used but has no driver.
Warning: Wire Stage1_Module.\ProdASC [47] is used but has no driver.
Warning: Wire Stage1_Module.\ProdASC [46] is used but has no driver.
Warning: Wire Stage1_Module.\ProdASC [45] is used but has no driver.
Warning: Wire Stage1_Module.\ProdASC [44] is used but has no driver.
Warning: Wire Stage1_Module.\ProdASC [43] is used but has no driver.
Warning: Wire Stage1_Module.\ProdASC [42] is used but has no driver.
Warning: Wire Stage1_Module.\ProdASC [41] is used but has no driver.
Warning: Wire Stage1_Module.\ProdASC [40] is used but has no driver.
Warning: Wire Stage1_Module.\ProdASC [39] is used but has no driver.
Warning: Wire Stage1_Module.\ProdASC [38] is used but has no driver.
Warning: Wire Stage1_Module.\ProdASC [37] is used but has no driver.
Warning: Wire Stage1_Module.\ProdASC [36] is used but has no driver.
Warning: Wire Stage1_Module.\ProdASC [35] is used but has no driver.
Warning: Wire Stage1_Module.\ProdASC [34] is used but has no driver.
Warning: Wire Stage1_Module.\ProdASC [33] is used but has no driver.
Warning: Wire Stage1_Module.\ProdASC [32] is used but has no driver.
Warning: Wire Stage1_Module.\ProdASC [31] is used but has no driver.
Warning: Wire Stage1_Module.\ProdASC [30] is used but has no driver.
Warning: Wire Stage1_Module.\ProdASC [29] is used but has no driver.
Warning: Wire Stage1_Module.\ProdASC [28] is used but has no driver.
Warning: Wire Stage1_Module.\ProdASC [27] is used but has no driver.
Warning: Wire Stage1_Module.\ProdASC [26] is used but has no driver.
Warning: Wire Stage1_Module.\ProdASC [25] is used but has no driver.
Warning: Wire Stage1_Module.\ProdASC [24] is used but has no driver.
Warning: Wire Stage1_Module.\ProdASC [23] is used but has no driver.
Warning: Wire Stage1_Module.\ProdASC [22] is used but has no driver.
Warning: Wire Stage1_Module.\ProdASC [21] is used but has no driver.
Warning: Wire Stage1_Module.\ProdASC [20] is used but has no driver.
Warning: Wire Stage1_Module.\ProdASC [19] is used but has no driver.
Warning: Wire Stage1_Module.\ProdASC [18] is used but has no driver.
Warning: Wire Stage1_Module.\ProdASC [17] is used but has no driver.
Warning: Wire Stage1_Module.\ProdASC [16] is used but has no driver.
Warning: Wire Stage1_Module.\ProdASC [15] is used but has no driver.
Warning: Wire Stage1_Module.\ProdASC [14] is used but has no driver.
Warning: Wire Stage1_Module.\ProdASC [13] is used but has no driver.
Warning: Wire Stage1_Module.\ProdASC [12] is used but has no driver.
Warning: Wire Stage1_Module.\ProdASC [11] is used but has no driver.
Warning: Wire Stage1_Module.\ProdASC [10] is used but has no driver.
Warning: Wire Stage1_Module.\ProdASC [9] is used but has no driver.
Warning: Wire Stage1_Module.\ProdASC [8] is used but has no driver.
Warning: Wire Stage1_Module.\ProdASC [7] is used but has no driver.
Warning: Wire Stage1_Module.\ProdASC [6] is used but has no driver.
Warning: Wire Stage1_Module.\ProdASC [5] is used but has no driver.
Warning: Wire Stage1_Module.\ProdASC [4] is used but has no driver.
Warning: Wire Stage1_Module.\ProdASC [3] is used but has no driver.
Warning: Wire Stage1_Module.\ProdASC [2] is used but has no driver.
Warning: Wire Stage1_Module.\ProdASC [1] is used but has no driver.
Warning: Wire Stage1_Module.\ProdASC [0] is used but has no driver.
Warning: Wire Stage1_Module.\Para_reg is used but has no driver.
Warning: Wire Stage1_Module.\PD_mode is used but has no driver.
Warning: Wire Stage1_Module.\PD4_mode is used but has no driver.
Warning: Wire Stage1_Module.\PD2_mode is used but has no driver.
Warning: Wire Stage1_Module.\MaxExp [31] is used but has no driver.
Warning: Wire Stage1_Module.\MaxExp [30] is used but has no driver.
Warning: Wire Stage1_Module.\MaxExp [29] is used but has no driver.
Warning: Wire Stage1_Module.\MaxExp [28] is used but has no driver.
Warning: Wire Stage1_Module.\MaxExp [27] is used but has no driver.
Warning: Wire Stage1_Module.\MaxExp [26] is used but has no driver.
Warning: Wire Stage1_Module.\MaxExp [25] is used but has no driver.
Warning: Wire Stage1_Module.\MaxExp [24] is used but has no driver.
Warning: Wire Stage1_Module.\MaxExp [23] is used but has no driver.
Warning: Wire Stage1_Module.\MaxExp [22] is used but has no driver.
Warning: Wire Stage1_Module.\MaxExp [21] is used but has no driver.
Warning: Wire Stage1_Module.\MaxExp [20] is used but has no driver.
Warning: Wire Stage1_Module.\MaxExp [19] is used but has no driver.
Warning: Wire Stage1_Module.\MaxExp [18] is used but has no driver.
Warning: Wire Stage1_Module.\MaxExp [17] is used but has no driver.
Warning: Wire Stage1_Module.\MaxExp [16] is used but has no driver.
Warning: Wire Stage1_Module.\MaxExp [15] is used but has no driver.
Warning: Wire Stage1_Module.\MaxExp [14] is used but has no driver.
Warning: Wire Stage1_Module.\MaxExp [13] is used but has no driver.
Warning: Wire Stage1_Module.\MaxExp [12] is used but has no driver.
Warning: Wire Stage1_Module.\MaxExp [11] is used but has no driver.
Warning: Wire Stage1_Module.\MaxExp [10] is used but has no driver.
Warning: Wire Stage1_Module.\MaxExp [9] is used but has no driver.
Warning: Wire Stage1_Module.\MaxExp [8] is used but has no driver.
Warning: Wire Stage1_Module.\MaxExp [7] is used but has no driver.
Warning: Wire Stage1_Module.\MaxExp [6] is used but has no driver.
Warning: Wire Stage1_Module.\MaxExp [5] is used but has no driver.
Warning: Wire Stage1_Module.\MaxExp [4] is used but has no driver.
Warning: Wire Stage1_Module.\MaxExp [3] is used but has no driver.
Warning: Wire Stage1_Module.\MaxExp [2] is used but has no driver.
Warning: Wire Stage1_Module.\MaxExp [1] is used but has no driver.
Warning: Wire Stage1_Module.\MaxExp [0] is used but has no driver.
Warning: Wire Stage1_Module.\ExpDiff [31] is used but has no driver.
Warning: Wire Stage1_Module.\ExpDiff [30] is used but has no driver.
Warning: Wire Stage1_Module.\ExpDiff [29] is used but has no driver.
Warning: Wire Stage1_Module.\ExpDiff [28] is used but has no driver.
Warning: Wire Stage1_Module.\ExpDiff [27] is used but has no driver.
Warning: Wire Stage1_Module.\ExpDiff [26] is used but has no driver.
Warning: Wire Stage1_Module.\ExpDiff [25] is used but has no driver.
Warning: Wire Stage1_Module.\ExpDiff [24] is used but has no driver.
Warning: Wire Stage1_Module.\ExpDiff [23] is used but has no driver.
Warning: Wire Stage1_Module.\ExpDiff [22] is used but has no driver.
Warning: Wire Stage1_Module.\ExpDiff [21] is used but has no driver.
Warning: Wire Stage1_Module.\ExpDiff [20] is used but has no driver.
Warning: Wire Stage1_Module.\ExpDiff [19] is used but has no driver.
Warning: Wire Stage1_Module.\ExpDiff [18] is used but has no driver.
Warning: Wire Stage1_Module.\ExpDiff [17] is used but has no driver.
Warning: Wire Stage1_Module.\ExpDiff [16] is used but has no driver.
Warning: Wire Stage1_Module.\ExpDiff [15] is used but has no driver.
Warning: Wire Stage1_Module.\ExpDiff [14] is used but has no driver.
Warning: Wire Stage1_Module.\ExpDiff [13] is used but has no driver.
Warning: Wire Stage1_Module.\ExpDiff [12] is used but has no driver.
Warning: Wire Stage1_Module.\ExpDiff [11] is used but has no driver.
Warning: Wire Stage1_Module.\ExpDiff [10] is used but has no driver.
Warning: Wire Stage1_Module.\ExpDiff [9] is used but has no driver.
Warning: Wire Stage1_Module.\ExpDiff [8] is used but has no driver.
Warning: Wire Stage1_Module.\ExpDiff [7] is used but has no driver.
Warning: Wire Stage1_Module.\ExpDiff [6] is used but has no driver.
Warning: Wire Stage1_Module.\ExpDiff [5] is used but has no driver.
Warning: Wire Stage1_Module.\ExpDiff [4] is used but has no driver.
Warning: Wire Stage1_Module.\ExpDiff [3] is used but has no driver.
Warning: Wire Stage1_Module.\ExpDiff [2] is used but has no driver.
Warning: Wire Stage1_Module.\ExpDiff [1] is used but has no driver.
Warning: Wire Stage1_Module.\ExpDiff [0] is used but has no driver.
Warning: Wire Stage1_Module.\Cvt_reg is used but has no driver.
Warning: Wire Stage1_Module.\Aligned_C [162] is used but has no driver.
Warning: Wire Stage1_Module.\Aligned_C [161] is used but has no driver.
Warning: Wire Stage1_Module.\Aligned_C [160] is used but has no driver.
Warning: Wire Stage1_Module.\Aligned_C [159] is used but has no driver.
Warning: Wire Stage1_Module.\Aligned_C [158] is used but has no driver.
Warning: Wire Stage1_Module.\Aligned_C [157] is used but has no driver.
Warning: Wire Stage1_Module.\Aligned_C [156] is used but has no driver.
Warning: Wire Stage1_Module.\Aligned_C [155] is used but has no driver.
Warning: Wire Stage1_Module.\Aligned_C [154] is used but has no driver.
Warning: Wire Stage1_Module.\Aligned_C [153] is used but has no driver.
Warning: Wire Stage1_Module.\Aligned_C [152] is used but has no driver.
Warning: Wire Stage1_Module.\Aligned_C [151] is used but has no driver.
Warning: Wire Stage1_Module.\Aligned_C [150] is used but has no driver.
Warning: Wire Stage1_Module.\Aligned_C [149] is used but has no driver.
Warning: Wire Stage1_Module.\Aligned_C [148] is used but has no driver.
Warning: Wire Stage1_Module.\Aligned_C [147] is used but has no driver.
Warning: Wire Stage1_Module.\Aligned_C [146] is used but has no driver.
Warning: Wire Stage1_Module.\Aligned_C [145] is used but has no driver.
Warning: Wire Stage1_Module.\Aligned_C [144] is used but has no driver.
Warning: Wire Stage1_Module.\Aligned_C [143] is used but has no driver.
Warning: Wire Stage1_Module.\Aligned_C [142] is used but has no driver.
Warning: Wire Stage1_Module.\Aligned_C [141] is used but has no driver.
Warning: Wire Stage1_Module.\Aligned_C [140] is used but has no driver.
Warning: Wire Stage1_Module.\Aligned_C [139] is used but has no driver.
Warning: Wire Stage1_Module.\Aligned_C [138] is used but has no driver.
Warning: Wire Stage1_Module.\Aligned_C [137] is used but has no driver.
Warning: Wire Stage1_Module.\Aligned_C [136] is used but has no driver.
Warning: Wire Stage1_Module.\Aligned_C [135] is used but has no driver.
Warning: Wire Stage1_Module.\Aligned_C [134] is used but has no driver.
Warning: Wire Stage1_Module.\Aligned_C [133] is used but has no driver.
Warning: Wire Stage1_Module.\Aligned_C [132] is used but has no driver.
Warning: Wire Stage1_Module.\Aligned_C [131] is used but has no driver.
Warning: Wire Stage1_Module.\Aligned_C [130] is used but has no driver.
Warning: Wire Stage1_Module.\Aligned_C [129] is used but has no driver.
Warning: Wire Stage1_Module.\Aligned_C [128] is used but has no driver.
Warning: Wire Stage1_Module.\Aligned_C [127] is used but has no driver.
Warning: Wire Stage1_Module.\Aligned_C [126] is used but has no driver.
Warning: Wire Stage1_Module.\Aligned_C [125] is used but has no driver.
Warning: Wire Stage1_Module.\Aligned_C [124] is used but has no driver.
Warning: Wire Stage1_Module.\Aligned_C [123] is used but has no driver.
Warning: Wire Stage1_Module.\Aligned_C [122] is used but has no driver.
Warning: Wire Stage1_Module.\Aligned_C [121] is used but has no driver.
Warning: Wire Stage1_Module.\Aligned_C [120] is used but has no driver.
Warning: Wire Stage1_Module.\Aligned_C [119] is used but has no driver.
Warning: Wire Stage1_Module.\Aligned_C [118] is used but has no driver.
Warning: Wire Stage1_Module.\Aligned_C [117] is used but has no driver.
Warning: Wire Stage1_Module.\Aligned_C [116] is used but has no driver.
Warning: Wire Stage1_Module.\Aligned_C [115] is used but has no driver.
Warning: Wire Stage1_Module.\Aligned_C [114] is used but has no driver.
Warning: Wire Stage1_Module.\Aligned_C [113] is used but has no driver.
Warning: Wire Stage1_Module.\Aligned_C [112] is used but has no driver.
Warning: Wire Stage1_Module.\Aligned_C [111] is used but has no driver.
Warning: Wire Stage1_Module.\Aligned_C [110] is used but has no driver.
Warning: Wire Stage1_Module.\Aligned_C [109] is used but has no driver.
Warning: Wire Stage1_Module.\Aligned_C [108] is used but has no driver.
Warning: Wire Stage1_Module.\Aligned_C [107] is used but has no driver.
Warning: Wire Stage1_Module.\Aligned_C [106] is used but has no driver.
Warning: Wire Stage1_Module.\Aligned_C [105] is used but has no driver.
Warning: Wire Stage1_Module.\Aligned_C [104] is used but has no driver.
Warning: Wire Stage1_Module.\Aligned_C [103] is used but has no driver.
Warning: Wire Stage1_Module.\Aligned_C [102] is used but has no driver.
Warning: Wire Stage1_Module.\Aligned_C [101] is used but has no driver.
Warning: Wire Stage1_Module.\Aligned_C [100] is used but has no driver.
Warning: Wire Stage1_Module.\Aligned_C [99] is used but has no driver.
Warning: Wire Stage1_Module.\Aligned_C [98] is used but has no driver.
Warning: Wire Stage1_Module.\Aligned_C [97] is used but has no driver.
Warning: Wire Stage1_Module.\Aligned_C [96] is used but has no driver.
Warning: Wire Stage1_Module.\Aligned_C [95] is used but has no driver.
Warning: Wire Stage1_Module.\Aligned_C [94] is used but has no driver.
Warning: Wire Stage1_Module.\Aligned_C [93] is used but has no driver.
Warning: Wire Stage1_Module.\Aligned_C [92] is used but has no driver.
Warning: Wire Stage1_Module.\Aligned_C [91] is used but has no driver.
Warning: Wire Stage1_Module.\Aligned_C [90] is used but has no driver.
Warning: Wire Stage1_Module.\Aligned_C [89] is used but has no driver.
Warning: Wire Stage1_Module.\Aligned_C [88] is used but has no driver.
Warning: Wire Stage1_Module.\Aligned_C [87] is used but has no driver.
Warning: Wire Stage1_Module.\Aligned_C [86] is used but has no driver.
Warning: Wire Stage1_Module.\Aligned_C [85] is used but has no driver.
Warning: Wire Stage1_Module.\Aligned_C [84] is used but has no driver.
Warning: Wire Stage1_Module.\Aligned_C [83] is used but has no driver.
Warning: Wire Stage1_Module.\Aligned_C [82] is used but has no driver.
Warning: Wire Stage1_Module.\Aligned_C [81] is used but has no driver.
Warning: Wire Stage1_Module.\Aligned_C [80] is used but has no driver.
Warning: Wire Stage1_Module.\Aligned_C [79] is used but has no driver.
Warning: Wire Stage1_Module.\Aligned_C [78] is used but has no driver.
Warning: Wire Stage1_Module.\Aligned_C [77] is used but has no driver.
Warning: Wire Stage1_Module.\Aligned_C [76] is used but has no driver.
Warning: Wire Stage1_Module.\Aligned_C [75] is used but has no driver.
Warning: Wire Stage1_Module.\Aligned_C [74] is used but has no driver.
Warning: Wire Stage1_Module.\Aligned_C [73] is used but has no driver.
Warning: Wire Stage1_Module.\Aligned_C [72] is used but has no driver.
Warning: Wire Stage1_Module.\Aligned_C [71] is used but has no driver.
Warning: Wire Stage1_Module.\Aligned_C [70] is used but has no driver.
Warning: Wire Stage1_Module.\Aligned_C [69] is used but has no driver.
Warning: Wire Stage1_Module.\Aligned_C [68] is used but has no driver.
Warning: Wire Stage1_Module.\Aligned_C [67] is used but has no driver.
Warning: Wire Stage1_Module.\Aligned_C [66] is used but has no driver.
Warning: Wire Stage1_Module.\Aligned_C [65] is used but has no driver.
Warning: Wire Stage1_Module.\Aligned_C [64] is used but has no driver.
Warning: Wire Stage1_Module.\Aligned_C [63] is used but has no driver.
Warning: Wire Stage1_Module.\Aligned_C [62] is used but has no driver.
Warning: Wire Stage1_Module.\Aligned_C [61] is used but has no driver.
Warning: Wire Stage1_Module.\Aligned_C [60] is used but has no driver.
Warning: Wire Stage1_Module.\Aligned_C [59] is used but has no driver.
Warning: Wire Stage1_Module.\Aligned_C [58] is used but has no driver.
Warning: Wire Stage1_Module.\Aligned_C [57] is used but has no driver.
Warning: Wire Stage1_Module.\Aligned_C [56] is used but has no driver.
Warning: Wire Stage1_Module.\Aligned_C [55] is used but has no driver.
Warning: Wire Stage1_Module.\Aligned_C [54] is used but has no driver.
Warning: Wire Stage1_Module.\Aligned_C [53] is used but has no driver.
Warning: Wire Stage1_Module.\Aligned_C [52] is used but has no driver.
Warning: Wire Stage1_Module.\Aligned_C [51] is used but has no driver.
Warning: Wire Stage1_Module.\Aligned_C [50] is used but has no driver.
Warning: Wire Stage1_Module.\Aligned_C [49] is used but has no driver.
Warning: Wire Stage1_Module.\Aligned_C [48] is used but has no driver.
Warning: Wire Stage1_Module.\Aligned_C [47] is used but has no driver.
Warning: Wire Stage1_Module.\Aligned_C [46] is used but has no driver.
Warning: Wire Stage1_Module.\Aligned_C [45] is used but has no driver.
Warning: Wire Stage1_Module.\Aligned_C [44] is used but has no driver.
Warning: Wire Stage1_Module.\Aligned_C [43] is used but has no driver.
Warning: Wire Stage1_Module.\Aligned_C [42] is used but has no driver.
Warning: Wire Stage1_Module.\Aligned_C [41] is used but has no driver.
Warning: Wire Stage1_Module.\Aligned_C [40] is used but has no driver.
Warning: Wire Stage1_Module.\Aligned_C [39] is used but has no driver.
Warning: Wire Stage1_Module.\Aligned_C [38] is used but has no driver.
Warning: Wire Stage1_Module.\Aligned_C [37] is used but has no driver.
Warning: Wire Stage1_Module.\Aligned_C [36] is used but has no driver.
Warning: Wire Stage1_Module.\Aligned_C [35] is used but has no driver.
Warning: Wire Stage1_Module.\Aligned_C [34] is used but has no driver.
Warning: Wire Stage1_Module.\Aligned_C [33] is used but has no driver.
Warning: Wire Stage1_Module.\Aligned_C [32] is used but has no driver.
Warning: Wire Stage1_Module.\Aligned_C [31] is used but has no driver.
Warning: Wire Stage1_Module.\Aligned_C [30] is used but has no driver.
Warning: Wire Stage1_Module.\Aligned_C [29] is used but has no driver.
Warning: Wire Stage1_Module.\Aligned_C [28] is used but has no driver.
Warning: Wire Stage1_Module.\Aligned_C [27] is used but has no driver.
Warning: Wire Stage1_Module.\Aligned_C [26] is used but has no driver.
Warning: Wire Stage1_Module.\Aligned_C [25] is used but has no driver.
Warning: Wire Stage1_Module.\Aligned_C [24] is used but has no driver.
Warning: Wire Stage1_Module.\Aligned_C [23] is used but has no driver.
Warning: Wire Stage1_Module.\Aligned_C [22] is used but has no driver.
Warning: Wire Stage1_Module.\Aligned_C [21] is used but has no driver.
Warning: Wire Stage1_Module.\Aligned_C [20] is used but has no driver.
Warning: Wire Stage1_Module.\Aligned_C [19] is used but has no driver.
Warning: Wire Stage1_Module.\Aligned_C [18] is used but has no driver.
Warning: Wire Stage1_Module.\Aligned_C [17] is used but has no driver.
Warning: Wire Stage1_Module.\Aligned_C [16] is used but has no driver.
Warning: Wire Stage1_Module.\Aligned_C [15] is used but has no driver.
Warning: Wire Stage1_Module.\Aligned_C [14] is used but has no driver.
Warning: Wire Stage1_Module.\Aligned_C [13] is used but has no driver.
Warning: Wire Stage1_Module.\Aligned_C [12] is used but has no driver.
Warning: Wire Stage1_Module.\Aligned_C [11] is used but has no driver.
Warning: Wire Stage1_Module.\Aligned_C [10] is used but has no driver.
Warning: Wire Stage1_Module.\Aligned_C [9] is used but has no driver.
Warning: Wire Stage1_Module.\Aligned_C [8] is used but has no driver.
Warning: Wire Stage1_Module.\Aligned_C [7] is used but has no driver.
Warning: Wire Stage1_Module.\Aligned_C [6] is used but has no driver.
Warning: Wire Stage1_Module.\Aligned_C [5] is used but has no driver.
Warning: Wire Stage1_Module.\Aligned_C [4] is used but has no driver.
Warning: Wire Stage1_Module.\Aligned_C [3] is used but has no driver.
Warning: Wire Stage1_Module.\Aligned_C [2] is used but has no driver.
Warning: Wire Stage1_Module.\Aligned_C [1] is used but has no driver.
Warning: Wire Stage1_Module.\Aligned_C [0] is used but has no driver.
Found and reported 531 problems.
