
===========================================================================
report_checks -unconstrained
===========================================================================
======================= Fastest Corner ===================================

Startpoint: partial_products_carry_s1[0] (input port clocked by clk)
Endpoint: Sum_s2[117] (output port clocked by clk)
Path Group: clk
Path Type: max
Corner: Fastest

Fanout     Cap    Slew   Delay    Time   Description
-----------------------------------------------------------------------------
                          0.00    0.00   clock clk (rise edge)
                          0.00    0.00   clock network delay (propagated)
                          2.00    2.00 ^ input external delay
                  0.02    0.01    2.01 ^ partial_products_carry_s1[0] (in)
     1    0.01                           partial_products_carry_s1[0] (net)
                  0.02    0.00    2.01 ^ input208/A (sky130_fd_sc_hd__buf_6)
                  0.11    0.12    2.13 ^ input208/X (sky130_fd_sc_hd__buf_6)
     2    0.07                           net208 (net)
                  0.11    0.02    2.15 ^ _4958_/A (sky130_fd_sc_hd__nand2_8)
                  0.11    0.11    2.25 v _4958_/Y (sky130_fd_sc_hd__nand2_8)
     3    0.11                           _2749_ (net)
                  0.12    0.02    2.27 v _4961_/A1 (sky130_fd_sc_hd__o21a_4)
                  0.04    0.19    2.46 v _4961_/X (sky130_fd_sc_hd__o21a_4)
     3    0.02                           _2781_ (net)
                  0.04    0.00    2.46 v _4965_/A2 (sky130_fd_sc_hd__o31a_1)
                  0.06    0.21    2.67 v _4965_/X (sky130_fd_sc_hd__o31a_1)
     3    0.01                           _2804_ (net)
                  0.06    0.00    2.67 v _4973_/B (sky130_fd_sc_hd__or4_4)
                  0.07    0.34    3.01 v _4973_/X (sky130_fd_sc_hd__or4_4)
     3    0.01                           _2812_ (net)
                  0.07    0.00    3.01 v _5099_/A1 (sky130_fd_sc_hd__a211o_4)
                  0.11    0.31    3.33 v _5099_/X (sky130_fd_sc_hd__a211o_4)
     4    0.09                           _2938_ (net)
                  0.11    0.01    3.33 v _5261_/A1 (sky130_fd_sc_hd__a211o_4)
                  0.06    0.27    3.60 v _5261_/X (sky130_fd_sc_hd__a211o_4)
     6    0.02                           _3100_ (net)
                  0.06    0.00    3.60 v _6768_/A2 (sky130_fd_sc_hd__a211o_4)
                  0.11    0.31    3.91 v _6768_/X (sky130_fd_sc_hd__a211o_4)
     5    0.08                           _1141_ (net)
                  0.11    0.01    3.92 v _3525_/A1 (sky130_fd_sc_hd__a211o_1)
                  0.07    0.24    4.15 v _3525_/X (sky130_fd_sc_hd__a211o_1)
     3    0.02                           _1423_ (net)
                  0.07    0.00    4.15 v _3629_/A3 (sky130_fd_sc_hd__a31o_1)
                  0.05    0.18    4.34 v _3629_/X (sky130_fd_sc_hd__a31o_1)
     3    0.01                           _1527_ (net)
                  0.05    0.00    4.34 v _3668_/A1 (sky130_fd_sc_hd__a2111o_1)
                  0.09    0.29    4.63 v _3668_/X (sky130_fd_sc_hd__a2111o_1)
     2    0.02                           _1566_ (net)
                  0.09    0.00    4.63 v _3673_/A1 (sky130_fd_sc_hd__a21oi_4)
                  0.15    0.17    4.79 ^ _3673_/Y (sky130_fd_sc_hd__a21oi_4)
     5    0.02                           _1571_ (net)
                  0.15    0.00    4.79 ^ _3681_/A2 (sky130_fd_sc_hd__o311a_4)
                  0.05    0.14    4.93 ^ _3681_/X (sky130_fd_sc_hd__o311a_4)
     2    0.01                           _1579_ (net)
                  0.05    0.00    4.93 ^ rebuffer7/A (sky130_fd_sc_hd__dlymetal6s2s_1)
                  0.06    0.08    5.02 ^ rebuffer7/X (sky130_fd_sc_hd__dlymetal6s2s_1)
     1    0.00                           net952 (net)
                  0.06    0.00    5.02 ^ rebuffer3/A (sky130_fd_sc_hd__clkbuf_1)
                  0.04    0.06    5.08 ^ rebuffer3/X (sky130_fd_sc_hd__clkbuf_1)
     1    0.00                           net948 (net)
                  0.04    0.00    5.08 ^ _3683_/A2 (sky130_fd_sc_hd__o211a_1)
                  0.09    0.13    5.21 ^ _3683_/X (sky130_fd_sc_hd__o211a_1)
     4    0.01                           _1581_ (net)
                  0.09    0.00    5.21 ^ rebuffer9/A (sky130_fd_sc_hd__dlygate4sd1_1)
                  0.05    0.16    5.37 ^ rebuffer9/X (sky130_fd_sc_hd__dlygate4sd1_1)
     1    0.01                           net954 (net)
                  0.05    0.00    5.37 ^ _3684_/D (sky130_fd_sc_hd__or4_4)
                  0.06    0.11    5.48 ^ _3684_/X (sky130_fd_sc_hd__or4_4)
     4    0.02                           _1582_ (net)
                  0.06    0.00    5.48 ^ _3694_/A3 (sky130_fd_sc_hd__a311o_1)
                  0.10    0.15    5.63 ^ _3694_/X (sky130_fd_sc_hd__a311o_1)
     2    0.01                           _1592_ (net)
                  0.10    0.00    5.63 ^ _4381_/B (sky130_fd_sc_hd__nand2_2)
                  0.06    0.06    5.69 v _4381_/Y (sky130_fd_sc_hd__nand2_2)
     3    0.01                           _2271_ (net)
                  0.06    0.00    5.69 v _4383_/A2 (sky130_fd_sc_hd__o21a_4)
                  0.05    0.17    5.86 v _4383_/X (sky130_fd_sc_hd__o21a_4)
     4    0.04                           _2273_ (net)
                  0.05    0.00    5.87 v _4557_/A2 (sky130_fd_sc_hd__a31o_1)
                  0.03    0.14    6.01 v _4557_/X (sky130_fd_sc_hd__a31o_1)
     1    0.00                           _2442_ (net)
                  0.03    0.00    6.01 v _4560_/A2 (sky130_fd_sc_hd__o211a_1)
                  0.05    0.16    6.16 v _4560_/X (sky130_fd_sc_hd__o211a_1)
     1    0.01                           _2445_ (net)
                  0.05    0.00    6.16 v _4561_/B1 (sky130_fd_sc_hd__a21o_1)
                  0.07    0.12    6.29 v _4561_/X (sky130_fd_sc_hd__a21o_1)
     3    0.02                           _2446_ (net)
                  0.07    0.00    6.29 v _4563_/A (sky130_fd_sc_hd__xnor2_1)
                  0.42    0.38    6.67 ^ _4563_/Y (sky130_fd_sc_hd__xnor2_1)
     1    0.03                           _2448_ (net)
                  0.42    0.00    6.67 ^ _4564_/B (sky130_fd_sc_hd__xnor2_1)
                  0.07    0.04    6.70 v _4564_/Y (sky130_fd_sc_hd__xnor2_1)
     1    0.00                           _2449_ (net)
                  0.07    0.00    6.70 v _4565_/A1 (sky130_fd_sc_hd__mux2_1)
                  0.04    0.17    6.87 v _4565_/X (sky130_fd_sc_hd__mux2_1)
     1    0.00                           _2450_ (net)
                  0.04    0.00    6.87 v _4566_/A1 (sky130_fd_sc_hd__mux2_4)
                  0.10    0.22    7.10 v _4566_/X (sky130_fd_sc_hd__mux2_4)
     1    0.05                           _2451_ (net)
                  0.10    0.00    7.10 v _4567_/A (sky130_fd_sc_hd__clkbuf_4)
                  0.09    0.18    7.28 v _4567_/X (sky130_fd_sc_hd__clkbuf_4)
     1    0.06                           net626 (net)
                  0.10    0.02    7.30 v output626/A (sky130_fd_sc_hd__clkbuf_4)
                  0.06    0.16    7.45 v output626/X (sky130_fd_sc_hd__clkbuf_4)
     1    0.03                           Sum_s2[117] (net)
                  0.06    0.00    7.45 v Sum_s2[117] (out)
                                  7.45   data arrival time

                         10.00   10.00   clock clk (rise edge)
                          0.00   10.00   clock network delay (propagated)
                         -0.25    9.75   clock uncertainty
                          0.00    9.75   clock reconvergence pessimism
                         -2.00    7.75   output external delay
                                  7.75   data required time
-----------------------------------------------------------------------------
                                  7.75   data required time
                                 -7.45   data arrival time
-----------------------------------------------------------------------------
                                  0.30   slack (MET)



======================= Slowest Corner ===================================

Startpoint: partial_products_sum_s1[55] (input port clocked by clk)
Endpoint: Sum_s2[117] (output port clocked by clk)
Path Group: clk
Path Type: max
Corner: Slowest

Fanout     Cap    Slew   Delay    Time   Description
-----------------------------------------------------------------------------
                          0.00    0.00   clock clk (rise edge)
                          0.00    0.00   clock network delay (propagated)
                          2.00    2.00 ^ input external delay
                  0.07    0.05    2.05 ^ partial_products_sum_s1[55] (in)
     1    0.01                           partial_products_sum_s1[55] (net)
                  0.07    0.00    2.05 ^ input382/A (sky130_fd_sc_hd__buf_8)
                  0.45    0.41    2.46 ^ input382/X (sky130_fd_sc_hd__buf_8)
     2    0.18                           net382 (net)
                  0.49    0.11    2.56 ^ _5394_/A (sky130_fd_sc_hd__nor2_1)
                  0.13    0.26    2.83 v _5394_/Y (sky130_fd_sc_hd__nor2_1)
     2    0.01                           _3233_ (net)
                  0.13    0.00    2.83 v _5396_/A (sky130_fd_sc_hd__or2b_1)
                  0.19    0.65    3.48 v _5396_/X (sky130_fd_sc_hd__or2b_1)
     4    0.01                           _3235_ (net)
                  0.19    0.00    3.48 v _6688_/C (sky130_fd_sc_hd__or4_1)
                  0.22    1.27    4.76 v _6688_/X (sky130_fd_sc_hd__or4_1)
     2    0.01                           _1061_ (net)
                  0.22    0.00    4.76 v _6691_/B (sky130_fd_sc_hd__nor2_1)
                  0.20    0.27    5.02 ^ _6691_/Y (sky130_fd_sc_hd__nor2_1)
     1    0.01                           _1064_ (net)
                  0.20    0.00    5.02 ^ _6692_/A (sky130_fd_sc_hd__inv_2)
                  0.16    0.22    5.25 v _6692_/Y (sky130_fd_sc_hd__inv_2)
     2    0.03                           _1065_ (net)
                  0.16    0.00    5.25 v _6767_/A (sky130_fd_sc_hd__or3_2)
                  0.33    1.46    6.71 v _6767_/X (sky130_fd_sc_hd__or3_2)
     2    0.04                           _1140_ (net)
                  0.33    0.00    6.71 v _6768_/C1 (sky130_fd_sc_hd__a211o_4)
                  0.25    0.81    7.53 v _6768_/X (sky130_fd_sc_hd__a211o_4)
     5    0.08                           _1141_ (net)
                  0.25    0.01    7.53 v _3525_/A1 (sky130_fd_sc_hd__a211o_1)
                  0.19    0.71    8.25 v _3525_/X (sky130_fd_sc_hd__a211o_1)
     3    0.02                           _1423_ (net)
                  0.19    0.00    8.25 v _3629_/A3 (sky130_fd_sc_hd__a31o_1)
                  0.13    0.53    8.77 v _3629_/X (sky130_fd_sc_hd__a31o_1)
     3    0.01                           _1527_ (net)
                  0.13    0.00    8.77 v _3668_/A1 (sky130_fd_sc_hd__a2111o_1)
                  0.23    0.93    9.70 v _3668_/X (sky130_fd_sc_hd__a2111o_1)
     2    0.02                           _1566_ (net)
                  0.23    0.00    9.70 v _3673_/A1 (sky130_fd_sc_hd__a21oi_4)
                  0.30    0.41   10.11 ^ _3673_/Y (sky130_fd_sc_hd__a21oi_4)
     5    0.02                           _1571_ (net)
                  0.30    0.00   10.11 ^ rebuffer6/A (sky130_fd_sc_hd__clkbuf_2)
                  0.07    0.31   10.42 ^ rebuffer6/X (sky130_fd_sc_hd__clkbuf_2)
     1    0.01                           net951 (net)
                  0.07    0.00   10.42 ^ _3676_/A2 (sky130_fd_sc_hd__o31a_4)
                  0.12    0.32   10.74 ^ _3676_/X (sky130_fd_sc_hd__o31a_4)
     1    0.02                           _1574_ (net)
                  0.12    0.00   10.74 ^ _3677_/B (sky130_fd_sc_hd__xnor2_4)
                  0.20    0.22   10.96 v _3677_/Y (sky130_fd_sc_hd__xnor2_4)
     6    0.03                           _1575_ (net)
                  0.20    0.00   10.96 v _3979_/A0 (sky130_fd_sc_hd__mux2_2)
                  0.11    0.64   11.60 v _3979_/X (sky130_fd_sc_hd__mux2_2)
     2    0.01                           _1876_ (net)
                  0.11    0.00   11.60 v _3981_/A0 (sky130_fd_sc_hd__mux2_1)
                  0.21    0.82   12.42 v _3981_/X (sky130_fd_sc_hd__mux2_1)
     2    0.01                           _1878_ (net)
                  0.21    0.00   12.42 v _4267_/A0 (sky130_fd_sc_hd__mux2_1)
                  0.20    0.83   13.26 v _4267_/X (sky130_fd_sc_hd__mux2_1)
     2    0.01                           _2160_ (net)
                  0.20    0.00   13.26 v _4551_/B (sky130_fd_sc_hd__or2_1)
                  0.11    0.56   13.81 v _4551_/X (sky130_fd_sc_hd__or2_1)
     2    0.00                           _2436_ (net)
                  0.11    0.00   13.81 v _4552_/B2 (sky130_fd_sc_hd__a22o_1)
                  0.11    0.43   14.25 v _4552_/X (sky130_fd_sc_hd__a22o_1)
     1    0.01                           _2437_ (net)
                  0.11    0.00   14.25 v _4553_/B (sky130_fd_sc_hd__xnor2_1)
                  0.20    0.32   14.56 v _4553_/Y (sky130_fd_sc_hd__xnor2_1)
     1    0.01                           _2438_ (net)
                  0.20    0.00   14.56 v _4561_/A2 (sky130_fd_sc_hd__a21o_1)
                  0.19    0.52   15.08 v _4561_/X (sky130_fd_sc_hd__a21o_1)
     3    0.02                           _2446_ (net)
                  0.19    0.00   15.08 v _4563_/A (sky130_fd_sc_hd__xnor2_1)
                  0.97    0.92   16.01 ^ _4563_/Y (sky130_fd_sc_hd__xnor2_1)
     1    0.03                           _2448_ (net)
                  0.97    0.00   16.01 ^ _4564_/B (sky130_fd_sc_hd__xnor2_1)
                  0.16    0.37   16.38 v _4564_/Y (sky130_fd_sc_hd__xnor2_1)
     1    0.00                           _2449_ (net)
                  0.16    0.00   16.38 v _4565_/A1 (sky130_fd_sc_hd__mux2_1)
                  0.11    0.72   17.11 v _4565_/X (sky130_fd_sc_hd__mux2_1)
     1    0.00                           _2450_ (net)
                  0.11    0.00   17.11 v _4566_/A1 (sky130_fd_sc_hd__mux2_4)
                  0.20    0.67   17.78 v _4566_/X (sky130_fd_sc_hd__mux2_4)
     1    0.05                           _2451_ (net)
                  0.20    0.00   17.79 v _4567_/A (sky130_fd_sc_hd__clkbuf_4)
                  0.22    0.46   18.25 v _4567_/X (sky130_fd_sc_hd__clkbuf_4)
     1    0.06                           net626 (net)
                  0.22    0.02   18.27 v output626/A (sky130_fd_sc_hd__clkbuf_4)
                  0.14    0.42   18.69 v output626/X (sky130_fd_sc_hd__clkbuf_4)
     1    0.03                           Sum_s2[117] (net)
                  0.14    0.00   18.69 v Sum_s2[117] (out)
                                 18.69   data arrival time

                         10.00   10.00   clock clk (rise edge)
                          0.00   10.00   clock network delay (propagated)
                         -0.25    9.75   clock uncertainty
                          0.00    9.75   clock reconvergence pessimism
                         -2.00    7.75   output external delay
                                  7.75   data required time
-----------------------------------------------------------------------------
                                  7.75   data required time
                                -18.69   data arrival time
-----------------------------------------------------------------------------
                                -10.94   slack (VIOLATED)



======================= Typical Corner ===================================

Startpoint: partial_products_carry_s1[0] (input port clocked by clk)
Endpoint: Sum_s2[117] (output port clocked by clk)
Path Group: clk
Path Type: max
Corner: Typical

Fanout     Cap    Slew   Delay    Time   Description
-----------------------------------------------------------------------------
                          0.00    0.00   clock clk (rise edge)
                          0.00    0.00   clock network delay (propagated)
                          2.00    2.00 ^ input external delay
                  0.03    0.02    2.02 ^ partial_products_carry_s1[0] (in)
     1    0.01                           partial_products_carry_s1[0] (net)
                  0.03    0.00    2.02 ^ input208/A (sky130_fd_sc_hd__buf_6)
                  0.14    0.17    2.19 ^ input208/X (sky130_fd_sc_hd__buf_6)
     2    0.07                           net208 (net)
                  0.15    0.02    2.20 ^ _4958_/A (sky130_fd_sc_hd__nand2_8)
                  0.16    0.17    2.37 v _4958_/Y (sky130_fd_sc_hd__nand2_8)
     3    0.11                           _2749_ (net)
                  0.16    0.02    2.39 v _4961_/A1 (sky130_fd_sc_hd__o21a_4)
                  0.06    0.30    2.69 v _4961_/X (sky130_fd_sc_hd__o21a_4)
     3    0.02                           _2781_ (net)
                  0.06    0.00    2.69 v _4965_/A2 (sky130_fd_sc_hd__o31a_1)
                  0.08    0.33    3.02 v _4965_/X (sky130_fd_sc_hd__o31a_1)
     3    0.01                           _2804_ (net)
                  0.08    0.00    3.02 v _4973_/B (sky130_fd_sc_hd__or4_4)
                  0.10    0.57    3.59 v _4973_/X (sky130_fd_sc_hd__or4_4)
     3    0.01                           _2812_ (net)
                  0.10    0.00    3.59 v _5099_/A1 (sky130_fd_sc_hd__a211o_4)
                  0.16    0.48    4.07 v _5099_/X (sky130_fd_sc_hd__a211o_4)
     4    0.09                           _2938_ (net)
                  0.16    0.01    4.08 v _5261_/A1 (sky130_fd_sc_hd__a211o_4)
                  0.08    0.42    4.49 v _5261_/X (sky130_fd_sc_hd__a211o_4)
     6    0.02                           _3100_ (net)
                  0.08    0.00    4.49 v _6768_/A2 (sky130_fd_sc_hd__a211o_4)
                  0.15    0.48    4.98 v _6768_/X (sky130_fd_sc_hd__a211o_4)
     5    0.08                           _1141_ (net)
                  0.15    0.01    4.98 v _3525_/A1 (sky130_fd_sc_hd__a211o_1)
                  0.10    0.37    5.35 v _3525_/X (sky130_fd_sc_hd__a211o_1)
     3    0.02                           _1423_ (net)
                  0.10    0.00    5.35 v _3629_/A3 (sky130_fd_sc_hd__a31o_1)
                  0.07    0.28    5.64 v _3629_/X (sky130_fd_sc_hd__a31o_1)
     3    0.01                           _1527_ (net)
                  0.07    0.00    5.64 v _3668_/A1 (sky130_fd_sc_hd__a2111o_1)
                  0.13    0.47    6.10 v _3668_/X (sky130_fd_sc_hd__a2111o_1)
     2    0.02                           _1566_ (net)
                  0.13    0.00    6.11 v _3673_/A1 (sky130_fd_sc_hd__a21oi_4)
                  0.20    0.24    6.34 ^ _3673_/Y (sky130_fd_sc_hd__a21oi_4)
     5    0.02                           _1571_ (net)
                  0.20    0.00    6.34 ^ rebuffer6/A (sky130_fd_sc_hd__clkbuf_2)
                  0.05    0.16    6.50 ^ rebuffer6/X (sky130_fd_sc_hd__clkbuf_2)
     1    0.01                           net951 (net)
                  0.05    0.00    6.50 ^ _3676_/A2 (sky130_fd_sc_hd__o31a_4)
                  0.07    0.16    6.67 ^ _3676_/X (sky130_fd_sc_hd__o31a_4)
     1    0.02                           _1574_ (net)
                  0.07    0.00    6.67 ^ _3677_/B (sky130_fd_sc_hd__xnor2_4)
                  0.11    0.11    6.77 v _3677_/Y (sky130_fd_sc_hd__xnor2_4)
     6    0.03                           _1575_ (net)
                  0.11    0.00    6.77 v _3979_/A0 (sky130_fd_sc_hd__mux2_2)
                  0.06    0.31    7.08 v _3979_/X (sky130_fd_sc_hd__mux2_2)
     2    0.01                           _1876_ (net)
                  0.06    0.00    7.08 v _3981_/A0 (sky130_fd_sc_hd__mux2_1)
                  0.11    0.36    7.45 v _3981_/X (sky130_fd_sc_hd__mux2_1)
     2    0.01                           _1878_ (net)
                  0.11    0.00    7.45 v _4267_/A0 (sky130_fd_sc_hd__mux2_1)
                  0.10    0.37    7.82 v _4267_/X (sky130_fd_sc_hd__mux2_1)
     2    0.01                           _2160_ (net)
                  0.10    0.00    7.82 v _4551_/B (sky130_fd_sc_hd__or2_1)
                  0.06    0.24    8.06 v _4551_/X (sky130_fd_sc_hd__or2_1)
     2    0.00                           _2436_ (net)
                  0.06    0.00    8.07 v _4552_/B2 (sky130_fd_sc_hd__a22o_1)
                  0.06    0.23    8.30 v _4552_/X (sky130_fd_sc_hd__a22o_1)
     1    0.01                           _2437_ (net)
                  0.06    0.00    8.30 v _4553_/B (sky130_fd_sc_hd__xnor2_1)
                  0.09    0.17    8.47 v _4553_/Y (sky130_fd_sc_hd__xnor2_1)
     1    0.01                           _2438_ (net)
                  0.09    0.00    8.47 v _4561_/A2 (sky130_fd_sc_hd__a21o_1)
                  0.10    0.27    8.74 v _4561_/X (sky130_fd_sc_hd__a21o_1)
     3    0.02                           _2446_ (net)
                  0.10    0.00    8.74 v _4563_/A (sky130_fd_sc_hd__xnor2_1)
                  0.59    0.55    9.29 ^ _4563_/Y (sky130_fd_sc_hd__xnor2_1)
     1    0.03                           _2448_ (net)
                  0.59    0.00    9.29 ^ _4564_/B (sky130_fd_sc_hd__xnor2_1)
                  0.10    0.13    9.43 v _4564_/Y (sky130_fd_sc_hd__xnor2_1)
     1    0.00                           _2449_ (net)
                  0.10    0.00    9.43 v _4565_/A1 (sky130_fd_sc_hd__mux2_1)
                  0.06    0.32    9.75 v _4565_/X (sky130_fd_sc_hd__mux2_1)
     1    0.00                           _2450_ (net)
                  0.06    0.00    9.75 v _4566_/A1 (sky130_fd_sc_hd__mux2_4)
                  0.11    0.37   10.12 v _4566_/X (sky130_fd_sc_hd__mux2_4)
     1    0.05                           _2451_ (net)
                  0.12    0.00   10.12 v _4567_/A (sky130_fd_sc_hd__clkbuf_4)
                  0.12    0.26   10.38 v _4567_/X (sky130_fd_sc_hd__clkbuf_4)
     1    0.06                           net626 (net)
                  0.13    0.02   10.40 v output626/A (sky130_fd_sc_hd__clkbuf_4)
                  0.08    0.23   10.63 v output626/X (sky130_fd_sc_hd__clkbuf_4)
     1    0.03                           Sum_s2[117] (net)
                  0.08    0.00   10.63 v Sum_s2[117] (out)
                                 10.63   data arrival time

                         10.00   10.00   clock clk (rise edge)
                          0.00   10.00   clock network delay (propagated)
                         -0.25    9.75   clock uncertainty
                          0.00    9.75   clock reconvergence pessimism
                         -2.00    7.75   output external delay
                                  7.75   data required time
-----------------------------------------------------------------------------
                                  7.75   data required time
                                -10.63   data arrival time
-----------------------------------------------------------------------------
                                 -2.88   slack (VIOLATED)




===========================================================================
report_checks --slack_max -0.01
============================================================================
======================= Fastest Corner ===================================

No paths found.

======================= Slowest Corner ===================================

Startpoint: partial_products_sum_s1[55] (input port clocked by clk)
Endpoint: Sum_s2[117] (output port clocked by clk)
Path Group: clk
Path Type: max
Corner: Slowest

Fanout     Cap    Slew   Delay    Time   Description
-----------------------------------------------------------------------------
                          0.00    0.00   clock clk (rise edge)
                          0.00    0.00   clock network delay (propagated)
                          2.00    2.00 ^ input external delay
                  0.07    0.05    2.05 ^ partial_products_sum_s1[55] (in)
     1    0.01                           partial_products_sum_s1[55] (net)
                  0.07    0.00    2.05 ^ input382/A (sky130_fd_sc_hd__buf_8)
                  0.45    0.41    2.46 ^ input382/X (sky130_fd_sc_hd__buf_8)
     2    0.18                           net382 (net)
                  0.49    0.11    2.56 ^ _5394_/A (sky130_fd_sc_hd__nor2_1)
                  0.13    0.26    2.83 v _5394_/Y (sky130_fd_sc_hd__nor2_1)
     2    0.01                           _3233_ (net)
                  0.13    0.00    2.83 v _5396_/A (sky130_fd_sc_hd__or2b_1)
                  0.19    0.65    3.48 v _5396_/X (sky130_fd_sc_hd__or2b_1)
     4    0.01                           _3235_ (net)
                  0.19    0.00    3.48 v _6688_/C (sky130_fd_sc_hd__or4_1)
                  0.22    1.27    4.76 v _6688_/X (sky130_fd_sc_hd__or4_1)
     2    0.01                           _1061_ (net)
                  0.22    0.00    4.76 v _6691_/B (sky130_fd_sc_hd__nor2_1)
                  0.20    0.27    5.02 ^ _6691_/Y (sky130_fd_sc_hd__nor2_1)
     1    0.01                           _1064_ (net)
                  0.20    0.00    5.02 ^ _6692_/A (sky130_fd_sc_hd__inv_2)
                  0.16    0.22    5.25 v _6692_/Y (sky130_fd_sc_hd__inv_2)
     2    0.03                           _1065_ (net)
                  0.16    0.00    5.25 v _6767_/A (sky130_fd_sc_hd__or3_2)
                  0.33    1.46    6.71 v _6767_/X (sky130_fd_sc_hd__or3_2)
     2    0.04                           _1140_ (net)
                  0.33    0.00    6.71 v _6768_/C1 (sky130_fd_sc_hd__a211o_4)
                  0.25    0.81    7.53 v _6768_/X (sky130_fd_sc_hd__a211o_4)
     5    0.08                           _1141_ (net)
                  0.25    0.01    7.53 v _3525_/A1 (sky130_fd_sc_hd__a211o_1)
                  0.19    0.71    8.25 v _3525_/X (sky130_fd_sc_hd__a211o_1)
     3    0.02                           _1423_ (net)
                  0.19    0.00    8.25 v _3629_/A3 (sky130_fd_sc_hd__a31o_1)
                  0.13    0.53    8.77 v _3629_/X (sky130_fd_sc_hd__a31o_1)
     3    0.01                           _1527_ (net)
                  0.13    0.00    8.77 v _3668_/A1 (sky130_fd_sc_hd__a2111o_1)
                  0.23    0.93    9.70 v _3668_/X (sky130_fd_sc_hd__a2111o_1)
     2    0.02                           _1566_ (net)
                  0.23    0.00    9.70 v _3673_/A1 (sky130_fd_sc_hd__a21oi_4)
                  0.30    0.41   10.11 ^ _3673_/Y (sky130_fd_sc_hd__a21oi_4)
     5    0.02                           _1571_ (net)
                  0.30    0.00   10.11 ^ rebuffer6/A (sky130_fd_sc_hd__clkbuf_2)
                  0.07    0.31   10.42 ^ rebuffer6/X (sky130_fd_sc_hd__clkbuf_2)
     1    0.01                           net951 (net)
                  0.07    0.00   10.42 ^ _3676_/A2 (sky130_fd_sc_hd__o31a_4)
                  0.12    0.32   10.74 ^ _3676_/X (sky130_fd_sc_hd__o31a_4)
     1    0.02                           _1574_ (net)
                  0.12    0.00   10.74 ^ _3677_/B (sky130_fd_sc_hd__xnor2_4)
                  0.20    0.22   10.96 v _3677_/Y (sky130_fd_sc_hd__xnor2_4)
     6    0.03                           _1575_ (net)
                  0.20    0.00   10.96 v _3979_/A0 (sky130_fd_sc_hd__mux2_2)
                  0.11    0.64   11.60 v _3979_/X (sky130_fd_sc_hd__mux2_2)
     2    0.01                           _1876_ (net)
                  0.11    0.00   11.60 v _3981_/A0 (sky130_fd_sc_hd__mux2_1)
                  0.21    0.82   12.42 v _3981_/X (sky130_fd_sc_hd__mux2_1)
     2    0.01                           _1878_ (net)
                  0.21    0.00   12.42 v _4267_/A0 (sky130_fd_sc_hd__mux2_1)
                  0.20    0.83   13.26 v _4267_/X (sky130_fd_sc_hd__mux2_1)
     2    0.01                           _2160_ (net)
                  0.20    0.00   13.26 v _4551_/B (sky130_fd_sc_hd__or2_1)
                  0.11    0.56   13.81 v _4551_/X (sky130_fd_sc_hd__or2_1)
     2    0.00                           _2436_ (net)
                  0.11    0.00   13.81 v _4552_/B2 (sky130_fd_sc_hd__a22o_1)
                  0.11    0.43   14.25 v _4552_/X (sky130_fd_sc_hd__a22o_1)
     1    0.01                           _2437_ (net)
                  0.11    0.00   14.25 v _4553_/B (sky130_fd_sc_hd__xnor2_1)
                  0.20    0.32   14.56 v _4553_/Y (sky130_fd_sc_hd__xnor2_1)
     1    0.01                           _2438_ (net)
                  0.20    0.00   14.56 v _4561_/A2 (sky130_fd_sc_hd__a21o_1)
                  0.19    0.52   15.08 v _4561_/X (sky130_fd_sc_hd__a21o_1)
     3    0.02                           _2446_ (net)
                  0.19    0.00   15.08 v _4563_/A (sky130_fd_sc_hd__xnor2_1)
                  0.97    0.92   16.01 ^ _4563_/Y (sky130_fd_sc_hd__xnor2_1)
     1    0.03                           _2448_ (net)
                  0.97    0.00   16.01 ^ _4564_/B (sky130_fd_sc_hd__xnor2_1)
                  0.16    0.37   16.38 v _4564_/Y (sky130_fd_sc_hd__xnor2_1)
     1    0.00                           _2449_ (net)
                  0.16    0.00   16.38 v _4565_/A1 (sky130_fd_sc_hd__mux2_1)
                  0.11    0.72   17.11 v _4565_/X (sky130_fd_sc_hd__mux2_1)
     1    0.00                           _2450_ (net)
                  0.11    0.00   17.11 v _4566_/A1 (sky130_fd_sc_hd__mux2_4)
                  0.20    0.67   17.78 v _4566_/X (sky130_fd_sc_hd__mux2_4)
     1    0.05                           _2451_ (net)
                  0.20    0.00   17.79 v _4567_/A (sky130_fd_sc_hd__clkbuf_4)
                  0.22    0.46   18.25 v _4567_/X (sky130_fd_sc_hd__clkbuf_4)
     1    0.06                           net626 (net)
                  0.22    0.02   18.27 v output626/A (sky130_fd_sc_hd__clkbuf_4)
                  0.14    0.42   18.69 v output626/X (sky130_fd_sc_hd__clkbuf_4)
     1    0.03                           Sum_s2[117] (net)
                  0.14    0.00   18.69 v Sum_s2[117] (out)
                                 18.69   data arrival time

                         10.00   10.00   clock clk (rise edge)
                          0.00   10.00   clock network delay (propagated)
                         -0.25    9.75   clock uncertainty
                          0.00    9.75   clock reconvergence pessimism
                         -2.00    7.75   output external delay
                                  7.75   data required time
-----------------------------------------------------------------------------
                                  7.75   data required time
                                -18.69   data arrival time
-----------------------------------------------------------------------------
                                -10.94   slack (VIOLATED)



======================= Typical Corner ===================================

Startpoint: partial_products_carry_s1[0] (input port clocked by clk)
Endpoint: Sum_s2[117] (output port clocked by clk)
Path Group: clk
Path Type: max
Corner: Typical

Fanout     Cap    Slew   Delay    Time   Description
-----------------------------------------------------------------------------
                          0.00    0.00   clock clk (rise edge)
                          0.00    0.00   clock network delay (propagated)
                          2.00    2.00 ^ input external delay
                  0.03    0.02    2.02 ^ partial_products_carry_s1[0] (in)
     1    0.01                           partial_products_carry_s1[0] (net)
                  0.03    0.00    2.02 ^ input208/A (sky130_fd_sc_hd__buf_6)
                  0.14    0.17    2.19 ^ input208/X (sky130_fd_sc_hd__buf_6)
     2    0.07                           net208 (net)
                  0.15    0.02    2.20 ^ _4958_/A (sky130_fd_sc_hd__nand2_8)
                  0.16    0.17    2.37 v _4958_/Y (sky130_fd_sc_hd__nand2_8)
     3    0.11                           _2749_ (net)
                  0.16    0.02    2.39 v _4961_/A1 (sky130_fd_sc_hd__o21a_4)
                  0.06    0.30    2.69 v _4961_/X (sky130_fd_sc_hd__o21a_4)
     3    0.02                           _2781_ (net)
                  0.06    0.00    2.69 v _4965_/A2 (sky130_fd_sc_hd__o31a_1)
                  0.08    0.33    3.02 v _4965_/X (sky130_fd_sc_hd__o31a_1)
     3    0.01                           _2804_ (net)
                  0.08    0.00    3.02 v _4973_/B (sky130_fd_sc_hd__or4_4)
                  0.10    0.57    3.59 v _4973_/X (sky130_fd_sc_hd__or4_4)
     3    0.01                           _2812_ (net)
                  0.10    0.00    3.59 v _5099_/A1 (sky130_fd_sc_hd__a211o_4)
                  0.16    0.48    4.07 v _5099_/X (sky130_fd_sc_hd__a211o_4)
     4    0.09                           _2938_ (net)
                  0.16    0.01    4.08 v _5261_/A1 (sky130_fd_sc_hd__a211o_4)
                  0.08    0.42    4.49 v _5261_/X (sky130_fd_sc_hd__a211o_4)
     6    0.02                           _3100_ (net)
                  0.08    0.00    4.49 v _6768_/A2 (sky130_fd_sc_hd__a211o_4)
                  0.15    0.48    4.98 v _6768_/X (sky130_fd_sc_hd__a211o_4)
     5    0.08                           _1141_ (net)
                  0.15    0.01    4.98 v _3525_/A1 (sky130_fd_sc_hd__a211o_1)
                  0.10    0.37    5.35 v _3525_/X (sky130_fd_sc_hd__a211o_1)
     3    0.02                           _1423_ (net)
                  0.10    0.00    5.35 v _3629_/A3 (sky130_fd_sc_hd__a31o_1)
                  0.07    0.28    5.64 v _3629_/X (sky130_fd_sc_hd__a31o_1)
     3    0.01                           _1527_ (net)
                  0.07    0.00    5.64 v _3668_/A1 (sky130_fd_sc_hd__a2111o_1)
                  0.13    0.47    6.10 v _3668_/X (sky130_fd_sc_hd__a2111o_1)
     2    0.02                           _1566_ (net)
                  0.13    0.00    6.11 v _3673_/A1 (sky130_fd_sc_hd__a21oi_4)
                  0.20    0.24    6.34 ^ _3673_/Y (sky130_fd_sc_hd__a21oi_4)
     5    0.02                           _1571_ (net)
                  0.20    0.00    6.34 ^ rebuffer6/A (sky130_fd_sc_hd__clkbuf_2)
                  0.05    0.16    6.50 ^ rebuffer6/X (sky130_fd_sc_hd__clkbuf_2)
     1    0.01                           net951 (net)
                  0.05    0.00    6.50 ^ _3676_/A2 (sky130_fd_sc_hd__o31a_4)
                  0.07    0.16    6.67 ^ _3676_/X (sky130_fd_sc_hd__o31a_4)
     1    0.02                           _1574_ (net)
                  0.07    0.00    6.67 ^ _3677_/B (sky130_fd_sc_hd__xnor2_4)
                  0.11    0.11    6.77 v _3677_/Y (sky130_fd_sc_hd__xnor2_4)
     6    0.03                           _1575_ (net)
                  0.11    0.00    6.77 v _3979_/A0 (sky130_fd_sc_hd__mux2_2)
                  0.06    0.31    7.08 v _3979_/X (sky130_fd_sc_hd__mux2_2)
     2    0.01                           _1876_ (net)
                  0.06    0.00    7.08 v _3981_/A0 (sky130_fd_sc_hd__mux2_1)
                  0.11    0.36    7.45 v _3981_/X (sky130_fd_sc_hd__mux2_1)
     2    0.01                           _1878_ (net)
                  0.11    0.00    7.45 v _4267_/A0 (sky130_fd_sc_hd__mux2_1)
                  0.10    0.37    7.82 v _4267_/X (sky130_fd_sc_hd__mux2_1)
     2    0.01                           _2160_ (net)
                  0.10    0.00    7.82 v _4551_/B (sky130_fd_sc_hd__or2_1)
                  0.06    0.24    8.06 v _4551_/X (sky130_fd_sc_hd__or2_1)
     2    0.00                           _2436_ (net)
                  0.06    0.00    8.07 v _4552_/B2 (sky130_fd_sc_hd__a22o_1)
                  0.06    0.23    8.30 v _4552_/X (sky130_fd_sc_hd__a22o_1)
     1    0.01                           _2437_ (net)
                  0.06    0.00    8.30 v _4553_/B (sky130_fd_sc_hd__xnor2_1)
                  0.09    0.17    8.47 v _4553_/Y (sky130_fd_sc_hd__xnor2_1)
     1    0.01                           _2438_ (net)
                  0.09    0.00    8.47 v _4561_/A2 (sky130_fd_sc_hd__a21o_1)
                  0.10    0.27    8.74 v _4561_/X (sky130_fd_sc_hd__a21o_1)
     3    0.02                           _2446_ (net)
                  0.10    0.00    8.74 v _4563_/A (sky130_fd_sc_hd__xnor2_1)
                  0.59    0.55    9.29 ^ _4563_/Y (sky130_fd_sc_hd__xnor2_1)
     1    0.03                           _2448_ (net)
                  0.59    0.00    9.29 ^ _4564_/B (sky130_fd_sc_hd__xnor2_1)
                  0.10    0.13    9.43 v _4564_/Y (sky130_fd_sc_hd__xnor2_1)
     1    0.00                           _2449_ (net)
                  0.10    0.00    9.43 v _4565_/A1 (sky130_fd_sc_hd__mux2_1)
                  0.06    0.32    9.75 v _4565_/X (sky130_fd_sc_hd__mux2_1)
     1    0.00                           _2450_ (net)
                  0.06    0.00    9.75 v _4566_/A1 (sky130_fd_sc_hd__mux2_4)
                  0.11    0.37   10.12 v _4566_/X (sky130_fd_sc_hd__mux2_4)
     1    0.05                           _2451_ (net)
                  0.12    0.00   10.12 v _4567_/A (sky130_fd_sc_hd__clkbuf_4)
                  0.12    0.26   10.38 v _4567_/X (sky130_fd_sc_hd__clkbuf_4)
     1    0.06                           net626 (net)
                  0.13    0.02   10.40 v output626/A (sky130_fd_sc_hd__clkbuf_4)
                  0.08    0.23   10.63 v output626/X (sky130_fd_sc_hd__clkbuf_4)
     1    0.03                           Sum_s2[117] (net)
                  0.08    0.00   10.63 v Sum_s2[117] (out)
                                 10.63   data arrival time

                         10.00   10.00   clock clk (rise edge)
                          0.00   10.00   clock network delay (propagated)
                         -0.25    9.75   clock uncertainty
                          0.00    9.75   clock reconvergence pessimism
                         -2.00    7.75   output external delay
                                  7.75   data required time
-----------------------------------------------------------------------------
                                  7.75   data required time
                                -10.63   data arrival time
-----------------------------------------------------------------------------
                                 -2.88   slack (VIOLATED)




===========================================================================
 report_check_types -max_slew -max_cap -max_fanout -violators
============================================================================
======================= Fastest Corner ===================================

max fanout

Pin                                   Limit Fanout  Slack
---------------------------------------------------------
_4907_/X                                 10     25    -15 (VIOLATED)
input116/X                               10     24    -14 (VIOLATED)
_7207_/X                                 10     23    -13 (VIOLATED)
_7243_/X                                 10     23    -13 (VIOLATED)
_7283_/X                                 10     23    -13 (VIOLATED)
input113/X                               10     23    -13 (VIOLATED)
input198/X                               10     23    -13 (VIOLATED)
input41/X                                10     22    -12 (VIOLATED)
_7194_/X                                 10     21    -11 (VIOLATED)
_7267_/X                                 10     21    -11 (VIOLATED)
input110/X                               10     21    -11 (VIOLATED)
input76/X                                10     21    -11 (VIOLATED)
input89/X                                10     21    -11 (VIOLATED)
_4812_/X                                 10     20    -10 (VIOLATED)
_6340_/X                                 10     19     -9 (VIOLATED)
_7266_/X                                 10     19     -9 (VIOLATED)
_7302_/X                                 10     19     -9 (VIOLATED)
_6497_/X                                 10     18     -8 (VIOLATED)
input206/X                               10     17     -7 (VIOLATED)
input88/X                                10     17     -7 (VIOLATED)
input51/X                                10     16     -6 (VIOLATED)
_7284_/X                                 10     15     -5 (VIOLATED)
input143/X                               10     15     -5 (VIOLATED)
input159/X                               10     15     -5 (VIOLATED)
input182/X                               10     15     -5 (VIOLATED)
input99/X                                10     15     -5 (VIOLATED)
_4939_/X                                 10     14     -4 (VIOLATED)
_6369_/X                                 10     14     -4 (VIOLATED)
_6224_/X                                 10     13     -3 (VIOLATED)
_6380_/X                                 10     13     -3 (VIOLATED)
_6435_/X                                 10     13     -3 (VIOLATED)
_7202_/X                                 10     13     -3 (VIOLATED)
_7326_/X                                 10     13     -3 (VIOLATED)
input181/X                               10     13     -3 (VIOLATED)
_4909_/X                                 10     12     -2 (VIOLATED)
_5499_/X                                 10     12     -2 (VIOLATED)
_6473_/X                                 10     12     -2 (VIOLATED)
_6542_/X                                 10     12     -2 (VIOLATED)
input83/X                                10     12     -2 (VIOLATED)
_4838_/X                                 10     11        (VIOLATED)
_4944_/X                                 10     11        (VIOLATED)
_5296_/X                                 10     11        (VIOLATED)
_6638_/X                                 10     11        (VIOLATED)
input123/X                               10     11        (VIOLATED)


======================= Slowest Corner ===================================

max slew

Pin                                    Limit    Slew   Slack
------------------------------------------------------------
_6015_/B                                0.75    1.42   -0.67 (VIOLATED)
_6016_/B                                0.75    1.42   -0.67 (VIOLATED)
_5507_/A0                               0.75    1.42   -0.67 (VIOLATED)
_5049_/A1                               0.75    1.42   -0.67 (VIOLATED)
_5754_/A2                               0.75    1.42   -0.67 (VIOLATED)
_5048_/Y                                0.75    1.42   -0.67 (VIOLATED)
_5461_/B                                0.75    1.35   -0.60 (VIOLATED)
ANTENNA_8/DIODE                         0.75    1.35   -0.60 (VIOLATED)
_6170_/B                                0.75    1.35   -0.60 (VIOLATED)
_6171_/B                                0.75    1.35   -0.60 (VIOLATED)
ANTENNA_10/DIODE                        0.75    1.35   -0.60 (VIOLATED)
ANTENNA_7/DIODE                         0.75    1.35   -0.60 (VIOLATED)
_4993_/A0                               0.75    1.35   -0.60 (VIOLATED)
_5741_/A1                               0.75    1.35   -0.60 (VIOLATED)
ANTENNA_11/DIODE                        0.75    1.35   -0.60 (VIOLATED)
ANTENNA_9/DIODE                         0.75    1.35   -0.60 (VIOLATED)
_4985_/X                                0.75    1.35   -0.60 (VIOLATED)
_5764_/A1                               0.75    1.11   -0.36 (VIOLATED)
_5127_/A0                               0.75    1.11   -0.36 (VIOLATED)
_6409_/A2                               0.75    1.11   -0.36 (VIOLATED)
_6408_/B                                0.75    1.11   -0.36 (VIOLATED)
ANTENNA_15/DIODE                        0.75    1.11   -0.36 (VIOLATED)
_5873_/B                                0.75    1.11   -0.36 (VIOLATED)
_5383_/B                                0.75    1.11   -0.36 (VIOLATED)
ANTENNA_14/DIODE                        0.75    1.11   -0.36 (VIOLATED)
_5124_/X                                0.75    1.11   -0.36 (VIOLATED)
_6827_/A                                0.75    1.05   -0.30 (VIOLATED)
_6808_/A1                               0.75    1.05   -0.30 (VIOLATED)
_6877_/A1                               0.75    1.05   -0.30 (VIOLATED)
_6803_/Y                                0.75    1.05   -0.30 (VIOLATED)
_5500_/A0                               0.75    0.99   -0.24 (VIOLATED)
_5678_/A0                               0.75    0.99   -0.24 (VIOLATED)
_5737_/A2                               0.75    0.99   -0.24 (VIOLATED)
_5738_/A2                               0.75    0.99   -0.24 (VIOLATED)
_5055_/X                                0.75    0.99   -0.24 (VIOLATED)
_5059_/A2                               0.75    0.99   -0.24 (VIOLATED)
_5748_/A0                               0.75    0.99   -0.24 (VIOLATED)
_6046_/Y                                0.75    0.97   -0.22 (VIOLATED)
_6047_/B1                               0.75    0.97   -0.22 (VIOLATED)
_6253_/B1                               0.75    0.97   -0.22 (VIOLATED)
_4564_/B                                0.75    0.97   -0.22 (VIOLATED)
_4563_/Y                                0.75    0.97   -0.22 (VIOLATED)
_4273_/Y                                0.75    0.96   -0.21 (VIOLATED)
_4280_/A3                               0.75    0.96   -0.21 (VIOLATED)
_4675_/B                                0.75    0.88   -0.13 (VIOLATED)
_4674_/Y                                0.75    0.88   -0.13 (VIOLATED)
_5326_/B1                               0.75    0.85   -0.10 (VIOLATED)
_5325_/X                                0.75    0.85   -0.10 (VIOLATED)
_4518_/A2                               0.75    0.85   -0.10 (VIOLATED)
_4517_/B                                0.75    0.85   -0.10 (VIOLATED)
_3895_/A0                               0.75    0.85   -0.10 (VIOLATED)
_6795_/B                                0.75    0.85   -0.10 (VIOLATED)
_6794_/X                                0.75    0.85   -0.10 (VIOLATED)
output654/A                             0.75    0.83   -0.08 (VIOLATED)
_4926_/Y                                0.75    0.83   -0.08 (VIOLATED)
_5147_/A1                               0.75    0.82   -0.07 (VIOLATED)
_5157_/A                                0.75    0.82   -0.07 (VIOLATED)
_5145_/Y                                0.75    0.82   -0.07 (VIOLATED)
output692/A                             0.75    0.80   -0.05 (VIOLATED)
ANTENNA_724/DIODE                       0.75    0.80   -0.05 (VIOLATED)
ANTENNA_725/DIODE                       0.75    0.80   -0.05 (VIOLATED)
ANTENNA_726/DIODE                       0.75    0.80   -0.05 (VIOLATED)
ANTENNA_733/DIODE                       0.75    0.80   -0.05 (VIOLATED)
ANTENNA_731/DIODE                       0.75    0.80   -0.05 (VIOLATED)
ANTENNA_732/DIODE                       0.75    0.80   -0.05 (VIOLATED)
ANTENNA_734/DIODE                       0.75    0.80   -0.05 (VIOLATED)
ANTENNA_727/DIODE                       0.75    0.80   -0.05 (VIOLATED)
ANTENNA_728/DIODE                       0.75    0.80   -0.05 (VIOLATED)
ANTENNA_729/DIODE                       0.75    0.80   -0.05 (VIOLATED)
ANTENNA_730/DIODE                       0.75    0.80   -0.05 (VIOLATED)
ANTENNA_735/DIODE                       0.75    0.80   -0.05 (VIOLATED)
_4546_/B                                0.75    0.80   -0.05 (VIOLATED)
_6796_/A2                               0.75    0.80   -0.05 (VIOLATED)
_3894_/A2                               0.75    0.80   -0.05 (VIOLATED)
_4016_/A2                               0.75    0.80   -0.05 (VIOLATED)
_6792_/Y                                0.75    0.80   -0.05 (VIOLATED)
ANTENNA_723/DIODE                       0.75    0.79   -0.04 (VIOLATED)
_6369_/X                                0.75    0.79   -0.04 (VIOLATED)
_4187_/Y                                0.75    0.77   -0.02 (VIOLATED)
_4189_/A0                               0.75    0.77   -0.02 (VIOLATED)
_5162_/A                                0.75    0.77   -0.02 (VIOLATED)
_6376_/B                                0.75    0.77   -0.02 (VIOLATED)
_6377_/A2                               0.75    0.77   -0.02 (VIOLATED)
_5161_/Y                                0.75    0.77   -0.02 (VIOLATED)
output666/A                             0.75    0.77   -0.02 (VIOLATED)
ANTENNA_633/DIODE                       0.75    0.77   -0.02 (VIOLATED)
ANTENNA_634/DIODE                       0.75    0.77   -0.02 (VIOLATED)
ANTENNA_643/DIODE                       0.75    0.77   -0.02 (VIOLATED)
ANTENNA_641/DIODE                       0.75    0.77   -0.02 (VIOLATED)
ANTENNA_635/DIODE                       0.75    0.77   -0.02 (VIOLATED)
ANTENNA_642/DIODE                       0.75    0.77   -0.02 (VIOLATED)
ANTENNA_640/DIODE                       0.75    0.77   -0.02 (VIOLATED)
ANTENNA_636/DIODE                       0.75    0.77   -0.02 (VIOLATED)
ANTENNA_637/DIODE                       0.75    0.77   -0.02 (VIOLATED)
ANTENNA_638/DIODE                       0.75    0.77   -0.02 (VIOLATED)
ANTENNA_639/DIODE                       0.75    0.77   -0.02 (VIOLATED)
ANTENNA_644/DIODE                       0.75    0.77   -0.02 (VIOLATED)
_5414_/Y                                0.75    0.76   -0.01 (VIOLATED)
_5428_/A2                               0.75    0.76   -0.01 (VIOLATED)
_5802_/A2                               0.75    0.76   -0.01 (VIOLATED)
ANTENNA_632/DIODE                       0.75    0.75   -0.00 (VIOLATED)
_4939_/X                                0.75    0.75   -0.00 (VIOLATED)
_4489_/A2                               0.75    0.75   -0.00 (VIOLATED)
_4488_/B                                0.75    0.75   -0.00 (VIOLATED)
_6784_/A                                0.75    0.75   -0.00 (VIOLATED)
_3895_/A1                               0.75    0.75   -0.00 (VIOLATED)
_6783_/Y                                0.75    0.75   -0.00 (VIOLATED)

max fanout

Pin                                   Limit Fanout  Slack
---------------------------------------------------------
_4907_/X                                 10     25    -15 (VIOLATED)
input116/X                               10     24    -14 (VIOLATED)
_7207_/X                                 10     23    -13 (VIOLATED)
_7243_/X                                 10     23    -13 (VIOLATED)
_7283_/X                                 10     23    -13 (VIOLATED)
input113/X                               10     23    -13 (VIOLATED)
input198/X                               10     23    -13 (VIOLATED)
input41/X                                10     22    -12 (VIOLATED)
_7194_/X                                 10     21    -11 (VIOLATED)
_7267_/X                                 10     21    -11 (VIOLATED)
input110/X                               10     21    -11 (VIOLATED)
input76/X                                10     21    -11 (VIOLATED)
input89/X                                10     21    -11 (VIOLATED)
_4812_/X                                 10     20    -10 (VIOLATED)
_6340_/X                                 10     19     -9 (VIOLATED)
_7266_/X                                 10     19     -9 (VIOLATED)
_7302_/X                                 10     19     -9 (VIOLATED)
_6497_/X                                 10     18     -8 (VIOLATED)
input206/X                               10     17     -7 (VIOLATED)
input88/X                                10     17     -7 (VIOLATED)
input51/X                                10     16     -6 (VIOLATED)
_7284_/X                                 10     15     -5 (VIOLATED)
input143/X                               10     15     -5 (VIOLATED)
input159/X                               10     15     -5 (VIOLATED)
input182/X                               10     15     -5 (VIOLATED)
input99/X                                10     15     -5 (VIOLATED)
_4939_/X                                 10     14     -4 (VIOLATED)
_6369_/X                                 10     14     -4 (VIOLATED)
_6224_/X                                 10     13     -3 (VIOLATED)
_6380_/X                                 10     13     -3 (VIOLATED)
_6435_/X                                 10     13     -3 (VIOLATED)
_7202_/X                                 10     13     -3 (VIOLATED)
_7326_/X                                 10     13     -3 (VIOLATED)
input181/X                               10     13     -3 (VIOLATED)
_4909_/X                                 10     12     -2 (VIOLATED)
_5499_/X                                 10     12     -2 (VIOLATED)
_6473_/X                                 10     12     -2 (VIOLATED)
_6542_/X                                 10     12     -2 (VIOLATED)
input83/X                                10     12     -2 (VIOLATED)
_4838_/X                                 10     11        (VIOLATED)
_4944_/X                                 10     11        (VIOLATED)
_5296_/X                                 10     11        (VIOLATED)
_6638_/X                                 10     11        (VIOLATED)
input123/X                               10     11        (VIOLATED)


======================= Typical Corner ===================================

max slew

Pin                                    Limit    Slew   Slack
------------------------------------------------------------
_6015_/B                                0.75    0.91   -0.16 (VIOLATED)
_6016_/B                                0.75    0.91   -0.16 (VIOLATED)
_5507_/A0                               0.75    0.91   -0.16 (VIOLATED)
_5049_/A1                               0.75    0.91   -0.16 (VIOLATED)
_5754_/A2                               0.75    0.91   -0.16 (VIOLATED)
_5048_/Y                                0.75    0.91   -0.16 (VIOLATED)
_5461_/B                                0.75    0.87   -0.12 (VIOLATED)
ANTENNA_8/DIODE                         0.75    0.87   -0.12 (VIOLATED)
_6171_/B                                0.75    0.87   -0.12 (VIOLATED)
_6170_/B                                0.75    0.87   -0.12 (VIOLATED)
ANTENNA_10/DIODE                        0.75    0.87   -0.12 (VIOLATED)
ANTENNA_7/DIODE                         0.75    0.87   -0.12 (VIOLATED)
_4993_/A0                               0.75    0.87   -0.12 (VIOLATED)
_5741_/A1                               0.75    0.87   -0.12 (VIOLATED)
ANTENNA_9/DIODE                         0.75    0.87   -0.12 (VIOLATED)
ANTENNA_11/DIODE                        0.75    0.87   -0.12 (VIOLATED)
_4985_/X                                0.75    0.87   -0.12 (VIOLATED)

max fanout

Pin                                   Limit Fanout  Slack
---------------------------------------------------------
_4907_/X                                 10     25    -15 (VIOLATED)
input116/X                               10     24    -14 (VIOLATED)
_7207_/X                                 10     23    -13 (VIOLATED)
_7243_/X                                 10     23    -13 (VIOLATED)
_7283_/X                                 10     23    -13 (VIOLATED)
input113/X                               10     23    -13 (VIOLATED)
input198/X                               10     23    -13 (VIOLATED)
input41/X                                10     22    -12 (VIOLATED)
_7194_/X                                 10     21    -11 (VIOLATED)
_7267_/X                                 10     21    -11 (VIOLATED)
input110/X                               10     21    -11 (VIOLATED)
input76/X                                10     21    -11 (VIOLATED)
input89/X                                10     21    -11 (VIOLATED)
_4812_/X                                 10     20    -10 (VIOLATED)
_6340_/X                                 10     19     -9 (VIOLATED)
_7266_/X                                 10     19     -9 (VIOLATED)
_7302_/X                                 10     19     -9 (VIOLATED)
_6497_/X                                 10     18     -8 (VIOLATED)
input206/X                               10     17     -7 (VIOLATED)
input88/X                                10     17     -7 (VIOLATED)
input51/X                                10     16     -6 (VIOLATED)
_7284_/X                                 10     15     -5 (VIOLATED)
input143/X                               10     15     -5 (VIOLATED)
input159/X                               10     15     -5 (VIOLATED)
input182/X                               10     15     -5 (VIOLATED)
input99/X                                10     15     -5 (VIOLATED)
_4939_/X                                 10     14     -4 (VIOLATED)
_6369_/X                                 10     14     -4 (VIOLATED)
_6224_/X                                 10     13     -3 (VIOLATED)
_6380_/X                                 10     13     -3 (VIOLATED)
_6435_/X                                 10     13     -3 (VIOLATED)
_7202_/X                                 10     13     -3 (VIOLATED)
_7326_/X                                 10     13     -3 (VIOLATED)
input181/X                               10     13     -3 (VIOLATED)
_4909_/X                                 10     12     -2 (VIOLATED)
_5499_/X                                 10     12     -2 (VIOLATED)
_6473_/X                                 10     12     -2 (VIOLATED)
_6542_/X                                 10     12     -2 (VIOLATED)
input83/X                                10     12     -2 (VIOLATED)
_4838_/X                                 10     11        (VIOLATED)
_4944_/X                                 10     11        (VIOLATED)
_5296_/X                                 10     11        (VIOLATED)
_6638_/X                                 10     11        (VIOLATED)
input123/X                               10     11        (VIOLATED)



===========================================================================
report_parasitic_annotation -report_unannotated
============================================================================
Found 324 unannotated drivers.
 ExpDiff_s1[0]
 ExpDiff_s1[10]
 ExpDiff_s1[11]
 ExpDiff_s1[12]
 ExpDiff_s1[13]
 ExpDiff_s1[14]
 ExpDiff_s1[15]
 ExpDiff_s1[16]
 ExpDiff_s1[17]
 ExpDiff_s1[18]
 ExpDiff_s1[19]
 ExpDiff_s1[1]
 ExpDiff_s1[20]
 ExpDiff_s1[21]
 ExpDiff_s1[22]
 ExpDiff_s1[23]
 ExpDiff_s1[24]
 ExpDiff_s1[25]
 ExpDiff_s1[26]
 ExpDiff_s1[27]
 ExpDiff_s1[28]
 ExpDiff_s1[29]
 ExpDiff_s1[2]
 ExpDiff_s1[30]
 ExpDiff_s1[31]
 ExpDiff_s1[3]
 ExpDiff_s1[4]
 ExpDiff_s1[5]
 ExpDiff_s1[6]
 ExpDiff_s1[7]
 ExpDiff_s1[8]
 ExpDiff_s1[9]
 MaxExp_s1[0]
 MaxExp_s1[10]
 MaxExp_s1[11]
 MaxExp_s1[12]
 MaxExp_s1[13]
 MaxExp_s1[14]
 MaxExp_s1[15]
 MaxExp_s1[16]
 MaxExp_s1[17]
 MaxExp_s1[18]
 MaxExp_s1[19]
 MaxExp_s1[1]
 MaxExp_s1[20]
 MaxExp_s1[21]
 MaxExp_s1[22]
 MaxExp_s1[23]
 MaxExp_s1[24]
 MaxExp_s1[25]
 MaxExp_s1[26]
 MaxExp_s1[27]
 MaxExp_s1[28]
 MaxExp_s1[29]
 MaxExp_s1[2]
 MaxExp_s1[30]
 MaxExp_s1[31]
 MaxExp_s1[3]
 MaxExp_s1[4]
 MaxExp_s1[5]
 MaxExp_s1[6]
 MaxExp_s1[7]
 MaxExp_s1[8]
 MaxExp_s1[9]
 ProdASC_s1[10]
 ProdASC_s1[11]
 ProdASC_s1[12]
 ProdASC_s1[13]
 ProdASC_s1[14]
 ProdASC_s1[15]
 ProdASC_s1[22]
 ProdASC_s1[23]
 ProdASC_s1[24]
 ProdASC_s1[25]
 ProdASC_s1[26]
 ProdASC_s1[27]
 ProdASC_s1[28]
 ProdASC_s1[29]
 ProdASC_s1[30]
 ProdASC_s1[31]
 ProdASC_s1[38]
 ProdASC_s1[39]
 ProdASC_s1[40]
 ProdASC_s1[41]
 ProdASC_s1[42]
 ProdASC_s1[43]
 ProdASC_s1[44]
 ProdASC_s1[45]
 ProdASC_s1[46]
 ProdASC_s1[47]
 ProdASC_s1[54]
 ProdASC_s1[55]
 ProdASC_s1[56]
 ProdASC_s1[57]
 ProdASC_s1[58]
 ProdASC_s1[59]
 ProdASC_s1[60]
 ProdASC_s1[61]
 ProdASC_s1[62]
 ProdASC_s1[63]
 ProdASC_s1[6]
 ProdASC_s1[7]
 ProdASC_s1[8]
 ProdASC_s1[9]
 clk
 rst_n
 Stage2_Top_728/HI
 Stage2_Top_729/HI
 Stage2_Top_730/HI
 Stage2_Top_731/HI
 Stage2_Top_732/HI
 Stage2_Top_733/HI
 Stage2_Top_734/HI
 Stage2_Top_735/HI
 Stage2_Top_736/HI
 Stage2_Top_737/HI
 Stage2_Top_738/HI
 Stage2_Top_739/HI
 Stage2_Top_740/HI
 Stage2_Top_741/HI
 Stage2_Top_742/HI
 Stage2_Top_743/HI
 Stage2_Top_744/HI
 Stage2_Top_745/HI
 Stage2_Top_746/HI
 Stage2_Top_747/HI
 Stage2_Top_748/HI
 Stage2_Top_749/HI
 Stage2_Top_750/HI
 Stage2_Top_751/HI
 Stage2_Top_752/HI
 Stage2_Top_753/HI
 Stage2_Top_754/HI
 Stage2_Top_755/HI
 Stage2_Top_756/HI
 Stage2_Top_757/HI
 Stage2_Top_758/HI
 Stage2_Top_759/HI
 Stage2_Top_760/HI
 Stage2_Top_761/HI
 Stage2_Top_762/HI
 Stage2_Top_763/HI
 Stage2_Top_764/HI
 Stage2_Top_765/HI
 Stage2_Top_766/HI
 Stage2_Top_767/HI
 Stage2_Top_768/HI
 Stage2_Top_769/HI
 Stage2_Top_770/HI
 Stage2_Top_771/HI
 Stage2_Top_772/HI
 Stage2_Top_773/HI
 Stage2_Top_774/HI
 Stage2_Top_775/HI
 Stage2_Top_776/HI
 Stage2_Top_777/HI
 Stage2_Top_778/HI
 Stage2_Top_779/HI
 Stage2_Top_780/HI
 Stage2_Top_781/HI
 Stage2_Top_782/HI
 Stage2_Top_783/HI
 Stage2_Top_784/HI
 Stage2_Top_785/HI
 Stage2_Top_786/HI
 Stage2_Top_787/HI
 Stage2_Top_788/HI
 Stage2_Top_789/HI
 Stage2_Top_790/HI
 Stage2_Top_791/HI
 Stage2_Top_792/HI
 Stage2_Top_793/HI
 Stage2_Top_794/HI
 Stage2_Top_795/HI
 Stage2_Top_796/HI
 Stage2_Top_797/HI
 Stage2_Top_798/HI
 Stage2_Top_799/HI
 Stage2_Top_800/HI
 Stage2_Top_801/HI
 Stage2_Top_802/HI
 Stage2_Top_803/HI
 Stage2_Top_804/HI
 Stage2_Top_805/HI
 Stage2_Top_806/HI
 Stage2_Top_807/HI
 Stage2_Top_808/HI
 Stage2_Top_809/HI
 Stage2_Top_810/HI
 Stage2_Top_811/HI
 Stage2_Top_812/HI
 Stage2_Top_813/HI
 Stage2_Top_814/HI
 Stage2_Top_815/HI
 Stage2_Top_816/HI
 Stage2_Top_817/HI
 Stage2_Top_818/HI
 Stage2_Top_819/HI
 Stage2_Top_820/HI
 Stage2_Top_821/HI
 Stage2_Top_822/HI
 Stage2_Top_823/HI
 Stage2_Top_824/HI
 Stage2_Top_825/HI
 Stage2_Top_826/HI
 Stage2_Top_827/HI
 Stage2_Top_828/HI
 Stage2_Top_829/HI
 Stage2_Top_830/HI
 Stage2_Top_831/HI
 Stage2_Top_832/HI
 Stage2_Top_833/HI
 Stage2_Top_834/HI
 Stage2_Top_835/HI
 Stage2_Top_836/HI
 Stage2_Top_837/HI
 Stage2_Top_838/HI
 Stage2_Top_839/HI
 Stage2_Top_840/HI
 Stage2_Top_841/HI
 Stage2_Top_842/HI
 Stage2_Top_843/HI
 Stage2_Top_844/HI
 Stage2_Top_845/HI
 Stage2_Top_846/HI
 Stage2_Top_847/HI
 Stage2_Top_848/HI
 Stage2_Top_849/HI
 Stage2_Top_850/HI
 Stage2_Top_851/HI
 Stage2_Top_852/HI
 Stage2_Top_853/HI
 Stage2_Top_854/HI
 Stage2_Top_855/HI
 Stage2_Top_856/HI
 Stage2_Top_857/HI
 Stage2_Top_858/HI
 Stage2_Top_859/HI
 Stage2_Top_860/HI
 Stage2_Top_861/HI
 Stage2_Top_862/HI
 Stage2_Top_863/HI
 Stage2_Top_864/HI
 Stage2_Top_865/HI
 Stage2_Top_866/HI
 Stage2_Top_867/HI
 Stage2_Top_868/HI
 Stage2_Top_869/HI
 Stage2_Top_870/HI
 Stage2_Top_871/HI
 Stage2_Top_872/HI
 Stage2_Top_873/HI
 Stage2_Top_874/HI
 Stage2_Top_875/HI
 Stage2_Top_876/HI
 Stage2_Top_877/HI
 Stage2_Top_878/HI
 Stage2_Top_879/HI
 Stage2_Top_880/HI
 Stage2_Top_881/HI
 Stage2_Top_882/HI
 Stage2_Top_883/HI
 Stage2_Top_884/HI
 Stage2_Top_885/HI
 Stage2_Top_886/HI
 Stage2_Top_887/HI
 Stage2_Top_888/HI
 Stage2_Top_889/HI
 Stage2_Top_890/HI
 Stage2_Top_891/HI
 Stage2_Top_892/HI
 Stage2_Top_893/HI
 Stage2_Top_894/HI
 Stage2_Top_895/HI
 Stage2_Top_896/HI
 Stage2_Top_897/HI
 Stage2_Top_898/HI
 Stage2_Top_899/HI
 Stage2_Top_900/HI
 Stage2_Top_901/HI
 Stage2_Top_902/HI
 Stage2_Top_903/HI
 Stage2_Top_904/HI
 Stage2_Top_905/HI
 Stage2_Top_906/HI
 Stage2_Top_907/HI
 Stage2_Top_908/HI
 Stage2_Top_909/HI
 Stage2_Top_910/HI
 Stage2_Top_911/HI
 Stage2_Top_912/HI
 Stage2_Top_913/HI
 Stage2_Top_914/HI
 Stage2_Top_915/HI
 Stage2_Top_916/HI
 Stage2_Top_917/HI
 Stage2_Top_918/HI
 Stage2_Top_919/HI
 Stage2_Top_920/HI
 Stage2_Top_921/HI
 Stage2_Top_922/HI
 Stage2_Top_923/HI
 Stage2_Top_924/HI
 Stage2_Top_925/HI
 Stage2_Top_926/HI
 Stage2_Top_927/HI
 Stage2_Top_928/HI
 Stage2_Top_929/HI
 Stage2_Top_930/HI
 Stage2_Top_931/HI
 Stage2_Top_932/HI
 Stage2_Top_933/HI
 Stage2_Top_934/HI
 Stage2_Top_935/HI
 Stage2_Top_936/HI
 Stage2_Top_937/HI
 Stage2_Top_938/HI
 Stage2_Top_939/HI
 Stage2_Top_940/HI
 Stage2_Top_941/HI
 Stage2_Top_942/HI
 Stage2_Top_943/HI
 Stage2_Top_944/HI
 Stage2_Top_945/HI
Found 0 partially unannotated drivers.

===========================================================================
max slew violation count 107
max fanout violation count 44
max cap violation count 0
============================================================================

===========================================================================
check_setup -verbose -unconstrained_endpoints -multiple_clock -no_clock -no_input_delay -loops -generated_clocks
===========================================================================
Warning: There are 218 unconstrained endpoints.
  Carry_s2[0]
  Carry_s2[100]
  Carry_s2[101]
  Carry_s2[102]
  Carry_s2[103]
  Carry_s2[104]
  Carry_s2[105]
  Carry_s2[106]
  Carry_s2[107]
  Carry_s2[108]
  Carry_s2[109]
  Carry_s2[10]
  Carry_s2[110]
  Carry_s2[111]
  Carry_s2[112]
  Carry_s2[113]
  Carry_s2[114]
  Carry_s2[115]
  Carry_s2[116]
  Carry_s2[117]
  Carry_s2[118]
  Carry_s2[119]
  Carry_s2[11]
  Carry_s2[120]
  Carry_s2[121]
  Carry_s2[122]
  Carry_s2[123]
  Carry_s2[124]
  Carry_s2[125]
  Carry_s2[126]
  Carry_s2[127]
  Carry_s2[128]
  Carry_s2[129]
  Carry_s2[12]
  Carry_s2[130]
  Carry_s2[131]
  Carry_s2[132]
  Carry_s2[133]
  Carry_s2[134]
  Carry_s2[135]
  Carry_s2[136]
  Carry_s2[137]
  Carry_s2[138]
  Carry_s2[139]
  Carry_s2[13]
  Carry_s2[140]
  Carry_s2[141]
  Carry_s2[142]
  Carry_s2[143]
  Carry_s2[144]
  Carry_s2[145]
  Carry_s2[146]
  Carry_s2[147]
  Carry_s2[148]
  Carry_s2[149]
  Carry_s2[14]
  Carry_s2[150]
  Carry_s2[151]
  Carry_s2[152]
  Carry_s2[153]
  Carry_s2[154]
  Carry_s2[155]
  Carry_s2[156]
  Carry_s2[157]
  Carry_s2[158]
  Carry_s2[159]
  Carry_s2[15]
  Carry_s2[160]
  Carry_s2[161]
  Carry_s2[162]
  Carry_s2[16]
  Carry_s2[17]
  Carry_s2[18]
  Carry_s2[19]
  Carry_s2[1]
  Carry_s2[20]
  Carry_s2[21]
  Carry_s2[22]
  Carry_s2[23]
  Carry_s2[24]
  Carry_s2[25]
  Carry_s2[26]
  Carry_s2[27]
  Carry_s2[28]
  Carry_s2[29]
  Carry_s2[2]
  Carry_s2[30]
  Carry_s2[31]
  Carry_s2[32]
  Carry_s2[33]
  Carry_s2[34]
  Carry_s2[35]
  Carry_s2[36]
  Carry_s2[37]
  Carry_s2[38]
  Carry_s2[39]
  Carry_s2[3]
  Carry_s2[40]
  Carry_s2[41]
  Carry_s2[42]
  Carry_s2[43]
  Carry_s2[44]
  Carry_s2[45]
  Carry_s2[46]
  Carry_s2[47]
  Carry_s2[48]
  Carry_s2[49]
  Carry_s2[4]
  Carry_s2[50]
  Carry_s2[51]
  Carry_s2[52]
  Carry_s2[53]
  Carry_s2[54]
  Carry_s2[55]
  Carry_s2[56]
  Carry_s2[57]
  Carry_s2[58]
  Carry_s2[59]
  Carry_s2[5]
  Carry_s2[60]
  Carry_s2[61]
  Carry_s2[62]
  Carry_s2[63]
  Carry_s2[64]
  Carry_s2[65]
  Carry_s2[66]
  Carry_s2[67]
  Carry_s2[68]
  Carry_s2[69]
  Carry_s2[6]
  Carry_s2[70]
  Carry_s2[71]
  Carry_s2[72]
  Carry_s2[73]
  Carry_s2[74]
  Carry_s2[75]
  Carry_s2[76]
  Carry_s2[77]
  Carry_s2[78]
  Carry_s2[79]
  Carry_s2[7]
  Carry_s2[80]
  Carry_s2[81]
  Carry_s2[82]
  Carry_s2[83]
  Carry_s2[84]
  Carry_s2[85]
  Carry_s2[86]
  Carry_s2[87]
  Carry_s2[88]
  Carry_s2[89]
  Carry_s2[8]
  Carry_s2[90]
  Carry_s2[91]
  Carry_s2[92]
  Carry_s2[93]
  Carry_s2[94]
  Carry_s2[95]
  Carry_s2[96]
  Carry_s2[97]
  Carry_s2[98]
  Carry_s2[99]
  Carry_s2[9]
  Sum_s2[0]
  Sum_s2[10]
  Sum_s2[11]
  Sum_s2[12]
  Sum_s2[13]
  Sum_s2[14]
  Sum_s2[15]
  Sum_s2[16]
  Sum_s2[17]
  Sum_s2[18]
  Sum_s2[19]
  Sum_s2[1]
  Sum_s2[20]
  Sum_s2[21]
  Sum_s2[22]
  Sum_s2[23]
  Sum_s2[24]
  Sum_s2[25]
  Sum_s2[26]
  Sum_s2[27]
  Sum_s2[28]
  Sum_s2[29]
  Sum_s2[2]
  Sum_s2[30]
  Sum_s2[31]
  Sum_s2[32]
  Sum_s2[33]
  Sum_s2[34]
  Sum_s2[35]
  Sum_s2[36]
  Sum_s2[37]
  Sum_s2[38]
  Sum_s2[39]
  Sum_s2[3]
  Sum_s2[40]
  Sum_s2[41]
  Sum_s2[42]
  Sum_s2[43]
  Sum_s2[44]
  Sum_s2[45]
  Sum_s2[46]
  Sum_s2[47]
  Sum_s2[48]
  Sum_s2[49]
  Sum_s2[4]
  Sum_s2[50]
  Sum_s2[51]
  Sum_s2[52]
  Sum_s2[53]
  Sum_s2[54]
  Sum_s2[5]
  Sum_s2[6]
  Sum_s2[7]
  Sum_s2[8]
  Sum_s2[9]
