
===========================================================================
report_checks -unconstrained
===========================================================================
======================= Typical Corner ===================================

Startpoint: rst_n (input port clocked by clk)
Endpoint: _27239_ (recovery check against rising-edge clock clk)
Path Group: asynchronous
Path Type: max

Fanout     Cap    Slew   Delay    Time   Description
-----------------------------------------------------------------------------
                          0.00    0.00   clock clk (rise edge)
                          0.00    0.00   clock network delay (propagated)
                          2.00    2.00 ^ input external delay
                  0.02    0.01    2.01 ^ rst_n (in)
     1    0.00                           rst_n (net)
                  0.02    0.00    2.01 ^ hold60/A (sky130_fd_sc_hd__dlygate4sd3_1)
                  0.05    0.55    2.56 ^ hold60/X (sky130_fd_sc_hd__dlygate4sd3_1)
     1    0.00                           net969 (net)
                  0.05    0.00    2.56 ^ input198/A (sky130_fd_sc_hd__buf_4)
                  0.33    0.31    2.87 ^ input198/X (sky130_fd_sc_hd__buf_4)
     3    0.12                           net198 (net)
                  0.33    0.00    2.88 ^ fanout860/A (sky130_fd_sc_hd__buf_4)
                  0.26    0.36    3.24 ^ fanout860/X (sky130_fd_sc_hd__buf_4)
     5    0.09                           net860 (net)
                  0.26    0.00    3.24 ^ fanout828/A (sky130_fd_sc_hd__clkbuf_4)
                  0.23    0.36    3.60 ^ fanout828/X (sky130_fd_sc_hd__clkbuf_4)
     6    0.08                           net828 (net)
                  0.23    0.01    3.61 ^ fanout827/A (sky130_fd_sc_hd__clkbuf_4)
                  0.20    0.32    3.93 ^ fanout827/X (sky130_fd_sc_hd__clkbuf_4)
     9    0.06                           net827 (net)
                  0.20    0.00    3.94 ^ fanout824/A (sky130_fd_sc_hd__clkbuf_4)
                  0.16    0.29    4.23 ^ fanout824/X (sky130_fd_sc_hd__clkbuf_4)
    10    0.05                           net824 (net)
                  0.16    0.00    4.23 ^ fanout823/A (sky130_fd_sc_hd__clkbuf_4)
                  0.16    0.27    4.50 ^ fanout823/X (sky130_fd_sc_hd__clkbuf_4)
    10    0.05                           net823 (net)
                  0.16    0.00    4.50 ^ fanout822/A (sky130_fd_sc_hd__clkbuf_4)
                  0.17    0.28    4.78 ^ fanout822/X (sky130_fd_sc_hd__clkbuf_4)
    10    0.06                           net822 (net)
                  0.17    0.00    4.78 ^ _27239_/RESET_B (sky130_fd_sc_hd__dfrtp_4)
                                  4.78   data arrival time

                         10.00   10.00   clock clk (rise edge)
                          0.00   10.00   clock source latency
                  0.55    0.37   10.37 ^ clk (in)
     2    0.12                           clk (net)
                  0.55    0.00   10.37 ^ clkbuf_0_clk/A (sky130_fd_sc_hd__clkbuf_16)
                  0.22    0.37   10.73 ^ clkbuf_0_clk/X (sky130_fd_sc_hd__clkbuf_16)
     7    0.21                           clknet_0_clk (net)
                  0.22    0.01   10.74 ^ clkbuf_2_3_0_clk/A (sky130_fd_sc_hd__clkbuf_8)
                  0.22    0.30   11.04 ^ clkbuf_2_3_0_clk/X (sky130_fd_sc_hd__clkbuf_8)
     4    0.12                           clknet_2_3_0_clk (net)
                  0.22    0.00   11.04 ^ clkbuf_4_12__f_clk/A (sky130_fd_sc_hd__clkbuf_16)
                  0.11    0.23   11.27 ^ clkbuf_4_12__f_clk/X (sky130_fd_sc_hd__clkbuf_16)
     7    0.09                           clknet_4_12__leaf_clk (net)
                  0.11    0.00   11.27 ^ clkbuf_leaf_64_clk/A (sky130_fd_sc_hd__clkbuf_16)
                  0.05    0.15   11.42 ^ clkbuf_leaf_64_clk/X (sky130_fd_sc_hd__clkbuf_16)
     6    0.03                           clknet_leaf_64_clk (net)
                  0.05    0.00   11.42 ^ _27239_/CLK (sky130_fd_sc_hd__dfrtp_4)
                         -0.25   11.17   clock uncertainty
                          0.00   11.17   clock reconvergence pessimism
                          0.18   11.34   library recovery time
                                 11.34   data required time
-----------------------------------------------------------------------------
                                 11.34   data required time
                                 -4.78   data arrival time
-----------------------------------------------------------------------------
                                  6.56   slack (MET)


Startpoint: _27292_ (rising edge-triggered flip-flop clocked by clk)
Endpoint: _27004_ (rising edge-triggered flip-flop clocked by clk)
Path Group: clk
Path Type: max

Fanout     Cap    Slew   Delay    Time   Description
-----------------------------------------------------------------------------
                          0.00    0.00   clock clk (rise edge)
                          0.00    0.00   clock source latency
                  0.55    0.41    0.41 ^ clk (in)
     2    0.12                           clk (net)
                  0.55    0.00    0.41 ^ clkbuf_0_clk/A (sky130_fd_sc_hd__clkbuf_16)
                  0.22    0.40    0.81 ^ clkbuf_0_clk/X (sky130_fd_sc_hd__clkbuf_16)
     7    0.21                           clknet_0_clk (net)
                  0.22    0.01    0.82 ^ clkbuf_2_0_0_clk/A (sky130_fd_sc_hd__clkbuf_8)
                  0.19    0.31    1.13 ^ clkbuf_2_0_0_clk/X (sky130_fd_sc_hd__clkbuf_8)
     4    0.11                           clknet_2_0_0_clk (net)
                  0.19    0.00    1.13 ^ clkbuf_4_3__f_clk/A (sky130_fd_sc_hd__clkbuf_16)
                  0.13    0.25    1.39 ^ clkbuf_4_3__f_clk/X (sky130_fd_sc_hd__clkbuf_16)
     7    0.11                           clknet_4_3__leaf_clk (net)
                  0.13    0.01    1.39 ^ clkbuf_leaf_132_clk/A (sky130_fd_sc_hd__clkbuf_16)
                  0.06    0.18    1.57 ^ clkbuf_leaf_132_clk/X (sky130_fd_sc_hd__clkbuf_16)
    11    0.04                           clknet_leaf_132_clk (net)
                  0.06    0.00    1.57 ^ _27292_/CLK (sky130_fd_sc_hd__dfrtp_4)
                  0.11    0.56    2.14 v _27292_/Q (sky130_fd_sc_hd__dfrtp_4)
     6    0.04                           u_align.Prec[2] (net)
                  0.11    0.00    2.14 v _13034_/C_N (sky130_fd_sc_hd__nor3b_2)
                  0.06    0.20    2.34 v _13034_/Y (sky130_fd_sc_hd__nor3b_2)
     2    0.01                           _03381_ (net)
                  0.06    0.00    2.34 v _13035_/A (sky130_fd_sc_hd__buf_4)
                  0.10    0.22    2.56 v _13035_/X (sky130_fd_sc_hd__buf_4)
    10    0.08                           _03391_ (net)
                  0.10    0.00    2.56 v _13036_/A (sky130_fd_sc_hd__clkbuf_8)
                  0.10    0.24    2.80 v _13036_/X (sky130_fd_sc_hd__clkbuf_8)
    10    0.09                           _03400_ (net)
                  0.10    0.00    2.81 v _13042_/A (sky130_fd_sc_hd__buf_4)
                  0.09    0.24    3.04 v _13042_/X (sky130_fd_sc_hd__buf_4)
    10    0.07                           _03456_ (net)
                  0.09    0.00    3.05 v _13813_/A (sky130_fd_sc_hd__buf_4)
                  0.10    0.24    3.29 v _13813_/X (sky130_fd_sc_hd__buf_4)
    10    0.08                           _05182_ (net)
                  0.10    0.00    3.29 v _17793_/A2 (sky130_fd_sc_hd__a221o_4)
                  0.16    0.60    3.89 v _17793_/X (sky130_fd_sc_hd__a221o_4)
     8    0.08                           _09134_ (net)
                  0.16    0.00    3.89 v _18005_/A (sky130_fd_sc_hd__or4_4)
                  0.12    0.66    4.55 v _18005_/X (sky130_fd_sc_hd__or4_4)
     5    0.02                           _09344_ (net)
                  0.12    0.00    4.55 v _18577_/A (sky130_fd_sc_hd__or4_4)
                  0.12    0.64    5.19 v _18577_/X (sky130_fd_sc_hd__or4_4)
     4    0.02                           _09912_ (net)
                  0.12    0.00    5.19 v _18995_/A (sky130_fd_sc_hd__or4_4)
                  0.12    0.64    5.83 v _18995_/X (sky130_fd_sc_hd__or4_4)
     3    0.03                           _10327_ (net)
                  0.12    0.00    5.83 v _19000_/A (sky130_fd_sc_hd__and2_2)
                  0.12    0.30    6.14 v _19000_/X (sky130_fd_sc_hd__and2_2)
     4    0.04                           _10332_ (net)
                  0.12    0.00    6.14 v _19001_/B (sky130_fd_sc_hd__nor2_2)
                  0.45    0.40    6.54 ^ _19001_/Y (sky130_fd_sc_hd__nor2_2)
     5    0.04                           _10333_ (net)
                  0.45    0.00    6.54 ^ _19004_/B1 (sky130_fd_sc_hd__a221o_1)
                  0.11    0.29    6.83 ^ _19004_/X (sky130_fd_sc_hd__a221o_1)
     3    0.01                           _10336_ (net)
                  0.11    0.00    6.83 ^ _19008_/A (sky130_fd_sc_hd__xnor2_1)
                  0.06    0.10    6.93 v _19008_/Y (sky130_fd_sc_hd__xnor2_1)
     1    0.01                           _10340_ (net)
                  0.06    0.00    6.93 v _19011_/A (sky130_fd_sc_hd__xnor2_1)
                  0.27    0.29    7.22 ^ _19011_/Y (sky130_fd_sc_hd__xnor2_1)
     2    0.01                           _10343_ (net)
                  0.27    0.00    7.22 ^ _19012_/B1 (sky130_fd_sc_hd__o21a_1)
                  0.06    0.19    7.41 ^ _19012_/X (sky130_fd_sc_hd__o21a_1)
     2    0.00                           _10344_ (net)
                  0.06    0.00    7.41 ^ _19014_/A (sky130_fd_sc_hd__nor2_1)
                  0.06    0.06    7.47 v _19014_/Y (sky130_fd_sc_hd__nor2_1)
     1    0.01                           _10346_ (net)
                  0.06    0.00    7.47 v _19025_/A (sky130_fd_sc_hd__xnor2_1)
                  0.22    0.24    7.71 ^ _19025_/Y (sky130_fd_sc_hd__xnor2_1)
     2    0.01                           _10357_ (net)
                  0.22    0.00    7.71 ^ _19026_/C (sky130_fd_sc_hd__and3_1)
                  0.08    0.22    7.93 ^ _19026_/X (sky130_fd_sc_hd__and3_1)
     2    0.01                           _10358_ (net)
                  0.08    0.00    7.93 ^ _19028_/A (sky130_fd_sc_hd__nor2_1)
                  0.07    0.08    8.00 v _19028_/Y (sky130_fd_sc_hd__nor2_1)
     1    0.01                           _10360_ (net)
                  0.07    0.00    8.00 v _19029_/B (sky130_fd_sc_hd__xnor2_2)
                  0.45    0.40    8.40 ^ _19029_/Y (sky130_fd_sc_hd__xnor2_2)
     2    0.03                           _10361_ (net)
                  0.45    0.00    8.40 ^ _19032_/A (sky130_fd_sc_hd__xor2_1)
                  0.10    0.15    8.55 v _19032_/X (sky130_fd_sc_hd__xor2_1)
     2    0.00                           _10364_ (net)
                  0.10    0.00    8.55 v _19033_/C (sky130_fd_sc_hd__and3_1)
                  0.06    0.23    8.78 v _19033_/X (sky130_fd_sc_hd__and3_1)
     3    0.01                           _10365_ (net)
                  0.06    0.00    8.78 v _19035_/A (sky130_fd_sc_hd__or2_1)
                  0.06    0.26    9.04 v _19035_/X (sky130_fd_sc_hd__or2_1)
     2    0.01                           _10367_ (net)
                  0.06    0.00    9.04 v _19036_/B1 (sky130_fd_sc_hd__a21oi_1)
                  0.21    0.21    9.25 ^ _19036_/Y (sky130_fd_sc_hd__a21oi_1)
     3    0.01                           _10368_ (net)
                  0.21    0.00    9.25 ^ _19179_/A2 (sky130_fd_sc_hd__o21ba_1)
                  0.09    0.19    9.44 ^ _19179_/X (sky130_fd_sc_hd__o21ba_1)
     3    0.01                           _10510_ (net)
                  0.09    0.00    9.44 ^ _19315_/A2 (sky130_fd_sc_hd__o21ba_1)
                  0.10    0.17    9.61 ^ _19315_/X (sky130_fd_sc_hd__o21ba_1)
     3    0.01                           _10645_ (net)
                  0.10    0.00    9.61 ^ _19466_/A2 (sky130_fd_sc_hd__o21a_2)
                  0.27    0.31    9.92 ^ _19466_/X (sky130_fd_sc_hd__o21a_2)
     3    0.05                           _10795_ (net)
                  0.27    0.00    9.92 ^ _19598_/A2 (sky130_fd_sc_hd__o21ai_1)
                  0.10    0.14   10.06 v _19598_/Y (sky130_fd_sc_hd__o21ai_1)
     3    0.01                           _10926_ (net)
                  0.10    0.00   10.06 v _19685_/A2 (sky130_fd_sc_hd__a21o_1)
                  0.06    0.24   10.30 v _19685_/X (sky130_fd_sc_hd__a21o_1)
     3    0.01                           _11012_ (net)
                  0.06    0.00   10.30 v _19877_/A2 (sky130_fd_sc_hd__a21oi_1)
                  0.26    0.27   10.57 ^ _19877_/Y (sky130_fd_sc_hd__a21oi_1)
     3    0.01                           _11203_ (net)
                  0.26    0.00   10.57 ^ _19950_/A2 (sky130_fd_sc_hd__o21ai_2)
                  0.14    0.18   10.76 v _19950_/Y (sky130_fd_sc_hd__o21ai_2)
     4    0.03                           _11275_ (net)
                  0.14    0.00   10.76 v _20184_/A2 (sky130_fd_sc_hd__a21o_1)
                  0.04    0.23   10.99 v _20184_/X (sky130_fd_sc_hd__a21o_1)
     2    0.01                           _11507_ (net)
                  0.04    0.00   10.99 v _20220_/A2 (sky130_fd_sc_hd__a21oi_1)
                  0.22    0.23   11.22 ^ _20220_/Y (sky130_fd_sc_hd__a21oi_1)
     3    0.01                           _11543_ (net)
                  0.22    0.00   11.22 ^ _20411_/A2 (sky130_fd_sc_hd__o21ai_1)
                  0.07    0.10   11.32 v _20411_/Y (sky130_fd_sc_hd__o21ai_1)
     2    0.00                           _11733_ (net)
                  0.07    0.00   11.32 v _20501_/B (sky130_fd_sc_hd__and2_2)
                  0.09    0.27   11.59 v _20501_/X (sky130_fd_sc_hd__and2_2)
     2    0.03                           _11822_ (net)
                  0.09    0.00   11.59 v _20502_/B (sky130_fd_sc_hd__xor2_4)
                  0.34    0.34   11.93 ^ _20502_/X (sky130_fd_sc_hd__xor2_4)
     2    0.04                           _11823_ (net)
                  0.34    0.00   11.94 ^ _20547_/A (sky130_fd_sc_hd__xnor2_1)
                  0.20    0.20   12.14 ^ _20547_/Y (sky130_fd_sc_hd__xnor2_1)
     2    0.01                           _11868_ (net)
                  0.20    0.00   12.14 ^ _20578_/A (sky130_fd_sc_hd__nor2_1)
                  0.07    0.10   12.25 v _20578_/Y (sky130_fd_sc_hd__nor2_1)
     2    0.01                           _11899_ (net)
                  0.07    0.00   12.25 v _20580_/A (sky130_fd_sc_hd__or2b_1)
                  0.07    0.27   12.51 v _20580_/X (sky130_fd_sc_hd__or2b_1)
     1    0.01                           _11901_ (net)
                  0.07    0.00   12.51 v _20581_/B (sky130_fd_sc_hd__xnor2_2)
                  0.08    0.17   12.69 v _20581_/Y (sky130_fd_sc_hd__xnor2_2)
     4    0.01                           _11902_ (net)
                  0.08    0.00   12.69 v _20583_/B (sky130_fd_sc_hd__and2_1)
                  0.04    0.19   12.87 v _20583_/X (sky130_fd_sc_hd__and2_1)
     2    0.00                           _11904_ (net)
                  0.04    0.00   12.87 v _20584_/B (sky130_fd_sc_hd__or2_2)
                  0.10    0.35   13.22 v _20584_/X (sky130_fd_sc_hd__or2_2)
     2    0.02                           _11905_ (net)
                  0.10    0.00   13.22 v _20721_/B (sky130_fd_sc_hd__nor2_1)
                  0.14    0.16   13.38 ^ _20721_/Y (sky130_fd_sc_hd__nor2_1)
     2    0.01                           _12041_ (net)
                  0.14    0.00   13.38 ^ _20722_/C_N (sky130_fd_sc_hd__or3b_1)
                  0.08    0.40   13.78 v _20722_/X (sky130_fd_sc_hd__or3b_1)
     2    0.01                           _12042_ (net)
                  0.08    0.00   13.78 v _20981_/A1 (sky130_fd_sc_hd__a211o_1)
                  0.07    0.30   14.08 v _20981_/X (sky130_fd_sc_hd__a211o_1)
     2    0.01                           _12299_ (net)
                  0.07    0.00   14.08 v _20982_/C (sky130_fd_sc_hd__and3_1)
                  0.06    0.22   14.30 v _20982_/X (sky130_fd_sc_hd__and3_1)
     1    0.01                           _12300_ (net)
                  0.06    0.00   14.30 v _20983_/B (sky130_fd_sc_hd__xnor2_2)
                  0.37    0.33   14.64 ^ _20983_/Y (sky130_fd_sc_hd__xnor2_2)
     3    0.03                           _12301_ (net)
                  0.37    0.00   14.64 ^ _20984_/B (sky130_fd_sc_hd__nand2_1)
                  0.13    0.18   14.81 v _20984_/Y (sky130_fd_sc_hd__nand2_1)
     2    0.01                           _12302_ (net)
                  0.13    0.00   14.81 v _20986_/A (sky130_fd_sc_hd__nand2_2)
                  0.08    0.13   14.94 ^ _20986_/Y (sky130_fd_sc_hd__nand2_2)
     2    0.01                           _12304_ (net)
                  0.08    0.00   14.94 ^ _20987_/B1 (sky130_fd_sc_hd__a211oi_4)
                  0.09    0.06   15.01 v _20987_/Y (sky130_fd_sc_hd__a211oi_4)
     4    0.02                           _12305_ (net)
                  0.09    0.00   15.01 v _21204_/A2 (sky130_fd_sc_hd__o311a_4)
                  0.07    0.42   15.42 v _21204_/X (sky130_fd_sc_hd__o311a_4)
     4    0.02                           _12520_ (net)
                  0.07    0.00   15.42 v _21504_/A1 (sky130_fd_sc_hd__o2111a_1)
                  0.07    0.30   15.73 v _21504_/X (sky130_fd_sc_hd__o2111a_1)
     3    0.01                           _12817_ (net)
                  0.07    0.00   15.73 v _21624_/A1 (sky130_fd_sc_hd__o2111a_1)
                  0.09    0.32   16.05 v _21624_/X (sky130_fd_sc_hd__o2111a_1)
     4    0.01                           _12936_ (net)
                  0.09    0.00   16.05 v _21826_/A1 (sky130_fd_sc_hd__o211a_1)
                  0.10    0.31   16.36 v _21826_/X (sky130_fd_sc_hd__o211a_1)
     4    0.02                           _00436_ (net)
                  0.10    0.00   16.36 v _22016_/A2 (sky130_fd_sc_hd__o311a_4)
                  0.07    0.41   16.77 v _22016_/X (sky130_fd_sc_hd__o311a_4)
     4    0.01                           _00624_ (net)
                  0.07    0.00   16.77 v _22184_/A2 (sky130_fd_sc_hd__o311a_4)
                  0.06    0.38   17.16 v _22184_/X (sky130_fd_sc_hd__o311a_4)
     3    0.01                           _00790_ (net)
                  0.06    0.00   17.16 v _22328_/A2 (sky130_fd_sc_hd__o31a_1)
                  0.08    0.33   17.49 v _22328_/X (sky130_fd_sc_hd__o31a_1)
     3    0.01                           _00932_ (net)
                  0.08    0.00   17.49 v _22394_/A2 (sky130_fd_sc_hd__o221a_1)
                  0.08    0.30   17.79 v _22394_/X (sky130_fd_sc_hd__o221a_1)
     2    0.01                           _00996_ (net)
                  0.08    0.00   17.79 v _22422_/A2 (sky130_fd_sc_hd__o21ai_2)
                  0.18    0.19   17.99 ^ _22422_/Y (sky130_fd_sc_hd__o21ai_2)
     3    0.01                           _01024_ (net)
                  0.18    0.00   17.99 ^ _22451_/B (sky130_fd_sc_hd__nand3_2)
                  0.07    0.11   18.09 v _22451_/Y (sky130_fd_sc_hd__nand3_2)
     2    0.01                           _01052_ (net)
                  0.07    0.00   18.09 v _22453_/B (sky130_fd_sc_hd__and3_1)
                  0.10    0.24   18.33 v _22453_/X (sky130_fd_sc_hd__and3_1)
     5    0.02                           _01054_ (net)
                  0.10    0.00   18.33 v _22455_/B (sky130_fd_sc_hd__or3_4)
                  0.07    0.40   18.74 v _22455_/X (sky130_fd_sc_hd__or3_4)
     2    0.01                           _01056_ (net)
                  0.07    0.00   18.74 v _22643_/A2 (sky130_fd_sc_hd__a32o_1)
                  0.04    0.26   19.00 v _22643_/X (sky130_fd_sc_hd__a32o_1)
     1    0.00                           u_multiplier.partial_sum[83] (net)
                  0.04    0.00   19.00 v _27004_/D (sky130_fd_sc_hd__dfrtp_4)
                                 19.00   data arrival time

                         10.00   10.00   clock clk (rise edge)
                          0.00   10.00   clock source latency
                  0.55    0.37   10.37 ^ clk (in)
     2    0.12                           clk (net)
                  0.55    0.00   10.37 ^ clkbuf_0_clk/A (sky130_fd_sc_hd__clkbuf_16)
                  0.22    0.37   10.73 ^ clkbuf_0_clk/X (sky130_fd_sc_hd__clkbuf_16)
     7    0.21                           clknet_0_clk (net)
                  0.22    0.01   10.74 ^ clkbuf_2_1_0_clk/A (sky130_fd_sc_hd__clkbuf_8)
                  0.19    0.28   11.02 ^ clkbuf_2_1_0_clk/X (sky130_fd_sc_hd__clkbuf_8)
     4    0.11                           clknet_2_1_0_clk (net)
                  0.19    0.00   11.03 ^ clkbuf_4_5__f_clk/A (sky130_fd_sc_hd__clkbuf_16)
                  0.14    0.24   11.27 ^ clkbuf_4_5__f_clk/X (sky130_fd_sc_hd__clkbuf_16)
     8    0.13                           clknet_4_5__leaf_clk (net)
                  0.14    0.00   11.27 ^ clkbuf_leaf_117_clk/A (sky130_fd_sc_hd__clkbuf_16)
                  0.05    0.16   11.43 ^ clkbuf_leaf_117_clk/X (sky130_fd_sc_hd__clkbuf_16)
     8    0.03                           clknet_leaf_117_clk (net)
                  0.05    0.00   11.43 ^ _27004_/CLK (sky130_fd_sc_hd__dfrtp_4)
                         -0.25   11.18   clock uncertainty
                          0.08   11.26   clock reconvergence pessimism
                         -0.11   11.15   library setup time
                                 11.15   data required time
-----------------------------------------------------------------------------
                                 11.15   data required time
                                -19.00   data arrival time
-----------------------------------------------------------------------------
                                 -7.85   slack (VIOLATED)




===========================================================================
report_checks --slack_max -0.01
============================================================================
======================= Typical Corner ===================================

Startpoint: _27292_ (rising edge-triggered flip-flop clocked by clk)
Endpoint: _27004_ (rising edge-triggered flip-flop clocked by clk)
Path Group: clk
Path Type: max

Fanout     Cap    Slew   Delay    Time   Description
-----------------------------------------------------------------------------
                          0.00    0.00   clock clk (rise edge)
                          0.00    0.00   clock source latency
                  0.55    0.41    0.41 ^ clk (in)
     2    0.12                           clk (net)
                  0.55    0.00    0.41 ^ clkbuf_0_clk/A (sky130_fd_sc_hd__clkbuf_16)
                  0.22    0.40    0.81 ^ clkbuf_0_clk/X (sky130_fd_sc_hd__clkbuf_16)
     7    0.21                           clknet_0_clk (net)
                  0.22    0.01    0.82 ^ clkbuf_2_0_0_clk/A (sky130_fd_sc_hd__clkbuf_8)
                  0.19    0.31    1.13 ^ clkbuf_2_0_0_clk/X (sky130_fd_sc_hd__clkbuf_8)
     4    0.11                           clknet_2_0_0_clk (net)
                  0.19    0.00    1.13 ^ clkbuf_4_3__f_clk/A (sky130_fd_sc_hd__clkbuf_16)
                  0.13    0.25    1.39 ^ clkbuf_4_3__f_clk/X (sky130_fd_sc_hd__clkbuf_16)
     7    0.11                           clknet_4_3__leaf_clk (net)
                  0.13    0.01    1.39 ^ clkbuf_leaf_132_clk/A (sky130_fd_sc_hd__clkbuf_16)
                  0.06    0.18    1.57 ^ clkbuf_leaf_132_clk/X (sky130_fd_sc_hd__clkbuf_16)
    11    0.04                           clknet_leaf_132_clk (net)
                  0.06    0.00    1.57 ^ _27292_/CLK (sky130_fd_sc_hd__dfrtp_4)
                  0.11    0.56    2.14 v _27292_/Q (sky130_fd_sc_hd__dfrtp_4)
     6    0.04                           u_align.Prec[2] (net)
                  0.11    0.00    2.14 v _13034_/C_N (sky130_fd_sc_hd__nor3b_2)
                  0.06    0.20    2.34 v _13034_/Y (sky130_fd_sc_hd__nor3b_2)
     2    0.01                           _03381_ (net)
                  0.06    0.00    2.34 v _13035_/A (sky130_fd_sc_hd__buf_4)
                  0.10    0.22    2.56 v _13035_/X (sky130_fd_sc_hd__buf_4)
    10    0.08                           _03391_ (net)
                  0.10    0.00    2.56 v _13036_/A (sky130_fd_sc_hd__clkbuf_8)
                  0.10    0.24    2.80 v _13036_/X (sky130_fd_sc_hd__clkbuf_8)
    10    0.09                           _03400_ (net)
                  0.10    0.00    2.81 v _13042_/A (sky130_fd_sc_hd__buf_4)
                  0.09    0.24    3.04 v _13042_/X (sky130_fd_sc_hd__buf_4)
    10    0.07                           _03456_ (net)
                  0.09    0.00    3.05 v _13813_/A (sky130_fd_sc_hd__buf_4)
                  0.10    0.24    3.29 v _13813_/X (sky130_fd_sc_hd__buf_4)
    10    0.08                           _05182_ (net)
                  0.10    0.00    3.29 v _17793_/A2 (sky130_fd_sc_hd__a221o_4)
                  0.16    0.60    3.89 v _17793_/X (sky130_fd_sc_hd__a221o_4)
     8    0.08                           _09134_ (net)
                  0.16    0.00    3.89 v _18005_/A (sky130_fd_sc_hd__or4_4)
                  0.12    0.66    4.55 v _18005_/X (sky130_fd_sc_hd__or4_4)
     5    0.02                           _09344_ (net)
                  0.12    0.00    4.55 v _18577_/A (sky130_fd_sc_hd__or4_4)
                  0.12    0.64    5.19 v _18577_/X (sky130_fd_sc_hd__or4_4)
     4    0.02                           _09912_ (net)
                  0.12    0.00    5.19 v _18995_/A (sky130_fd_sc_hd__or4_4)
                  0.12    0.64    5.83 v _18995_/X (sky130_fd_sc_hd__or4_4)
     3    0.03                           _10327_ (net)
                  0.12    0.00    5.83 v _19000_/A (sky130_fd_sc_hd__and2_2)
                  0.12    0.30    6.14 v _19000_/X (sky130_fd_sc_hd__and2_2)
     4    0.04                           _10332_ (net)
                  0.12    0.00    6.14 v _19001_/B (sky130_fd_sc_hd__nor2_2)
                  0.45    0.40    6.54 ^ _19001_/Y (sky130_fd_sc_hd__nor2_2)
     5    0.04                           _10333_ (net)
                  0.45    0.00    6.54 ^ _19004_/B1 (sky130_fd_sc_hd__a221o_1)
                  0.11    0.29    6.83 ^ _19004_/X (sky130_fd_sc_hd__a221o_1)
     3    0.01                           _10336_ (net)
                  0.11    0.00    6.83 ^ _19008_/A (sky130_fd_sc_hd__xnor2_1)
                  0.06    0.10    6.93 v _19008_/Y (sky130_fd_sc_hd__xnor2_1)
     1    0.01                           _10340_ (net)
                  0.06    0.00    6.93 v _19011_/A (sky130_fd_sc_hd__xnor2_1)
                  0.27    0.29    7.22 ^ _19011_/Y (sky130_fd_sc_hd__xnor2_1)
     2    0.01                           _10343_ (net)
                  0.27    0.00    7.22 ^ _19012_/B1 (sky130_fd_sc_hd__o21a_1)
                  0.06    0.19    7.41 ^ _19012_/X (sky130_fd_sc_hd__o21a_1)
     2    0.00                           _10344_ (net)
                  0.06    0.00    7.41 ^ _19014_/A (sky130_fd_sc_hd__nor2_1)
                  0.06    0.06    7.47 v _19014_/Y (sky130_fd_sc_hd__nor2_1)
     1    0.01                           _10346_ (net)
                  0.06    0.00    7.47 v _19025_/A (sky130_fd_sc_hd__xnor2_1)
                  0.22    0.24    7.71 ^ _19025_/Y (sky130_fd_sc_hd__xnor2_1)
     2    0.01                           _10357_ (net)
                  0.22    0.00    7.71 ^ _19026_/C (sky130_fd_sc_hd__and3_1)
                  0.08    0.22    7.93 ^ _19026_/X (sky130_fd_sc_hd__and3_1)
     2    0.01                           _10358_ (net)
                  0.08    0.00    7.93 ^ _19028_/A (sky130_fd_sc_hd__nor2_1)
                  0.07    0.08    8.00 v _19028_/Y (sky130_fd_sc_hd__nor2_1)
     1    0.01                           _10360_ (net)
                  0.07    0.00    8.00 v _19029_/B (sky130_fd_sc_hd__xnor2_2)
                  0.45    0.40    8.40 ^ _19029_/Y (sky130_fd_sc_hd__xnor2_2)
     2    0.03                           _10361_ (net)
                  0.45    0.00    8.40 ^ _19032_/A (sky130_fd_sc_hd__xor2_1)
                  0.10    0.15    8.55 v _19032_/X (sky130_fd_sc_hd__xor2_1)
     2    0.00                           _10364_ (net)
                  0.10    0.00    8.55 v _19033_/C (sky130_fd_sc_hd__and3_1)
                  0.06    0.23    8.78 v _19033_/X (sky130_fd_sc_hd__and3_1)
     3    0.01                           _10365_ (net)
                  0.06    0.00    8.78 v _19035_/A (sky130_fd_sc_hd__or2_1)
                  0.06    0.26    9.04 v _19035_/X (sky130_fd_sc_hd__or2_1)
     2    0.01                           _10367_ (net)
                  0.06    0.00    9.04 v _19036_/B1 (sky130_fd_sc_hd__a21oi_1)
                  0.21    0.21    9.25 ^ _19036_/Y (sky130_fd_sc_hd__a21oi_1)
     3    0.01                           _10368_ (net)
                  0.21    0.00    9.25 ^ _19179_/A2 (sky130_fd_sc_hd__o21ba_1)
                  0.09    0.19    9.44 ^ _19179_/X (sky130_fd_sc_hd__o21ba_1)
     3    0.01                           _10510_ (net)
                  0.09    0.00    9.44 ^ _19315_/A2 (sky130_fd_sc_hd__o21ba_1)
                  0.10    0.17    9.61 ^ _19315_/X (sky130_fd_sc_hd__o21ba_1)
     3    0.01                           _10645_ (net)
                  0.10    0.00    9.61 ^ _19466_/A2 (sky130_fd_sc_hd__o21a_2)
                  0.27    0.31    9.92 ^ _19466_/X (sky130_fd_sc_hd__o21a_2)
     3    0.05                           _10795_ (net)
                  0.27    0.00    9.92 ^ _19598_/A2 (sky130_fd_sc_hd__o21ai_1)
                  0.10    0.14   10.06 v _19598_/Y (sky130_fd_sc_hd__o21ai_1)
     3    0.01                           _10926_ (net)
                  0.10    0.00   10.06 v _19685_/A2 (sky130_fd_sc_hd__a21o_1)
                  0.06    0.24   10.30 v _19685_/X (sky130_fd_sc_hd__a21o_1)
     3    0.01                           _11012_ (net)
                  0.06    0.00   10.30 v _19877_/A2 (sky130_fd_sc_hd__a21oi_1)
                  0.26    0.27   10.57 ^ _19877_/Y (sky130_fd_sc_hd__a21oi_1)
     3    0.01                           _11203_ (net)
                  0.26    0.00   10.57 ^ _19950_/A2 (sky130_fd_sc_hd__o21ai_2)
                  0.14    0.18   10.76 v _19950_/Y (sky130_fd_sc_hd__o21ai_2)
     4    0.03                           _11275_ (net)
                  0.14    0.00   10.76 v _20184_/A2 (sky130_fd_sc_hd__a21o_1)
                  0.04    0.23   10.99 v _20184_/X (sky130_fd_sc_hd__a21o_1)
     2    0.01                           _11507_ (net)
                  0.04    0.00   10.99 v _20220_/A2 (sky130_fd_sc_hd__a21oi_1)
                  0.22    0.23   11.22 ^ _20220_/Y (sky130_fd_sc_hd__a21oi_1)
     3    0.01                           _11543_ (net)
                  0.22    0.00   11.22 ^ _20411_/A2 (sky130_fd_sc_hd__o21ai_1)
                  0.07    0.10   11.32 v _20411_/Y (sky130_fd_sc_hd__o21ai_1)
     2    0.00                           _11733_ (net)
                  0.07    0.00   11.32 v _20501_/B (sky130_fd_sc_hd__and2_2)
                  0.09    0.27   11.59 v _20501_/X (sky130_fd_sc_hd__and2_2)
     2    0.03                           _11822_ (net)
                  0.09    0.00   11.59 v _20502_/B (sky130_fd_sc_hd__xor2_4)
                  0.34    0.34   11.93 ^ _20502_/X (sky130_fd_sc_hd__xor2_4)
     2    0.04                           _11823_ (net)
                  0.34    0.00   11.94 ^ _20547_/A (sky130_fd_sc_hd__xnor2_1)
                  0.20    0.20   12.14 ^ _20547_/Y (sky130_fd_sc_hd__xnor2_1)
     2    0.01                           _11868_ (net)
                  0.20    0.00   12.14 ^ _20578_/A (sky130_fd_sc_hd__nor2_1)
                  0.07    0.10   12.25 v _20578_/Y (sky130_fd_sc_hd__nor2_1)
     2    0.01                           _11899_ (net)
                  0.07    0.00   12.25 v _20580_/A (sky130_fd_sc_hd__or2b_1)
                  0.07    0.27   12.51 v _20580_/X (sky130_fd_sc_hd__or2b_1)
     1    0.01                           _11901_ (net)
                  0.07    0.00   12.51 v _20581_/B (sky130_fd_sc_hd__xnor2_2)
                  0.08    0.17   12.69 v _20581_/Y (sky130_fd_sc_hd__xnor2_2)
     4    0.01                           _11902_ (net)
                  0.08    0.00   12.69 v _20583_/B (sky130_fd_sc_hd__and2_1)
                  0.04    0.19   12.87 v _20583_/X (sky130_fd_sc_hd__and2_1)
     2    0.00                           _11904_ (net)
                  0.04    0.00   12.87 v _20584_/B (sky130_fd_sc_hd__or2_2)
                  0.10    0.35   13.22 v _20584_/X (sky130_fd_sc_hd__or2_2)
     2    0.02                           _11905_ (net)
                  0.10    0.00   13.22 v _20721_/B (sky130_fd_sc_hd__nor2_1)
                  0.14    0.16   13.38 ^ _20721_/Y (sky130_fd_sc_hd__nor2_1)
     2    0.01                           _12041_ (net)
                  0.14    0.00   13.38 ^ _20722_/C_N (sky130_fd_sc_hd__or3b_1)
                  0.08    0.40   13.78 v _20722_/X (sky130_fd_sc_hd__or3b_1)
     2    0.01                           _12042_ (net)
                  0.08    0.00   13.78 v _20981_/A1 (sky130_fd_sc_hd__a211o_1)
                  0.07    0.30   14.08 v _20981_/X (sky130_fd_sc_hd__a211o_1)
     2    0.01                           _12299_ (net)
                  0.07    0.00   14.08 v _20982_/C (sky130_fd_sc_hd__and3_1)
                  0.06    0.22   14.30 v _20982_/X (sky130_fd_sc_hd__and3_1)
     1    0.01                           _12300_ (net)
                  0.06    0.00   14.30 v _20983_/B (sky130_fd_sc_hd__xnor2_2)
                  0.37    0.33   14.64 ^ _20983_/Y (sky130_fd_sc_hd__xnor2_2)
     3    0.03                           _12301_ (net)
                  0.37    0.00   14.64 ^ _20984_/B (sky130_fd_sc_hd__nand2_1)
                  0.13    0.18   14.81 v _20984_/Y (sky130_fd_sc_hd__nand2_1)
     2    0.01                           _12302_ (net)
                  0.13    0.00   14.81 v _20986_/A (sky130_fd_sc_hd__nand2_2)
                  0.08    0.13   14.94 ^ _20986_/Y (sky130_fd_sc_hd__nand2_2)
     2    0.01                           _12304_ (net)
                  0.08    0.00   14.94 ^ _20987_/B1 (sky130_fd_sc_hd__a211oi_4)
                  0.09    0.06   15.01 v _20987_/Y (sky130_fd_sc_hd__a211oi_4)
     4    0.02                           _12305_ (net)
                  0.09    0.00   15.01 v _21204_/A2 (sky130_fd_sc_hd__o311a_4)
                  0.07    0.42   15.42 v _21204_/X (sky130_fd_sc_hd__o311a_4)
     4    0.02                           _12520_ (net)
                  0.07    0.00   15.42 v _21504_/A1 (sky130_fd_sc_hd__o2111a_1)
                  0.07    0.30   15.73 v _21504_/X (sky130_fd_sc_hd__o2111a_1)
     3    0.01                           _12817_ (net)
                  0.07    0.00   15.73 v _21624_/A1 (sky130_fd_sc_hd__o2111a_1)
                  0.09    0.32   16.05 v _21624_/X (sky130_fd_sc_hd__o2111a_1)
     4    0.01                           _12936_ (net)
                  0.09    0.00   16.05 v _21826_/A1 (sky130_fd_sc_hd__o211a_1)
                  0.10    0.31   16.36 v _21826_/X (sky130_fd_sc_hd__o211a_1)
     4    0.02                           _00436_ (net)
                  0.10    0.00   16.36 v _22016_/A2 (sky130_fd_sc_hd__o311a_4)
                  0.07    0.41   16.77 v _22016_/X (sky130_fd_sc_hd__o311a_4)
     4    0.01                           _00624_ (net)
                  0.07    0.00   16.77 v _22184_/A2 (sky130_fd_sc_hd__o311a_4)
                  0.06    0.38   17.16 v _22184_/X (sky130_fd_sc_hd__o311a_4)
     3    0.01                           _00790_ (net)
                  0.06    0.00   17.16 v _22328_/A2 (sky130_fd_sc_hd__o31a_1)
                  0.08    0.33   17.49 v _22328_/X (sky130_fd_sc_hd__o31a_1)
     3    0.01                           _00932_ (net)
                  0.08    0.00   17.49 v _22394_/A2 (sky130_fd_sc_hd__o221a_1)
                  0.08    0.30   17.79 v _22394_/X (sky130_fd_sc_hd__o221a_1)
     2    0.01                           _00996_ (net)
                  0.08    0.00   17.79 v _22422_/A2 (sky130_fd_sc_hd__o21ai_2)
                  0.18    0.19   17.99 ^ _22422_/Y (sky130_fd_sc_hd__o21ai_2)
     3    0.01                           _01024_ (net)
                  0.18    0.00   17.99 ^ _22451_/B (sky130_fd_sc_hd__nand3_2)
                  0.07    0.11   18.09 v _22451_/Y (sky130_fd_sc_hd__nand3_2)
     2    0.01                           _01052_ (net)
                  0.07    0.00   18.09 v _22453_/B (sky130_fd_sc_hd__and3_1)
                  0.10    0.24   18.33 v _22453_/X (sky130_fd_sc_hd__and3_1)
     5    0.02                           _01054_ (net)
                  0.10    0.00   18.33 v _22455_/B (sky130_fd_sc_hd__or3_4)
                  0.07    0.40   18.74 v _22455_/X (sky130_fd_sc_hd__or3_4)
     2    0.01                           _01056_ (net)
                  0.07    0.00   18.74 v _22643_/A2 (sky130_fd_sc_hd__a32o_1)
                  0.04    0.26   19.00 v _22643_/X (sky130_fd_sc_hd__a32o_1)
     1    0.00                           u_multiplier.partial_sum[83] (net)
                  0.04    0.00   19.00 v _27004_/D (sky130_fd_sc_hd__dfrtp_4)
                                 19.00   data arrival time

                         10.00   10.00   clock clk (rise edge)
                          0.00   10.00   clock source latency
                  0.55    0.37   10.37 ^ clk (in)
     2    0.12                           clk (net)
                  0.55    0.00   10.37 ^ clkbuf_0_clk/A (sky130_fd_sc_hd__clkbuf_16)
                  0.22    0.37   10.73 ^ clkbuf_0_clk/X (sky130_fd_sc_hd__clkbuf_16)
     7    0.21                           clknet_0_clk (net)
                  0.22    0.01   10.74 ^ clkbuf_2_1_0_clk/A (sky130_fd_sc_hd__clkbuf_8)
                  0.19    0.28   11.02 ^ clkbuf_2_1_0_clk/X (sky130_fd_sc_hd__clkbuf_8)
     4    0.11                           clknet_2_1_0_clk (net)
                  0.19    0.00   11.03 ^ clkbuf_4_5__f_clk/A (sky130_fd_sc_hd__clkbuf_16)
                  0.14    0.24   11.27 ^ clkbuf_4_5__f_clk/X (sky130_fd_sc_hd__clkbuf_16)
     8    0.13                           clknet_4_5__leaf_clk (net)
                  0.14    0.00   11.27 ^ clkbuf_leaf_117_clk/A (sky130_fd_sc_hd__clkbuf_16)
                  0.05    0.16   11.43 ^ clkbuf_leaf_117_clk/X (sky130_fd_sc_hd__clkbuf_16)
     8    0.03                           clknet_leaf_117_clk (net)
                  0.05    0.00   11.43 ^ _27004_/CLK (sky130_fd_sc_hd__dfrtp_4)
                         -0.25   11.18   clock uncertainty
                          0.08   11.26   clock reconvergence pessimism
                         -0.11   11.15   library setup time
                                 11.15   data required time
-----------------------------------------------------------------------------
                                 11.15   data required time
                                -19.00   data arrival time
-----------------------------------------------------------------------------
                                 -7.85   slack (VIOLATED)




===========================================================================
 report_check_types -max_slew -max_cap -max_fanout -violators
============================================================================
======================= Typical Corner ===================================

max slew

Pin                                    Limit    Slew   Slack
------------------------------------------------------------
ANTENNA_1094/DIODE                      0.75    1.20   -0.45 (VIOLATED)
ANTENNA_1096/DIODE                      0.75    1.20   -0.45 (VIOLATED)
ANTENNA_1098/DIODE                      0.75    1.20   -0.45 (VIOLATED)
_26591_/D                               0.75    1.20   -0.45 (VIOLATED)
ANTENNA_1095/DIODE                      0.75    1.20   -0.45 (VIOLATED)
ANTENNA_1097/DIODE                      0.75    1.20   -0.45 (VIOLATED)
ANTENNA_1099/DIODE                      0.75    1.20   -0.45 (VIOLATED)
ANTENNA_1100/DIODE                      0.75    1.20   -0.45 (VIOLATED)
ANTENNA_1091/DIODE                      0.75    1.20   -0.45 (VIOLATED)
ANTENNA_1092/DIODE                      0.75    1.20   -0.45 (VIOLATED)
ANTENNA_1093/DIODE                      0.75    1.20   -0.45 (VIOLATED)
ANTENNA_1089/DIODE                      0.75    1.20   -0.45 (VIOLATED)
ANTENNA_1088/DIODE                      0.75    1.20   -0.45 (VIOLATED)
ANTENNA_1087/DIODE                      0.75    1.20   -0.45 (VIOLATED)
ANTENNA_1090/DIODE                      0.75    1.20   -0.45 (VIOLATED)
_19772_/Y                               0.75    1.20   -0.45 (VIOLATED)
ANTENNA_398/DIODE                       0.75    1.04   -0.29 (VIOLATED)
ANTENNA_399/DIODE                       0.75    1.04   -0.29 (VIOLATED)
ANTENNA_400/DIODE                       0.75    1.04   -0.29 (VIOLATED)
_26828_/D                               0.75    1.04   -0.29 (VIOLATED)
ANTENNA_401/DIODE                       0.75    1.04   -0.29 (VIOLATED)
ANTENNA_402/DIODE                       0.75    1.04   -0.29 (VIOLATED)
ANTENNA_403/DIODE                       0.75    1.04   -0.29 (VIOLATED)
ANTENNA_407/DIODE                       0.75    1.04   -0.29 (VIOLATED)
ANTENNA_404/DIODE                       0.75    1.04   -0.29 (VIOLATED)
ANTENNA_405/DIODE                       0.75    1.04   -0.29 (VIOLATED)
ANTENNA_406/DIODE                       0.75    1.04   -0.29 (VIOLATED)
ANTENNA_395/DIODE                       0.75    1.03   -0.28 (VIOLATED)
ANTENNA_397/DIODE                       0.75    1.03   -0.28 (VIOLATED)
ANTENNA_392/DIODE                       0.75    1.03   -0.28 (VIOLATED)
ANTENNA_390/DIODE                       0.75    1.03   -0.28 (VIOLATED)
ANTENNA_388/DIODE                       0.75    1.03   -0.28 (VIOLATED)
ANTENNA_389/DIODE                       0.75    1.03   -0.28 (VIOLATED)
ANTENNA_391/DIODE                       0.75    1.03   -0.28 (VIOLATED)
ANTENNA_393/DIODE                       0.75    1.03   -0.28 (VIOLATED)
ANTENNA_394/DIODE                       0.75    1.03   -0.28 (VIOLATED)
ANTENNA_396/DIODE                       0.75    1.03   -0.28 (VIOLATED)
_25811_/Y                               0.75    1.03   -0.28 (VIOLATED)
ANTENNA_1175/DIODE                      0.75    1.01   -0.26 (VIOLATED)
ANTENNA_1177/DIODE                      0.75    1.01   -0.26 (VIOLATED)
ANTENNA_1179/DIODE                      0.75    1.01   -0.26 (VIOLATED)
_26603_/D                               0.75    1.01   -0.26 (VIOLATED)
ANTENNA_1174/DIODE                      0.75    1.01   -0.26 (VIOLATED)
ANTENNA_1176/DIODE                      0.75    1.01   -0.26 (VIOLATED)
ANTENNA_1178/DIODE                      0.75    1.01   -0.26 (VIOLATED)
ANTENNA_1180/DIODE                      0.75    1.01   -0.26 (VIOLATED)
ANTENNA_1173/DIODE                      0.75    1.01   -0.26 (VIOLATED)
ANTENNA_1171/DIODE                      0.75    1.01   -0.26 (VIOLATED)
ANTENNA_1167/DIODE                      0.75    1.01   -0.26 (VIOLATED)
ANTENNA_1168/DIODE                      0.75    1.01   -0.26 (VIOLATED)
ANTENNA_1169/DIODE                      0.75    1.01   -0.26 (VIOLATED)
ANTENNA_1170/DIODE                      0.75    1.01   -0.26 (VIOLATED)
ANTENNA_1172/DIODE                      0.75    1.01   -0.26 (VIOLATED)
_21306_/Y                               0.75    1.01   -0.26 (VIOLATED)
_18250_/C_N                             0.75    0.96   -0.21 (VIOLATED)
_18026_/A                               0.75    0.96   -0.21 (VIOLATED)
_18032_/C                               0.75    0.96   -0.21 (VIOLATED)
_18029_/B                               0.75    0.96   -0.21 (VIOLATED)
_18025_/Y                               0.75    0.96   -0.21 (VIOLATED)
ANTENNA_507/DIODE                       0.75    0.94   -0.19 (VIOLATED)
_26729_/D                               0.75    0.94   -0.19 (VIOLATED)
ANTENNA_517/DIODE                       0.75    0.94   -0.19 (VIOLATED)
ANTENNA_515/DIODE                       0.75    0.94   -0.19 (VIOLATED)
ANTENNA_509/DIODE                       0.75    0.94   -0.19 (VIOLATED)
ANTENNA_512/DIODE                       0.75    0.94   -0.19 (VIOLATED)
ANTENNA_514/DIODE                       0.75    0.94   -0.19 (VIOLATED)
ANTENNA_510/DIODE                       0.75    0.94   -0.19 (VIOLATED)
ANTENNA_511/DIODE                       0.75    0.94   -0.19 (VIOLATED)
ANTENNA_508/DIODE                       0.75    0.94   -0.19 (VIOLATED)
ANTENNA_516/DIODE                       0.75    0.94   -0.19 (VIOLATED)
ANTENNA_518/DIODE                       0.75    0.94   -0.19 (VIOLATED)
ANTENNA_513/DIODE                       0.75    0.94   -0.19 (VIOLATED)
ANTENNA_503/DIODE                       0.75    0.94   -0.19 (VIOLATED)
ANTENNA_504/DIODE                       0.75    0.94   -0.19 (VIOLATED)
ANTENNA_505/DIODE                       0.75    0.94   -0.19 (VIOLATED)
ANTENNA_506/DIODE                       0.75    0.94   -0.19 (VIOLATED)
ANTENNA_500/DIODE                       0.75    0.94   -0.19 (VIOLATED)
ANTENNA_496/DIODE                       0.75    0.94   -0.19 (VIOLATED)
ANTENNA_497/DIODE                       0.75    0.94   -0.19 (VIOLATED)
ANTENNA_498/DIODE                       0.75    0.94   -0.19 (VIOLATED)
ANTENNA_499/DIODE                       0.75    0.94   -0.19 (VIOLATED)
ANTENNA_501/DIODE                       0.75    0.94   -0.19 (VIOLATED)
ANTENNA_502/DIODE                       0.75    0.94   -0.19 (VIOLATED)
_25166_/Y                               0.75    0.94   -0.19 (VIOLATED)
_26708_/D                               0.75    0.90   -0.15 (VIOLATED)
ANTENNA_465/DIODE                       0.75    0.90   -0.15 (VIOLATED)
ANTENNA_466/DIODE                       0.75    0.90   -0.15 (VIOLATED)
ANTENNA_467/DIODE                       0.75    0.90   -0.15 (VIOLATED)
ANTENNA_468/DIODE                       0.75    0.90   -0.15 (VIOLATED)
ANTENNA_469/DIODE                       0.75    0.90   -0.15 (VIOLATED)
ANTENNA_470/DIODE                       0.75    0.90   -0.15 (VIOLATED)
ANTENNA_471/DIODE                       0.75    0.90   -0.15 (VIOLATED)
ANTENNA_473/DIODE                       0.75    0.90   -0.15 (VIOLATED)
ANTENNA_472/DIODE                       0.75    0.90   -0.15 (VIOLATED)
ANTENNA_474/DIODE                       0.75    0.90   -0.15 (VIOLATED)
ANTENNA_475/DIODE                       0.75    0.90   -0.15 (VIOLATED)
ANTENNA_458/DIODE                       0.75    0.90   -0.15 (VIOLATED)
ANTENNA_457/DIODE                       0.75    0.90   -0.15 (VIOLATED)
ANTENNA_456/DIODE                       0.75    0.90   -0.15 (VIOLATED)
ANTENNA_455/DIODE                       0.75    0.90   -0.15 (VIOLATED)
ANTENNA_459/DIODE                       0.75    0.90   -0.15 (VIOLATED)
ANTENNA_461/DIODE                       0.75    0.90   -0.15 (VIOLATED)
ANTENNA_464/DIODE                       0.75    0.90   -0.15 (VIOLATED)
ANTENNA_463/DIODE                       0.75    0.90   -0.15 (VIOLATED)
ANTENNA_460/DIODE                       0.75    0.90   -0.15 (VIOLATED)
ANTENNA_462/DIODE                       0.75    0.90   -0.15 (VIOLATED)
_25046_/Y                               0.75    0.90   -0.15 (VIOLATED)
ANTENNA_540/DIODE                       0.75    0.89   -0.14 (VIOLATED)
ANTENNA_538/DIODE                       0.75    0.89   -0.14 (VIOLATED)
ANTENNA_536/DIODE                       0.75    0.89   -0.14 (VIOLATED)
ANTENNA_534/DIODE                       0.75    0.89   -0.14 (VIOLATED)
ANTENNA_532/DIODE                       0.75    0.89   -0.14 (VIOLATED)
_26731_/D                               0.75    0.89   -0.14 (VIOLATED)
ANTENNA_530/DIODE                       0.75    0.89   -0.14 (VIOLATED)
ANTENNA_531/DIODE                       0.75    0.89   -0.14 (VIOLATED)
ANTENNA_533/DIODE                       0.75    0.89   -0.14 (VIOLATED)
ANTENNA_535/DIODE                       0.75    0.89   -0.14 (VIOLATED)
ANTENNA_537/DIODE                       0.75    0.89   -0.14 (VIOLATED)
ANTENNA_539/DIODE                       0.75    0.89   -0.14 (VIOLATED)
ANTENNA_528/DIODE                       0.75    0.88   -0.13 (VIOLATED)
ANTENNA_526/DIODE                       0.75    0.88   -0.13 (VIOLATED)
ANTENNA_524/DIODE                       0.75    0.88   -0.13 (VIOLATED)
ANTENNA_522/DIODE                       0.75    0.88   -0.13 (VIOLATED)
ANTENNA_520/DIODE                       0.75    0.88   -0.13 (VIOLATED)
ANTENNA_519/DIODE                       0.75    0.88   -0.13 (VIOLATED)
ANTENNA_521/DIODE                       0.75    0.88   -0.13 (VIOLATED)
ANTENNA_523/DIODE                       0.75    0.88   -0.13 (VIOLATED)
ANTENNA_525/DIODE                       0.75    0.88   -0.13 (VIOLATED)
ANTENNA_527/DIODE                       0.75    0.88   -0.13 (VIOLATED)
ANTENNA_529/DIODE                       0.75    0.88   -0.13 (VIOLATED)
_25175_/Y                               0.75    0.88   -0.13 (VIOLATED)
ANTENNA_307/DIODE                       0.75    0.87   -0.12 (VIOLATED)
ANTENNA_305/DIODE                       0.75    0.87   -0.12 (VIOLATED)
ANTENNA_303/DIODE                       0.75    0.87   -0.12 (VIOLATED)
ANTENNA_301/DIODE                       0.75    0.87   -0.12 (VIOLATED)
ANTENNA_308/DIODE                       0.75    0.87   -0.12 (VIOLATED)
ANTENNA_306/DIODE                       0.75    0.87   -0.12 (VIOLATED)
ANTENNA_304/DIODE                       0.75    0.87   -0.12 (VIOLATED)
ANTENNA_299/DIODE                       0.75    0.87   -0.12 (VIOLATED)
ANTENNA_300/DIODE                       0.75    0.87   -0.12 (VIOLATED)
_26809_/D                               0.75    0.87   -0.12 (VIOLATED)
ANTENNA_302/DIODE                       0.75    0.87   -0.12 (VIOLATED)
ANTENNA_309/DIODE                       0.75    0.87   -0.12 (VIOLATED)
ANTENNA_290/DIODE                       0.75    0.87   -0.12 (VIOLATED)
ANTENNA_295/DIODE                       0.75    0.87   -0.12 (VIOLATED)
ANTENNA_288/DIODE                       0.75    0.87   -0.12 (VIOLATED)
ANTENNA_289/DIODE                       0.75    0.87   -0.12 (VIOLATED)
ANTENNA_291/DIODE                       0.75    0.87   -0.12 (VIOLATED)
ANTENNA_293/DIODE                       0.75    0.87   -0.12 (VIOLATED)
ANTENNA_297/DIODE                       0.75    0.87   -0.12 (VIOLATED)
ANTENNA_298/DIODE                       0.75    0.87   -0.12 (VIOLATED)
ANTENNA_292/DIODE                       0.75    0.87   -0.12 (VIOLATED)
ANTENNA_294/DIODE                       0.75    0.87   -0.12 (VIOLATED)
ANTENNA_296/DIODE                       0.75    0.87   -0.12 (VIOLATED)
_25769_/Y                               0.75    0.87   -0.12 (VIOLATED)
_26902_/D                               0.75    0.86   -0.11 (VIOLATED)
ANTENNA_798/DIODE                       0.75    0.86   -0.11 (VIOLATED)
ANTENNA_799/DIODE                       0.75    0.86   -0.11 (VIOLATED)
ANTENNA_804/DIODE                       0.75    0.86   -0.11 (VIOLATED)
ANTENNA_800/DIODE                       0.75    0.86   -0.11 (VIOLATED)
ANTENNA_801/DIODE                       0.75    0.86   -0.11 (VIOLATED)
ANTENNA_802/DIODE                       0.75    0.86   -0.11 (VIOLATED)
ANTENNA_793/DIODE                       0.75    0.86   -0.11 (VIOLATED)
ANTENNA_794/DIODE                       0.75    0.86   -0.11 (VIOLATED)
ANTENNA_795/DIODE                       0.75    0.86   -0.11 (VIOLATED)
ANTENNA_796/DIODE                       0.75    0.86   -0.11 (VIOLATED)
ANTENNA_797/DIODE                       0.75    0.86   -0.11 (VIOLATED)
ANTENNA_803/DIODE                       0.75    0.86   -0.11 (VIOLATED)
_23429_/Y                               0.75    0.86   -0.11 (VIOLATED)
ANTENNA_548/DIODE                       0.75    0.86   -0.11 (VIOLATED)
ANTENNA_546/DIODE                       0.75    0.86   -0.11 (VIOLATED)
ANTENNA_547/DIODE                       0.75    0.86   -0.11 (VIOLATED)
ANTENNA_549/DIODE                       0.75    0.86   -0.11 (VIOLATED)
ANTENNA_551/DIODE                       0.75    0.86   -0.11 (VIOLATED)
_26734_/D                               0.75    0.86   -0.11 (VIOLATED)
ANTENNA_541/DIODE                       0.75    0.86   -0.11 (VIOLATED)
ANTENNA_542/DIODE                       0.75    0.86   -0.11 (VIOLATED)
ANTENNA_543/DIODE                       0.75    0.86   -0.11 (VIOLATED)
ANTENNA_544/DIODE                       0.75    0.86   -0.11 (VIOLATED)
ANTENNA_550/DIODE                       0.75    0.86   -0.11 (VIOLATED)
ANTENNA_545/DIODE                       0.75    0.86   -0.11 (VIOLATED)
_25187_/Y                               0.75    0.86   -0.11 (VIOLATED)
ANTENNA_792/DIODE                       0.75    0.85   -0.10 (VIOLATED)
ANTENNA_786/DIODE                       0.75    0.85   -0.10 (VIOLATED)
ANTENNA_790/DIODE                       0.75    0.85   -0.10 (VIOLATED)
ANTENNA_788/DIODE                       0.75    0.85   -0.10 (VIOLATED)
ANTENNA_791/DIODE                       0.75    0.85   -0.10 (VIOLATED)
ANTENNA_787/DIODE                       0.75    0.85   -0.10 (VIOLATED)
ANTENNA_789/DIODE                       0.75    0.85   -0.10 (VIOLATED)
_26898_/D                               0.75    0.85   -0.10 (VIOLATED)
ANTENNA_780/DIODE                       0.75    0.85   -0.10 (VIOLATED)
ANTENNA_781/DIODE                       0.75    0.85   -0.10 (VIOLATED)
ANTENNA_782/DIODE                       0.75    0.85   -0.10 (VIOLATED)
ANTENNA_783/DIODE                       0.75    0.85   -0.10 (VIOLATED)
ANTENNA_784/DIODE                       0.75    0.85   -0.10 (VIOLATED)
ANTENNA_785/DIODE                       0.75    0.85   -0.10 (VIOLATED)
ANTENNA_779/DIODE                       0.75    0.85   -0.10 (VIOLATED)
ANTENNA_777/DIODE                       0.75    0.85   -0.10 (VIOLATED)
ANTENNA_775/DIODE                       0.75    0.85   -0.10 (VIOLATED)
ANTENNA_773/DIODE                       0.75    0.85   -0.10 (VIOLATED)
ANTENNA_771/DIODE                       0.75    0.85   -0.10 (VIOLATED)
ANTENNA_770/DIODE                       0.75    0.85   -0.10 (VIOLATED)
ANTENNA_772/DIODE                       0.75    0.85   -0.10 (VIOLATED)
ANTENNA_774/DIODE                       0.75    0.85   -0.10 (VIOLATED)
ANTENNA_776/DIODE                       0.75    0.85   -0.10 (VIOLATED)
ANTENNA_778/DIODE                       0.75    0.85   -0.10 (VIOLATED)
ANTENNA_769/DIODE                       0.75    0.85   -0.10 (VIOLATED)
_23540_/Y                               0.75    0.85   -0.10 (VIOLATED)
wire744/A                               0.75    0.85   -0.10 (VIOLATED)
ANTENNA_131/DIODE                       0.75    0.85   -0.10 (VIOLATED)
_17973_/B                               0.75    0.85   -0.10 (VIOLATED)
ANTENNA_130/DIODE                       0.75    0.85   -0.10 (VIOLATED)
_17805_/Y                               0.75    0.85   -0.10 (VIOLATED)
ANTENNA_584/DIODE                       0.75    0.84   -0.09 (VIOLATED)
_26752_/D                               0.75    0.84   -0.09 (VIOLATED)
ANTENNA_583/DIODE                       0.75    0.84   -0.09 (VIOLATED)
ANTENNA_585/DIODE                       0.75    0.84   -0.09 (VIOLATED)
ANTENNA_586/DIODE                       0.75    0.84   -0.09 (VIOLATED)
ANTENNA_3241/DIODE                      0.75    0.84   -0.09 (VIOLATED)
ANTENNA_3243/DIODE                      0.75    0.84   -0.09 (VIOLATED)
ANTENNA_3239/DIODE                      0.75    0.84   -0.09 (VIOLATED)
ANTENNA_3237/DIODE                      0.75    0.84   -0.09 (VIOLATED)
ANTENNA_3234/DIODE                      0.75    0.84   -0.09 (VIOLATED)
ANTENNA_3244/DIODE                      0.75    0.84   -0.09 (VIOLATED)
ANTENNA_3242/DIODE                      0.75    0.84   -0.09 (VIOLATED)
_26702_/D                               0.75    0.84   -0.09 (VIOLATED)
ANTENNA_3240/DIODE                      0.75    0.84   -0.09 (VIOLATED)
ANTENNA_3238/DIODE                      0.75    0.84   -0.09 (VIOLATED)
ANTENNA_3236/DIODE                      0.75    0.84   -0.09 (VIOLATED)
ANTENNA_3235/DIODE                      0.75    0.84   -0.09 (VIOLATED)
ANTENNA_3230/DIODE                      0.75    0.84   -0.09 (VIOLATED)
ANTENNA_3232/DIODE                      0.75    0.84   -0.09 (VIOLATED)
ANTENNA_3226/DIODE                      0.75    0.84   -0.09 (VIOLATED)
ANTENNA_3228/DIODE                      0.75    0.84   -0.09 (VIOLATED)
ANTENNA_3224/DIODE                      0.75    0.84   -0.09 (VIOLATED)
ANTENNA_3231/DIODE                      0.75    0.84   -0.09 (VIOLATED)
ANTENNA_3233/DIODE                      0.75    0.84   -0.09 (VIOLATED)
ANTENNA_3223/DIODE                      0.75    0.84   -0.09 (VIOLATED)
ANTENNA_3225/DIODE                      0.75    0.84   -0.09 (VIOLATED)
ANTENNA_3227/DIODE                      0.75    0.84   -0.09 (VIOLATED)
ANTENNA_3229/DIODE                      0.75    0.84   -0.09 (VIOLATED)
_25007_/Y                               0.75    0.84   -0.09 (VIOLATED)
ANTENNA_561/DIODE                       0.75    0.84   -0.09 (VIOLATED)
ANTENNA_560/DIODE                       0.75    0.84   -0.09 (VIOLATED)
ANTENNA_559/DIODE                       0.75    0.84   -0.09 (VIOLATED)
ANTENNA_558/DIODE                       0.75    0.84   -0.09 (VIOLATED)
ANTENNA_557/DIODE                       0.75    0.84   -0.09 (VIOLATED)
ANTENNA_556/DIODE                       0.75    0.84   -0.09 (VIOLATED)
_26735_/D                               0.75    0.84   -0.09 (VIOLATED)
ANTENNA_552/DIODE                       0.75    0.84   -0.09 (VIOLATED)
ANTENNA_554/DIODE                       0.75    0.84   -0.09 (VIOLATED)
ANTENNA_553/DIODE                       0.75    0.84   -0.09 (VIOLATED)
ANTENNA_555/DIODE                       0.75    0.84   -0.09 (VIOLATED)
_25191_/Y                               0.75    0.84   -0.09 (VIOLATED)
_25238_/Y                               0.75    0.84   -0.09 (VIOLATED)
ANTENNA_414/DIODE                       0.75    0.84   -0.09 (VIOLATED)
ANTENNA_415/DIODE                       0.75    0.84   -0.09 (VIOLATED)
ANTENNA_413/DIODE                       0.75    0.84   -0.09 (VIOLATED)
ANTENNA_412/DIODE                       0.75    0.84   -0.09 (VIOLATED)
ANTENNA_411/DIODE                       0.75    0.84   -0.09 (VIOLATED)
ANTENNA_410/DIODE                       0.75    0.84   -0.09 (VIOLATED)
ANTENNA_409/DIODE                       0.75    0.84   -0.09 (VIOLATED)
ANTENNA_408/DIODE                       0.75    0.84   -0.09 (VIOLATED)
_26682_/D                               0.75    0.84   -0.09 (VIOLATED)
_24731_/Y                               0.75    0.84   -0.09 (VIOLATED)
_26879_/D                               0.75    0.83   -0.08 (VIOLATED)
ANTENNA_681/DIODE                       0.75    0.83   -0.08 (VIOLATED)
_23549_/Y                               0.75    0.83   -0.08 (VIOLATED)
ANTENNA_321/DIODE                       0.75    0.83   -0.08 (VIOLATED)
_26811_/D                               0.75    0.83   -0.08 (VIOLATED)
ANTENNA_320/DIODE                       0.75    0.83   -0.08 (VIOLATED)
ANTENNA_323/DIODE                       0.75    0.83   -0.08 (VIOLATED)
ANTENNA_322/DIODE                       0.75    0.83   -0.08 (VIOLATED)
ANTENNA_329/DIODE                       0.75    0.83   -0.08 (VIOLATED)
ANTENNA_327/DIODE                       0.75    0.83   -0.08 (VIOLATED)
ANTENNA_324/DIODE                       0.75    0.83   -0.08 (VIOLATED)
ANTENNA_328/DIODE                       0.75    0.83   -0.08 (VIOLATED)
ANTENNA_326/DIODE                       0.75    0.83   -0.08 (VIOLATED)
ANTENNA_325/DIODE                       0.75    0.83   -0.08 (VIOLATED)
ANTENNA_312/DIODE                       0.75    0.83   -0.08 (VIOLATED)
ANTENNA_314/DIODE                       0.75    0.83   -0.08 (VIOLATED)
ANTENNA_316/DIODE                       0.75    0.83   -0.08 (VIOLATED)
ANTENNA_318/DIODE                       0.75    0.83   -0.08 (VIOLATED)
ANTENNA_310/DIODE                       0.75    0.83   -0.08 (VIOLATED)
ANTENNA_311/DIODE                       0.75    0.83   -0.08 (VIOLATED)
ANTENNA_313/DIODE                       0.75    0.83   -0.08 (VIOLATED)
ANTENNA_315/DIODE                       0.75    0.83   -0.08 (VIOLATED)
ANTENNA_317/DIODE                       0.75    0.83   -0.08 (VIOLATED)
ANTENNA_319/DIODE                       0.75    0.83   -0.08 (VIOLATED)
_25773_/Y                               0.75    0.83   -0.08 (VIOLATED)
ANTENNA_1086/DIODE                      0.75    0.83   -0.08 (VIOLATED)
ANTENNA_1084/DIODE                      0.75    0.83   -0.08 (VIOLATED)
_26590_/D                               0.75    0.83   -0.08 (VIOLATED)
ANTENNA_1083/DIODE                      0.75    0.83   -0.08 (VIOLATED)
ANTENNA_1085/DIODE                      0.75    0.83   -0.08 (VIOLATED)
ANTENNA_1081/DIODE                      0.75    0.83   -0.08 (VIOLATED)
ANTENNA_1079/DIODE                      0.75    0.83   -0.08 (VIOLATED)
ANTENNA_1080/DIODE                      0.75    0.83   -0.08 (VIOLATED)
ANTENNA_1082/DIODE                      0.75    0.83   -0.08 (VIOLATED)
_19622_/Y                               0.75    0.83   -0.08 (VIOLATED)
ANTENNA_265/DIODE                       0.75    0.83   -0.08 (VIOLATED)
ANTENNA_266/DIODE                       0.75    0.83   -0.08 (VIOLATED)
_26805_/D                               0.75    0.83   -0.08 (VIOLATED)
ANTENNA_260/DIODE                       0.75    0.83   -0.08 (VIOLATED)
ANTENNA_267/DIODE                       0.75    0.83   -0.08 (VIOLATED)
ANTENNA_261/DIODE                       0.75    0.83   -0.08 (VIOLATED)
ANTENNA_262/DIODE                       0.75    0.83   -0.08 (VIOLATED)
ANTENNA_263/DIODE                       0.75    0.83   -0.08 (VIOLATED)
ANTENNA_264/DIODE                       0.75    0.83   -0.08 (VIOLATED)
ANTENNA_259/DIODE                       0.75    0.83   -0.08 (VIOLATED)
ANTENNA_257/DIODE                       0.75    0.83   -0.08 (VIOLATED)
ANTENNA_255/DIODE                       0.75    0.83   -0.08 (VIOLATED)
ANTENNA_253/DIODE                       0.75    0.83   -0.08 (VIOLATED)
ANTENNA_252/DIODE                       0.75    0.83   -0.08 (VIOLATED)
ANTENNA_254/DIODE                       0.75    0.83   -0.08 (VIOLATED)
ANTENNA_256/DIODE                       0.75    0.83   -0.08 (VIOLATED)
ANTENNA_258/DIODE                       0.75    0.83   -0.08 (VIOLATED)
_25759_/Y                               0.75    0.83   -0.08 (VIOLATED)
ANTENNA_733/DIODE                       0.75    0.82   -0.07 (VIOLATED)
ANTENNA_727/DIODE                       0.75    0.82   -0.07 (VIOLATED)
ANTENNA_725/DIODE                       0.75    0.82   -0.07 (VIOLATED)
ANTENNA_734/DIODE                       0.75    0.82   -0.07 (VIOLATED)
_26889_/D                               0.75    0.82   -0.07 (VIOLATED)
ANTENNA_726/DIODE                       0.75    0.82   -0.07 (VIOLATED)
ANTENNA_728/DIODE                       0.75    0.82   -0.07 (VIOLATED)
ANTENNA_729/DIODE                       0.75    0.82   -0.07 (VIOLATED)
ANTENNA_730/DIODE                       0.75    0.82   -0.07 (VIOLATED)
ANTENNA_731/DIODE                       0.75    0.82   -0.07 (VIOLATED)
ANTENNA_732/DIODE                       0.75    0.82   -0.07 (VIOLATED)
ANTENNA_724/DIODE                       0.75    0.82   -0.07 (VIOLATED)
ANTENNA_722/DIODE                       0.75    0.82   -0.07 (VIOLATED)
ANTENNA_720/DIODE                       0.75    0.82   -0.07 (VIOLATED)
ANTENNA_718/DIODE                       0.75    0.82   -0.07 (VIOLATED)
ANTENNA_716/DIODE                       0.75    0.82   -0.07 (VIOLATED)
ANTENNA_715/DIODE                       0.75    0.82   -0.07 (VIOLATED)
ANTENNA_717/DIODE                       0.75    0.82   -0.07 (VIOLATED)
ANTENNA_719/DIODE                       0.75    0.82   -0.07 (VIOLATED)
ANTENNA_721/DIODE                       0.75    0.82   -0.07 (VIOLATED)
ANTENNA_723/DIODE                       0.75    0.82   -0.07 (VIOLATED)
_23531_/Y                               0.75    0.82   -0.07 (VIOLATED)
ANTENNA_242/DIODE                       0.75    0.82   -0.07 (VIOLATED)
ANTENNA_243/DIODE                       0.75    0.82   -0.07 (VIOLATED)
ANTENNA_244/DIODE                       0.75    0.82   -0.07 (VIOLATED)
_26794_/D                               0.75    0.82   -0.07 (VIOLATED)
ANTENNA_237/DIODE                       0.75    0.82   -0.07 (VIOLATED)
ANTENNA_238/DIODE                       0.75    0.82   -0.07 (VIOLATED)
ANTENNA_239/DIODE                       0.75    0.82   -0.07 (VIOLATED)
ANTENNA_240/DIODE                       0.75    0.82   -0.07 (VIOLATED)
ANTENNA_241/DIODE                       0.75    0.82   -0.07 (VIOLATED)
ANTENNA_235/DIODE                       0.75    0.82   -0.07 (VIOLATED)
ANTENNA_234/DIODE                       0.75    0.82   -0.07 (VIOLATED)
ANTENNA_232/DIODE                       0.75    0.82   -0.07 (VIOLATED)
ANTENNA_230/DIODE                       0.75    0.82   -0.07 (VIOLATED)
ANTENNA_229/DIODE                       0.75    0.82   -0.07 (VIOLATED)
ANTENNA_231/DIODE                       0.75    0.82   -0.07 (VIOLATED)
ANTENNA_233/DIODE                       0.75    0.82   -0.07 (VIOLATED)
ANTENNA_236/DIODE                       0.75    0.82   -0.07 (VIOLATED)
_25713_/Y                               0.75    0.82   -0.07 (VIOLATED)
_26580_/D                               0.75    0.81   -0.06 (VIOLATED)
ANTENNA_1046/DIODE                      0.75    0.81   -0.06 (VIOLATED)
ANTENNA_1047/DIODE                      0.75    0.81   -0.06 (VIOLATED)
ANTENNA_1048/DIODE                      0.75    0.81   -0.06 (VIOLATED)
ANTENNA_1049/DIODE                      0.75    0.81   -0.06 (VIOLATED)
ANTENNA_1050/DIODE                      0.75    0.81   -0.06 (VIOLATED)
ANTENNA_1051/DIODE                      0.75    0.81   -0.06 (VIOLATED)
ANTENNA_1052/DIODE                      0.75    0.81   -0.06 (VIOLATED)
ANTENNA_1053/DIODE                      0.75    0.81   -0.06 (VIOLATED)
ANTENNA_1054/DIODE                      0.75    0.81   -0.06 (VIOLATED)
ANTENNA_1055/DIODE                      0.75    0.81   -0.06 (VIOLATED)
ANTENNA_581/DIODE                       0.75    0.81   -0.06 (VIOLATED)
ANTENNA_579/DIODE                       0.75    0.81   -0.06 (VIOLATED)
ANTENNA_577/DIODE                       0.75    0.81   -0.06 (VIOLATED)
ANTENNA_575/DIODE                       0.75    0.81   -0.06 (VIOLATED)
ANTENNA_573/DIODE                       0.75    0.81   -0.06 (VIOLATED)
ANTENNA_1044/DIODE                      0.75    0.81   -0.06 (VIOLATED)
ANTENNA_1042/DIODE                      0.75    0.81   -0.06 (VIOLATED)
ANTENNA_1040/DIODE                      0.75    0.81   -0.06 (VIOLATED)
ANTENNA_1036/DIODE                      0.75    0.81   -0.06 (VIOLATED)
ANTENNA_1045/DIODE                      0.75    0.81   -0.06 (VIOLATED)
ANTENNA_1038/DIODE                      0.75    0.81   -0.06 (VIOLATED)
ANTENNA_1043/DIODE                      0.75    0.81   -0.06 (VIOLATED)
ANTENNA_1037/DIODE                      0.75    0.81   -0.06 (VIOLATED)
ANTENNA_1039/DIODE                      0.75    0.81   -0.06 (VIOLATED)
ANTENNA_1041/DIODE                      0.75    0.81   -0.06 (VIOLATED)
_26746_/D                               0.75    0.81   -0.06 (VIOLATED)
_18234_/Y                               0.75    0.81   -0.06 (VIOLATED)
ANTENNA_574/DIODE                       0.75    0.81   -0.06 (VIOLATED)
ANTENNA_576/DIODE                       0.75    0.81   -0.06 (VIOLATED)
ANTENNA_578/DIODE                       0.75    0.81   -0.06 (VIOLATED)
ANTENNA_582/DIODE                       0.75    0.81   -0.06 (VIOLATED)
ANTENNA_580/DIODE                       0.75    0.81   -0.06 (VIOLATED)
ANTENNA_572/DIODE                       0.75    0.80   -0.05 (VIOLATED)
ANTENNA_570/DIODE                       0.75    0.80   -0.05 (VIOLATED)
ANTENNA_568/DIODE                       0.75    0.80   -0.05 (VIOLATED)
ANTENNA_566/DIODE                       0.75    0.80   -0.05 (VIOLATED)
ANTENNA_564/DIODE                       0.75    0.80   -0.05 (VIOLATED)
ANTENNA_563/DIODE                       0.75    0.80   -0.05 (VIOLATED)
ANTENNA_565/DIODE                       0.75    0.80   -0.05 (VIOLATED)
ANTENNA_567/DIODE                       0.75    0.80   -0.05 (VIOLATED)
ANTENNA_571/DIODE                       0.75    0.80   -0.05 (VIOLATED)
ANTENNA_569/DIODE                       0.75    0.80   -0.05 (VIOLATED)
_25222_/Y                               0.75    0.80   -0.05 (VIOLATED)
ANTENNA_197/DIODE                       0.75    0.80   -0.05 (VIOLATED)
ANTENNA_196/DIODE                       0.75    0.80   -0.05 (VIOLATED)
ANTENNA_194/DIODE                       0.75    0.80   -0.05 (VIOLATED)
ANTENNA_195/DIODE                       0.75    0.80   -0.05 (VIOLATED)
ANTENNA_188/DIODE                       0.75    0.80   -0.05 (VIOLATED)
_26780_/D                               0.75    0.80   -0.05 (VIOLATED)
ANTENNA_187/DIODE                       0.75    0.80   -0.05 (VIOLATED)
ANTENNA_189/DIODE                       0.75    0.80   -0.05 (VIOLATED)
ANTENNA_190/DIODE                       0.75    0.80   -0.05 (VIOLATED)
ANTENNA_191/DIODE                       0.75    0.80   -0.05 (VIOLATED)
ANTENNA_192/DIODE                       0.75    0.80   -0.05 (VIOLATED)
ANTENNA_193/DIODE                       0.75    0.80   -0.05 (VIOLATED)
ANTENNA_184/DIODE                       0.75    0.80   -0.05 (VIOLATED)
ANTENNA_183/DIODE                       0.75    0.80   -0.05 (VIOLATED)
ANTENNA_182/DIODE                       0.75    0.80   -0.05 (VIOLATED)
ANTENNA_185/DIODE                       0.75    0.80   -0.05 (VIOLATED)
ANTENNA_186/DIODE                       0.75    0.80   -0.05 (VIOLATED)
ANTENNA_179/DIODE                       0.75    0.80   -0.05 (VIOLATED)
ANTENNA_180/DIODE                       0.75    0.80   -0.05 (VIOLATED)
ANTENNA_181/DIODE                       0.75    0.80   -0.05 (VIOLATED)
ANTENNA_177/DIODE                       0.75    0.80   -0.05 (VIOLATED)
ANTENNA_178/DIODE                       0.75    0.80   -0.05 (VIOLATED)
ANTENNA_176/DIODE                       0.75    0.80   -0.05 (VIOLATED)
_25581_/Y                               0.75    0.80   -0.05 (VIOLATED)
ANTENNA_1281/DIODE                      0.75    0.78   -0.03 (VIOLATED)
ANTENNA_1279/DIODE                      0.75    0.78   -0.03 (VIOLATED)
ANTENNA_1277/DIODE                      0.75    0.78   -0.03 (VIOLATED)
ANTENNA_1276/DIODE                      0.75    0.78   -0.03 (VIOLATED)
ANTENNA_1278/DIODE                      0.75    0.78   -0.03 (VIOLATED)
ANTENNA_1280/DIODE                      0.75    0.78   -0.03 (VIOLATED)
_26619_/D                               0.75    0.78   -0.03 (VIOLATED)
ANTENNA_1275/DIODE                      0.75    0.78   -0.03 (VIOLATED)
ANTENNA_1273/DIODE                      0.75    0.78   -0.03 (VIOLATED)
ANTENNA_1271/DIODE                      0.75    0.78   -0.03 (VIOLATED)
ANTENNA_1270/DIODE                      0.75    0.78   -0.03 (VIOLATED)
ANTENNA_1272/DIODE                      0.75    0.78   -0.03 (VIOLATED)
ANTENNA_1274/DIODE                      0.75    0.78   -0.03 (VIOLATED)
_22458_/Y                               0.75    0.78   -0.03 (VIOLATED)
ANTENNA_767/DIODE                       0.75    0.78   -0.03 (VIOLATED)
ANTENNA_768/DIODE                       0.75    0.78   -0.03 (VIOLATED)
ANTENNA_766/DIODE                       0.75    0.78   -0.03 (VIOLATED)
ANTENNA_765/DIODE                       0.75    0.78   -0.03 (VIOLATED)
ANTENNA_764/DIODE                       0.75    0.78   -0.03 (VIOLATED)
ANTENNA_762/DIODE                       0.75    0.78   -0.03 (VIOLATED)
ANTENNA_760/DIODE                       0.75    0.78   -0.03 (VIOLATED)
ANTENNA_758/DIODE                       0.75    0.78   -0.03 (VIOLATED)
_26895_/D                               0.75    0.78   -0.03 (VIOLATED)
ANTENNA_757/DIODE                       0.75    0.78   -0.03 (VIOLATED)
ANTENNA_759/DIODE                       0.75    0.78   -0.03 (VIOLATED)
ANTENNA_761/DIODE                       0.75    0.78   -0.03 (VIOLATED)
ANTENNA_763/DIODE                       0.75    0.78   -0.03 (VIOLATED)
ANTENNA_756/DIODE                       0.75    0.78   -0.03 (VIOLATED)
_23537_/Y                               0.75    0.78   -0.03 (VIOLATED)
ANTENNA_1075/DIODE                      0.75    0.78   -0.03 (VIOLATED)
ANTENNA_1073/DIODE                      0.75    0.78   -0.03 (VIOLATED)
ANTENNA_1071/DIODE                      0.75    0.78   -0.03 (VIOLATED)
ANTENNA_1069/DIODE                      0.75    0.78   -0.03 (VIOLATED)
ANTENNA_1067/DIODE                      0.75    0.78   -0.03 (VIOLATED)
ANTENNA_1066/DIODE                      0.75    0.78   -0.03 (VIOLATED)
_26581_/D                               0.75    0.78   -0.03 (VIOLATED)
ANTENNA_1068/DIODE                      0.75    0.78   -0.03 (VIOLATED)
ANTENNA_1070/DIODE                      0.75    0.78   -0.03 (VIOLATED)
ANTENNA_1072/DIODE                      0.75    0.78   -0.03 (VIOLATED)
ANTENNA_1074/DIODE                      0.75    0.78   -0.03 (VIOLATED)
ANTENNA_1060/DIODE                      0.75    0.78   -0.03 (VIOLATED)
ANTENNA_1059/DIODE                      0.75    0.78   -0.03 (VIOLATED)
ANTENNA_1058/DIODE                      0.75    0.78   -0.03 (VIOLATED)
ANTENNA_1065/DIODE                      0.75    0.78   -0.03 (VIOLATED)
ANTENNA_1057/DIODE                      0.75    0.78   -0.03 (VIOLATED)
ANTENNA_1064/DIODE                      0.75    0.78   -0.03 (VIOLATED)
ANTENNA_1063/DIODE                      0.75    0.78   -0.03 (VIOLATED)
ANTENNA_1061/DIODE                      0.75    0.78   -0.03 (VIOLATED)
ANTENNA_1062/DIODE                      0.75    0.78   -0.03 (VIOLATED)
ANTENNA_1056/DIODE                      0.75    0.78   -0.03 (VIOLATED)
_18357_/Y                               0.75    0.78   -0.03 (VIOLATED)
wire727/A                               0.75    0.78   -0.03 (VIOLATED)
_19487_/Y                               0.75    0.78   -0.03 (VIOLATED)
ANTENNA_174/DIODE                       0.75    0.77   -0.02 (VIOLATED)
ANTENNA_172/DIODE                       0.75    0.77   -0.02 (VIOLATED)
ANTENNA_170/DIODE                       0.75    0.77   -0.02 (VIOLATED)
ANTENNA_168/DIODE                       0.75    0.77   -0.02 (VIOLATED)
ANTENNA_166/DIODE                       0.75    0.77   -0.02 (VIOLATED)
_26776_/D                               0.75    0.77   -0.02 (VIOLATED)
ANTENNA_167/DIODE                       0.75    0.77   -0.02 (VIOLATED)
ANTENNA_169/DIODE                       0.75    0.77   -0.02 (VIOLATED)
ANTENNA_171/DIODE                       0.75    0.77   -0.02 (VIOLATED)
ANTENNA_173/DIODE                       0.75    0.77   -0.02 (VIOLATED)
ANTENNA_175/DIODE                       0.75    0.77   -0.02 (VIOLATED)
ANTENNA_163/DIODE                       0.75    0.77   -0.02 (VIOLATED)
ANTENNA_164/DIODE                       0.75    0.77   -0.02 (VIOLATED)
ANTENNA_165/DIODE                       0.75    0.77   -0.02 (VIOLATED)
ANTENNA_162/DIODE                       0.75    0.77   -0.02 (VIOLATED)
ANTENNA_161/DIODE                       0.75    0.77   -0.02 (VIOLATED)
ANTENNA_159/DIODE                       0.75    0.77   -0.02 (VIOLATED)
ANTENNA_160/DIODE                       0.75    0.77   -0.02 (VIOLATED)
ANTENNA_158/DIODE                       0.75    0.77   -0.02 (VIOLATED)
ANTENNA_156/DIODE                       0.75    0.77   -0.02 (VIOLATED)
ANTENNA_157/DIODE                       0.75    0.77   -0.02 (VIOLATED)
_25464_/Y                               0.75    0.77   -0.02 (VIOLATED)
ANTENNA_621/DIODE                       0.75    0.77   -0.02 (VIOLATED)
ANTENNA_619/DIODE                       0.75    0.77   -0.02 (VIOLATED)
ANTENNA_617/DIODE                       0.75    0.77   -0.02 (VIOLATED)
_26660_/D                               0.75    0.77   -0.02 (VIOLATED)
ANTENNA_616/DIODE                       0.75    0.77   -0.02 (VIOLATED)
ANTENNA_618/DIODE                       0.75    0.77   -0.02 (VIOLATED)
ANTENNA_620/DIODE                       0.75    0.77   -0.02 (VIOLATED)
ANTENNA_383/DIODE                       0.75    0.77   -0.02 (VIOLATED)
ANTENNA_382/DIODE                       0.75    0.77   -0.02 (VIOLATED)
ANTENNA_380/DIODE                       0.75    0.77   -0.02 (VIOLATED)
ANTENNA_376/DIODE                       0.75    0.77   -0.02 (VIOLATED)
ANTENNA_374/DIODE                       0.75    0.77   -0.02 (VIOLATED)
_26824_/D                               0.75    0.77   -0.02 (VIOLATED)
ANTENNA_377/DIODE                       0.75    0.77   -0.02 (VIOLATED)
ANTENNA_378/DIODE                       0.75    0.77   -0.02 (VIOLATED)
ANTENNA_381/DIODE                       0.75    0.77   -0.02 (VIOLATED)
ANTENNA_379/DIODE                       0.75    0.77   -0.02 (VIOLATED)
ANTENNA_375/DIODE                       0.75    0.77   -0.02 (VIOLATED)
_24146_/Y                               0.75    0.77   -0.02 (VIOLATED)
ANTENNA_1327/DIODE                      0.75    0.77   -0.02 (VIOLATED)
ANTENNA_1325/DIODE                      0.75    0.77   -0.02 (VIOLATED)
_26631_/D                               0.75    0.77   -0.02 (VIOLATED)
ANTENNA_1324/DIODE                      0.75    0.77   -0.02 (VIOLATED)
ANTENNA_1326/DIODE                      0.75    0.77   -0.02 (VIOLATED)
ANTENNA_1322/DIODE                      0.75    0.77   -0.02 (VIOLATED)
ANTENNA_1320/DIODE                      0.75    0.77   -0.02 (VIOLATED)
ANTENNA_1321/DIODE                      0.75    0.77   -0.02 (VIOLATED)
ANTENNA_1323/DIODE                      0.75    0.77   -0.02 (VIOLATED)
_22474_/Y                               0.75    0.77   -0.02 (VIOLATED)
ANTENNA_368/DIODE                       0.75    0.76   -0.01 (VIOLATED)
ANTENNA_367/DIODE                       0.75    0.76   -0.01 (VIOLATED)
ANTENNA_370/DIODE                       0.75    0.76   -0.01 (VIOLATED)
ANTENNA_364/DIODE                       0.75    0.76   -0.01 (VIOLATED)
ANTENNA_366/DIODE                       0.75    0.76   -0.01 (VIOLATED)
ANTENNA_372/DIODE                       0.75    0.76   -0.01 (VIOLATED)
ANTENNA_365/DIODE                       0.75    0.76   -0.01 (VIOLATED)
ANTENNA_373/DIODE                       0.75    0.76   -0.01 (VIOLATED)
ANTENNA_371/DIODE                       0.75    0.76   -0.01 (VIOLATED)
ANTENNA_369/DIODE                       0.75    0.76   -0.01 (VIOLATED)
_25803_/Y                               0.75    0.76   -0.01 (VIOLATED)
_26693_/D                               0.75    0.76   -0.01 (VIOLATED)
ANTENNA_446/DIODE                       0.75    0.76   -0.01 (VIOLATED)
ANTENNA_445/DIODE                       0.75    0.76   -0.01 (VIOLATED)
_24879_/Y                               0.75    0.76   -0.01 (VIOLATED)
ANTENNA_216/DIODE                       0.75    0.76   -0.01 (VIOLATED)
_26788_/D                               0.75    0.76   -0.01 (VIOLATED)
ANTENNA_225/DIODE                       0.75    0.76   -0.01 (VIOLATED)
ANTENNA_223/DIODE                       0.75    0.76   -0.01 (VIOLATED)
ANTENNA_220/DIODE                       0.75    0.76   -0.01 (VIOLATED)
ANTENNA_218/DIODE                       0.75    0.76   -0.01 (VIOLATED)
ANTENNA_224/DIODE                       0.75    0.76   -0.01 (VIOLATED)
ANTENNA_219/DIODE                       0.75    0.76   -0.01 (VIOLATED)
ANTENNA_217/DIODE                       0.75    0.76   -0.01 (VIOLATED)
ANTENNA_222/DIODE                       0.75    0.76   -0.01 (VIOLATED)
ANTENNA_221/DIODE                       0.75    0.76   -0.01 (VIOLATED)
ANTENNA_226/DIODE                       0.75    0.76   -0.01 (VIOLATED)
_25671_/X                               0.75    0.76   -0.01 (VIOLATED)
_26579_/D                               0.75    0.75   -0.00 (VIOLATED)
ANTENNA_1025/DIODE                      0.75    0.75   -0.00 (VIOLATED)
ANTENNA_1026/DIODE                      0.75    0.75   -0.00 (VIOLATED)
ANTENNA_1034/DIODE                      0.75    0.75   -0.00 (VIOLATED)
ANTENNA_1035/DIODE                      0.75    0.75   -0.00 (VIOLATED)
ANTENNA_1032/DIODE                      0.75    0.75   -0.00 (VIOLATED)
ANTENNA_1033/DIODE                      0.75    0.75   -0.00 (VIOLATED)
ANTENNA_1027/DIODE                      0.75    0.75   -0.00 (VIOLATED)
ANTENNA_1028/DIODE                      0.75    0.75   -0.00 (VIOLATED)
ANTENNA_1029/DIODE                      0.75    0.75   -0.00 (VIOLATED)
ANTENNA_1030/DIODE                      0.75    0.75   -0.00 (VIOLATED)
ANTENNA_1031/DIODE                      0.75    0.75   -0.00 (VIOLATED)
_18120_/Y                               0.75    0.75   -0.00 (VIOLATED)
_26771_/D                               0.75    0.75   -0.00 (VIOLATED)
ANTENNA_154/DIODE                       0.75    0.75   -0.00 (VIOLATED)
ANTENNA_155/DIODE                       0.75    0.75   -0.00 (VIOLATED)
ANTENNA_433/DIODE                       0.75    0.75   -0.00 (VIOLATED)
ANTENNA_431/DIODE                       0.75    0.75   -0.00 (VIOLATED)
ANTENNA_429/DIODE                       0.75    0.75   -0.00 (VIOLATED)
_26687_/D                               0.75    0.75   -0.00 (VIOLATED)
ANTENNA_430/DIODE                       0.75    0.75   -0.00 (VIOLATED)
ANTENNA_432/DIODE                       0.75    0.75   -0.00 (VIOLATED)
ANTENNA_435/DIODE                       0.75    0.75   -0.00 (VIOLATED)
ANTENNA_434/DIODE                       0.75    0.75   -0.00 (VIOLATED)

max fanout

Pin                                   Limit Fanout  Slack
---------------------------------------------------------
_22581_/X                                10     34    -24 (VIOLATED)
wire703/X                                10     28    -18 (VIOLATED)
wire712/X                                10     26    -16 (VIOLATED)
_22113_/X                                10     25    -15 (VIOLATED)
_23540_/Y                                10     25    -15 (VIOLATED)
_25166_/Y                                10     24    -14 (VIOLATED)
input39/X                                10     24    -14 (VIOLATED)
_13836_/Y                                10     23    -13 (VIOLATED)
_17126_/X                                10     23    -13 (VIOLATED)
_22463_/Y                                10     23    -13 (VIOLATED)
_22544_/X                                10     23    -13 (VIOLATED)
_22547_/X                                10     23    -13 (VIOLATED)
_22631_/X                                10     23    -13 (VIOLATED)
_22650_/X                                10     23    -13 (VIOLATED)
_22659_/X                                10     23    -13 (VIOLATED)
_25007_/Y                                10     23    -13 (VIOLATED)
_25175_/Y                                10     23    -13 (VIOLATED)
_25581_/Y                                10     23    -13 (VIOLATED)
_25769_/Y                                10     23    -13 (VIOLATED)
input153/X                               10     23    -13 (VIOLATED)
input171/X                               10     23    -13 (VIOLATED)
input63/X                                10     23    -13 (VIOLATED)
_25046_/Y                                10     22    -12 (VIOLATED)
input13/X                                10     22    -12 (VIOLATED)
input184/X                               10     22    -12 (VIOLATED)
wire708/X                                10     22    -12 (VIOLATED)
wire722/X                                10     22    -12 (VIOLATED)
_18234_/Y                                10     21    -11 (VIOLATED)
_18357_/Y                                10     21    -11 (VIOLATED)
_22532_/X                                10     21    -11 (VIOLATED)
_23531_/Y                                10     21    -11 (VIOLATED)
_25154_/Y                                10     21    -11 (VIOLATED)
_25222_/Y                                10     21    -11 (VIOLATED)
_25464_/Y                                10     21    -11 (VIOLATED)
_25765_/Y                                10     21    -11 (VIOLATED)
_25773_/Y                                10     21    -11 (VIOLATED)
_25797_/Y                                10     21    -11 (VIOLATED)
_25803_/Y                                10     21    -11 (VIOLATED)
_25811_/Y                                10     21    -11 (VIOLATED)
_25818_/X                                10     21    -11 (VIOLATED)
input130/X                               10     21    -11 (VIOLATED)
_22667_/X                                10     20    -10 (VIOLATED)
_24144_/X                                10     20    -10 (VIOLATED)
input7/X                                 10     20    -10 (VIOLATED)
wire707/X                                10     20    -10 (VIOLATED)
wire713/X                                10     20    -10 (VIOLATED)
_15458_/Y                                10     19     -9 (VIOLATED)
_22677_/X                                10     19     -9 (VIOLATED)
_24804_/Y                                10     19     -9 (VIOLATED)
_23600_/X                                10     18     -8 (VIOLATED)
_26635_/Q                                10     18     -8 (VIOLATED)
_22565_/X                                10     17     -7 (VIOLATED)
_22579_/X                                10     17     -7 (VIOLATED)
_22589_/X                                10     17     -7 (VIOLATED)
_22658_/X                                10     17     -7 (VIOLATED)
_22668_/X                                10     17     -7 (VIOLATED)
_23601_/X                                10     17     -7 (VIOLATED)
_25713_/Y                                10     17     -7 (VIOLATED)
_25759_/Y                                10     17     -7 (VIOLATED)
input141/X                               10     17     -7 (VIOLATED)
input61/X                                10     17     -7 (VIOLATED)
_22506_/X                                10     16     -6 (VIOLATED)
clkbuf_leaf_137_clk/X                    10     16     -6 (VIOLATED)
input6/X                                 10     16     -6 (VIOLATED)
wire705/X                                10     16     -6 (VIOLATED)
wire715/X                                10     16     -6 (VIOLATED)
_14917_/Y                                10     15     -5 (VIOLATED)
_19772_/Y                                10     15     -5 (VIOLATED)
_21306_/Y                                10     15     -5 (VIOLATED)
_21510_/X                                10     15     -5 (VIOLATED)
_21738_/X                                10     15     -5 (VIOLATED)
_22024_/X                                10     15     -5 (VIOLATED)
_22465_/X                                10     15     -5 (VIOLATED)
_22523_/X                                10     15     -5 (VIOLATED)
_22539_/X                                10     15     -5 (VIOLATED)
_22559_/X                                10     15     -5 (VIOLATED)
_22572_/X                                10     15     -5 (VIOLATED)
_22601_/X                                10     15     -5 (VIOLATED)
_22622_/X                                10     15     -5 (VIOLATED)
_22656_/X                                10     15     -5 (VIOLATED)
_22661_/X                                10     15     -5 (VIOLATED)
_23436_/Y                                10     15     -5 (VIOLATED)
_23844_/X                                10     15     -5 (VIOLATED)
_23995_/Y                                10     15     -5 (VIOLATED)
_23996_/Y                                10     15     -5 (VIOLATED)
_23997_/Y                                10     15     -5 (VIOLATED)
_24789_/Y                                10     15     -5 (VIOLATED)
_25064_/Y                                10     15     -5 (VIOLATED)
_25662_/Y                                10     15     -5 (VIOLATED)
_26640_/Q                                10     15     -5 (VIOLATED)
_26836_/Q                                10     15     -5 (VIOLATED)
clkbuf_4_9__f_clk/X                      10     15     -5 (VIOLATED)
clkbuf_leaf_60_clk/X                     10     15     -5 (VIOLATED)
clkbuf_leaf_62_clk/X                     10     15     -5 (VIOLATED)
input134/X                               10     15     -5 (VIOLATED)
input142/X                               10     15     -5 (VIOLATED)
input150/X                               10     15     -5 (VIOLATED)
input194/X                               10     15     -5 (VIOLATED)
input35/X                                10     15     -5 (VIOLATED)
input67/X                                10     15     -5 (VIOLATED)
_17998_/Y                                10     14     -4 (VIOLATED)
_19906_/Y                                10     14     -4 (VIOLATED)
_22513_/X                                10     14     -4 (VIOLATED)
_23537_/Y                                10     14     -4 (VIOLATED)
input131/X                               10     14     -4 (VIOLATED)
input177/X                               10     14     -4 (VIOLATED)
input3/X                                 10     14     -4 (VIOLATED)
wire706/X                                10     14     -4 (VIOLATED)
wire716/X                                10     14     -4 (VIOLATED)
_15774_/X                                10     13     -3 (VIOLATED)
_20737_/Y                                10     13     -3 (VIOLATED)
_20995_/Y                                10     13     -3 (VIOLATED)
_21386_/Y                                10     13     -3 (VIOLATED)
_22458_/Y                                10     13     -3 (VIOLATED)
_22480_/X                                10     13     -3 (VIOLATED)
_22485_/X                                10     13     -3 (VIOLATED)
_22493_/X                                10     13     -3 (VIOLATED)
_22562_/X                                10     13     -3 (VIOLATED)
_22617_/X                                10     13     -3 (VIOLATED)
_22665_/X                                10     13     -3 (VIOLATED)
_22676_/X                                10     13     -3 (VIOLATED)
_23429_/Y                                10     13     -3 (VIOLATED)
_24141_/X                                10     13     -3 (VIOLATED)
_24152_/Y                                10     13     -3 (VIOLATED)
_26835_/Q                                10     13     -3 (VIOLATED)
clkbuf_leaf_104_clk/X                    10     13     -3 (VIOLATED)
clkbuf_leaf_37_clk/X                     10     13     -3 (VIOLATED)
input147/X                               10     13     -3 (VIOLATED)
input149/X                               10     13     -3 (VIOLATED)
input151/X                               10     13     -3 (VIOLATED)
input167/X                               10     13     -3 (VIOLATED)
input168/X                               10     13     -3 (VIOLATED)
input174/X                               10     13     -3 (VIOLATED)
input182/X                               10     13     -3 (VIOLATED)
input30/X                                10     13     -3 (VIOLATED)
input68/X                                10     13     -3 (VIOLATED)
wire710/X                                10     13     -3 (VIOLATED)
_17790_/X                                10     12     -2 (VIOLATED)
_18120_/Y                                10     12     -2 (VIOLATED)
_22487_/X                                10     12     -2 (VIOLATED)
_22537_/X                                10     12     -2 (VIOLATED)
_23525_/Y                                10     12     -2 (VIOLATED)
_23535_/Y                                10     12     -2 (VIOLATED)
_25187_/Y                                10     12     -2 (VIOLATED)
_25671_/X                                10     12     -2 (VIOLATED)
_25775_/X                                10     12     -2 (VIOLATED)
_25829_/X                                10     12     -2 (VIOLATED)
_26691_/Q                                10     12     -2 (VIOLATED)
_26840_/Q                                10     12     -2 (VIOLATED)
clkbuf_4_15__f_clk/X                     10     12     -2 (VIOLATED)
clkbuf_leaf_115_clk/X                    10     12     -2 (VIOLATED)
clkbuf_leaf_2_clk/X                      10     12     -2 (VIOLATED)
clkbuf_leaf_57_clk/X                     10     12     -2 (VIOLATED)
clkbuf_leaf_85_clk/X                     10     12     -2 (VIOLATED)
input44/X                                10     12     -2 (VIOLATED)
wire704/X                                10     12     -2 (VIOLATED)
wire718/X                                10     12     -2 (VIOLATED)
_14383_/Y                                10     11        (VIOLATED)
_15120_/X                                10     11        (VIOLATED)
_20323_/Y                                10     11        (VIOLATED)
_21114_/Y                                10     11        (VIOLATED)
_22479_/X                                10     11        (VIOLATED)
_22482_/X                                10     11        (VIOLATED)
_22490_/X                                10     11        (VIOLATED)
_22495_/X                                10     11        (VIOLATED)
_22635_/X                                10     11        (VIOLATED)
_22647_/X                                10     11        (VIOLATED)
_22652_/X                                10     11        (VIOLATED)
_22655_/X                                10     11        (VIOLATED)
_23434_/Y                                10     11        (VIOLATED)
_23536_/Y                                10     11        (VIOLATED)
_23550_/Y                                10     11        (VIOLATED)
_23598_/Y                                10     11        (VIOLATED)
_23866_/X                                10     11        (VIOLATED)
_25191_/Y                                10     11        (VIOLATED)
_26842_/Q                                10     11        (VIOLATED)
_27124_/Q                                10     11        (VIOLATED)
clkbuf_4_6__f_clk/X                      10     11        (VIOLATED)
clkbuf_4_7__f_clk/X                      10     11        (VIOLATED)
clkbuf_leaf_123_clk/X                    10     11        (VIOLATED)
clkbuf_leaf_132_clk/X                    10     11        (VIOLATED)
input126/X                               10     11        (VIOLATED)
input129/X                               10     11        (VIOLATED)
input133/X                               10     11        (VIOLATED)
input158/X                               10     11        (VIOLATED)
input170/X                               10     11        (VIOLATED)
input173/X                               10     11        (VIOLATED)
input25/X                                10     11        (VIOLATED)



===========================================================================
report_parasitic_annotation -report_unannotated
============================================================================
Found 49 unannotated drivers.
 Stage1_Module_861/HI
 Stage1_Module_862/HI
 Stage1_Module_863/HI
 Stage1_Module_864/HI
 Stage1_Module_865/HI
 Stage1_Module_866/HI
 Stage1_Module_867/HI
 Stage1_Module_868/HI
 Stage1_Module_869/HI
 Stage1_Module_870/HI
 Stage1_Module_871/HI
 Stage1_Module_872/HI
 Stage1_Module_873/HI
 Stage1_Module_874/HI
 Stage1_Module_875/HI
 Stage1_Module_876/HI
 Stage1_Module_877/HI
 Stage1_Module_878/HI
 Stage1_Module_879/HI
 Stage1_Module_880/HI
 Stage1_Module_881/HI
 Stage1_Module_882/HI
 Stage1_Module_883/HI
 Stage1_Module_884/HI
 Stage1_Module_885/HI
 Stage1_Module_886/HI
 Stage1_Module_887/HI
 Stage1_Module_888/HI
 _26646__894/HI
 _26647__893/HI
 _26648__892/HI
 _26649__891/HI
 _26664__890/HI
 _26665__889/HI
 _26866__900/HI
 _26867__899/HI
 _26868__898/HI
 _26869__897/HI
 _26870__896/HI
 _26871__895/HI
 _26884__903/HI
 _26885__902/HI
 _26886__901/HI
 _26899__906/HI
 _26900__905/HI
 _26901__904/HI
 _26914__909/HI
 _26915__908/HI
 _26916__907/HI
Found 0 partially unannotated drivers.

===========================================================================
max slew violation count 582
max fanout violation count 188
max cap violation count 0
============================================================================

===========================================================================
check_setup -verbose -unconstrained_endpoints -multiple_clock -no_clock -no_input_delay -loops -generated_clocks
===========================================================================
Warning: There are 49 unconstrained endpoints.
  partial_products_carry[0]
  partial_products_carry[100]
  partial_products_carry[101]
  partial_products_carry[102]
  partial_products_carry[103]
  partial_products_carry[104]
  partial_products_carry[105]
  partial_products_carry[106]
  partial_products_carry[107]
  partial_products_carry[108]
  partial_products_carry[109]
  partial_products_carry[10]
  partial_products_carry[110]
  partial_products_carry[111]
  partial_products_carry[11]
  partial_products_carry[12]
  partial_products_carry[13]
  partial_products_carry[14]
  partial_products_carry[15]
  partial_products_carry[1]
  partial_products_carry[2]
  partial_products_carry[3]
  partial_products_carry[4]
  partial_products_carry[5]
  partial_products_carry[6]
  partial_products_carry[7]
  partial_products_carry[8]
  partial_products_carry[9]
  _26646_/D
  _26647_/D
  _26648_/D
  _26649_/D
  _26664_/D
  _26665_/D
  _26866_/D
  _26867_/D
  _26868_/D
  _26869_/D
  _26870_/D
  _26871_/D
  _26884_/D
  _26885_/D
  _26886_/D
  _26899_/D
  _26900_/D
  _26901_/D
  _26914_/D
  _26915_/D
  _26916_/D
